Archive member included to satisfy reference by file (symbol)

C:/Users/sijan/STM32CubeIDE_2.1.1/STM32CubeIDE/plugins/com.st.stm32cube.ide.mcu.externaltools.gnu-tools-for-stm32.14.3.rel1.win32_1.0.100.202602081740/tools/bin/../lib/gcc/arm-none-eabi/14.3.1/../../../../arm-none-eabi/lib/thumb/v6-m/nofp\libc_nano.a(libc_a-exit.o)
                              C:/Users/sijan/STM32CubeIDE_2.1.1/STM32CubeIDE/plugins/com.st.stm32cube.ide.mcu.externaltools.gnu-tools-for-stm32.14.3.rel1.win32_1.0.100.202602081740/tools/bin/../lib/gcc/arm-none-eabi/14.3.1/../../../../arm-none-eabi/lib/thumb/v6-m/nofp/crt0.o (exit)
C:/Users/sijan/STM32CubeIDE_2.1.1/STM32CubeIDE/plugins/com.st.stm32cube.ide.mcu.externaltools.gnu-tools-for-stm32.14.3.rel1.win32_1.0.100.202602081740/tools/bin/../lib/gcc/arm-none-eabi/14.3.1/../../../../arm-none-eabi/lib/thumb/v6-m/nofp\libc_nano.a(libc_a-findfp.o)
                              C:/Users/sijan/STM32CubeIDE_2.1.1/STM32CubeIDE/plugins/com.st.stm32cube.ide.mcu.externaltools.gnu-tools-for-stm32.14.3.rel1.win32_1.0.100.202602081740/tools/bin/../lib/gcc/arm-none-eabi/14.3.1/../../../../arm-none-eabi/lib/thumb/v6-m/nofp\libc_nano.a(libc_a-exit.o) (__stdio_exit_handler)
C:/Users/sijan/STM32CubeIDE_2.1.1/STM32CubeIDE/plugins/com.st.stm32cube.ide.mcu.externaltools.gnu-tools-for-stm32.14.3.rel1.win32_1.0.100.202602081740/tools/bin/../lib/gcc/arm-none-eabi/14.3.1/../../../../arm-none-eabi/lib/thumb/v6-m/nofp\libc_nano.a(libc_a-fwalk.o)
                              C:/Users/sijan/STM32CubeIDE_2.1.1/STM32CubeIDE/plugins/com.st.stm32cube.ide.mcu.externaltools.gnu-tools-for-stm32.14.3.rel1.win32_1.0.100.202602081740/tools/bin/../lib/gcc/arm-none-eabi/14.3.1/../../../../arm-none-eabi/lib/thumb/v6-m/nofp\libc_nano.a(libc_a-findfp.o) (_fwalk_sglue)
C:/Users/sijan/STM32CubeIDE_2.1.1/STM32CubeIDE/plugins/com.st.stm32cube.ide.mcu.externaltools.gnu-tools-for-stm32.14.3.rel1.win32_1.0.100.202602081740/tools/bin/../lib/gcc/arm-none-eabi/14.3.1/../../../../arm-none-eabi/lib/thumb/v6-m/nofp\libc_nano.a(libc_a-stdio.o)
                              C:/Users/sijan/STM32CubeIDE_2.1.1/STM32CubeIDE/plugins/com.st.stm32cube.ide.mcu.externaltools.gnu-tools-for-stm32.14.3.rel1.win32_1.0.100.202602081740/tools/bin/../lib/gcc/arm-none-eabi/14.3.1/../../../../arm-none-eabi/lib/thumb/v6-m/nofp\libc_nano.a(libc_a-findfp.o) (__sread)
C:/Users/sijan/STM32CubeIDE_2.1.1/STM32CubeIDE/plugins/com.st.stm32cube.ide.mcu.externaltools.gnu-tools-for-stm32.14.3.rel1.win32_1.0.100.202602081740/tools/bin/../lib/gcc/arm-none-eabi/14.3.1/../../../../arm-none-eabi/lib/thumb/v6-m/nofp\libc_nano.a(libc_a-memset.o)
                              C:/Users/sijan/STM32CubeIDE_2.1.1/STM32CubeIDE/plugins/com.st.stm32cube.ide.mcu.externaltools.gnu-tools-for-stm32.14.3.rel1.win32_1.0.100.202602081740/tools/bin/../lib/gcc/arm-none-eabi/14.3.1/../../../../arm-none-eabi/lib/thumb/v6-m/nofp/crt0.o (memset)
C:/Users/sijan/STM32CubeIDE_2.1.1/STM32CubeIDE/plugins/com.st.stm32cube.ide.mcu.externaltools.gnu-tools-for-stm32.14.3.rel1.win32_1.0.100.202602081740/tools/bin/../lib/gcc/arm-none-eabi/14.3.1/../../../../arm-none-eabi/lib/thumb/v6-m/nofp\libc_nano.a(libc_a-closer.o)
                              C:/Users/sijan/STM32CubeIDE_2.1.1/STM32CubeIDE/plugins/com.st.stm32cube.ide.mcu.externaltools.gnu-tools-for-stm32.14.3.rel1.win32_1.0.100.202602081740/tools/bin/../lib/gcc/arm-none-eabi/14.3.1/../../../../arm-none-eabi/lib/thumb/v6-m/nofp\libc_nano.a(libc_a-stdio.o) (_close_r)
C:/Users/sijan/STM32CubeIDE_2.1.1/STM32CubeIDE/plugins/com.st.stm32cube.ide.mcu.externaltools.gnu-tools-for-stm32.14.3.rel1.win32_1.0.100.202602081740/tools/bin/../lib/gcc/arm-none-eabi/14.3.1/../../../../arm-none-eabi/lib/thumb/v6-m/nofp\libc_nano.a(libc_a-reent.o)
                              C:/Users/sijan/STM32CubeIDE_2.1.1/STM32CubeIDE/plugins/com.st.stm32cube.ide.mcu.externaltools.gnu-tools-for-stm32.14.3.rel1.win32_1.0.100.202602081740/tools/bin/../lib/gcc/arm-none-eabi/14.3.1/../../../../arm-none-eabi/lib/thumb/v6-m/nofp\libc_nano.a(libc_a-closer.o) (errno)
C:/Users/sijan/STM32CubeIDE_2.1.1/STM32CubeIDE/plugins/com.st.stm32cube.ide.mcu.externaltools.gnu-tools-for-stm32.14.3.rel1.win32_1.0.100.202602081740/tools/bin/../lib/gcc/arm-none-eabi/14.3.1/../../../../arm-none-eabi/lib/thumb/v6-m/nofp\libc_nano.a(libc_a-impure.o)
                              C:/Users/sijan/STM32CubeIDE_2.1.1/STM32CubeIDE/plugins/com.st.stm32cube.ide.mcu.externaltools.gnu-tools-for-stm32.14.3.rel1.win32_1.0.100.202602081740/tools/bin/../lib/gcc/arm-none-eabi/14.3.1/../../../../arm-none-eabi/lib/thumb/v6-m/nofp\libc_nano.a(libc_a-reent.o) (_impure_ptr)
C:/Users/sijan/STM32CubeIDE_2.1.1/STM32CubeIDE/plugins/com.st.stm32cube.ide.mcu.externaltools.gnu-tools-for-stm32.14.3.rel1.win32_1.0.100.202602081740/tools/bin/../lib/gcc/arm-none-eabi/14.3.1/../../../../arm-none-eabi/lib/thumb/v6-m/nofp\libc_nano.a(libc_a-lseekr.o)
[...]
Memory Configuration

Name             Origin             Length             Attributes
RAM              0x20000000         0x00003000         xrw
FLASH            0x08000000         0x00008000         xr
*default*        0x00000000         0xffffffff

Linker script and memory map

LOAD C:/Users/sijan/STM32CubeIDE_2.1.1/STM32CubeIDE/plugins/com.st.stm32cube.ide.mcu.externaltools.gnu-tools-for-stm32.14.3.rel1.win32_1.0.100.202602081740/tools/bin/../lib/gcc/arm-none-eabi/14.3.1/thumb/v6-m/nofp/crti.o
LOAD C:/Users/sijan/STM32CubeIDE_2.1.1/STM32CubeIDE/plugins/com.st.stm32cube.ide.mcu.externaltools.gnu-tools-for-stm32.14.3.rel1.win32_1.0.100.202602081740/tools/bin/../lib/gcc/arm-none-eabi/14.3.1/thumb/v6-m/nofp/crtbegin.o
LOAD C:/Users/sijan/STM32CubeIDE_2.1.1/STM32CubeIDE/plugins/com.st.stm32cube.ide.mcu.externaltools.gnu-tools-for-stm32.14.3.rel1.win32_1.0.100.202602081740/tools/bin/../lib/gcc/arm-none-eabi/14.3.1/../../../../arm-none-eabi/lib/thumb/v6-m/nofp/crt0.o
LOAD ./Core/Src/argb.o
LOAD ./Core/Src/fan.o
LOAD ./Core/Src/main.o
LOAD ./Core/Src/protocol.o
LOAD ./Core/Src/servo.o
LOAD ./Core/Src/servo_joint.o
LOAD ./Core/Src/stm32c0xx_hal_msp.o
LOAD ./Core/Src/stm32c0xx_it.o
LOAD ./Core/Src/syscalls.o
LOAD ./Core/Src/sysmem.o
LOAD ./Core/Src/system_stm32c0xx.o
LOAD ./Core/Startup/startup_stm32c031c6tx.o
LOAD ./Drivers/STM32C0xx_HAL_Driver/Src/stm32c0xx_hal.o
LOAD ./Drivers/STM32C0xx_HAL_Driver/Src/stm32c0xx_hal_cortex.o
LOAD ./Drivers/STM32C0xx_HAL_Driver/Src/stm32c0xx_hal_dma.o
LOAD ./Drivers/STM32C0xx_HAL_Driver/Src/stm32c0xx_hal_dma_ex.o
LOAD ./Drivers/STM32C0xx_HAL_Driver/Src/stm32c0xx_hal_exti.o
LOAD ./Drivers/STM32C0xx_HAL_Driver/Src/stm32c0xx_hal_flash.o
LOAD ./Drivers/STM32C0xx_HAL_Driver/Src/stm32c0xx_hal_flash_ex.o
LOAD ./Drivers/STM32C0xx_HAL_Driver/Src/stm32c0xx_hal_gpio.o
LOAD ./Drivers/STM32C0xx_HAL_Driver/Src/stm32c0xx_hal_pwr.o
LOAD ./Drivers/STM32C0xx_HAL_Driver/Src/stm32c0xx_hal_pwr_ex.o
LOAD ./Drivers/STM32C0xx_HAL_Driver/Src/stm32c0xx_hal_rcc.o
LOAD ./Drivers/STM32C0xx_HAL_Driver/Src/stm32c0xx_hal_rcc_ex.o
LOAD ./Drivers/STM32C0xx_HAL_Driver/Src/stm32c0xx_hal_tim.o
LOAD ./Drivers/STM32C0xx_HAL_Driver/Src/stm32c0xx_hal_tim_ex.o
LOAD ./Drivers/STM32C0xx_HAL_Driver/Src/stm32c0xx_hal_uart.o
LOAD ./Drivers/STM32C0xx_HAL_Driver/Src/stm32c0xx_hal_uart_ex.o
START GROUP
LOAD C:/Users/sijan/STM32CubeIDE_2.1.1/STM32CubeIDE/plugins/com.st.stm32cube.ide.mcu.externaltools.gnu-tools-for-stm32.14.3.rel1.win32_1.0.100.202602081740/tools/bin/../lib/gcc/arm-none-eabi/14.3.1/../../../../arm-none-eabi/lib/thumb/v6-m/nofp\libc_nano.a
LOAD C:/Users/sijan/STM32CubeIDE_2.1.1/STM32CubeIDE/plugins/com.st.stm32cube.ide.mcu.externaltools.gnu-tools-for-stm32.14.3.rel1.win32_1.0.100.202602081740/tools/bin/../lib/gcc/arm-none-eabi/14.3.1/../../../../arm-none-eabi/lib/thumb/v6-m/nofp\libm.a
END GROUP
START GROUP
LOAD C:/Users/sijan/STM32CubeIDE_2.1.1/STM32CubeIDE/plugins/com.st.stm32cube.ide.mcu.externaltools.gnu-tools-for-stm32.14.3.rel1.win32_1.0.100.202602081740/tools/bin/../lib/gcc/arm-none-eabi/14.3.1/thumb/v6-m/nofp\libgcc.a
LOAD C:/Users/sijan/STM32CubeIDE_2.1.1/STM32CubeIDE/plugins/com.st.stm32cube.ide.mcu.externaltools.gnu-tools-for-stm32.14.3.rel1.win32_1.0.100.202602081740/tools/bin/../lib/gcc/arm-none-eabi/14.3.1/../../../../arm-none-eabi/lib/thumb/v6-m/nofp\libc_nano.a
END GROUP
START GROUP
LOAD C:/Users/sijan/STM32CubeIDE_2.1.1/STM32CubeIDE/plugins/com.st.stm32cube.ide.mcu.externaltools.gnu-tools-for-stm32.14.3.rel1.win32_1.0.100.202602081740/tools/bin/../lib/gcc/arm-none-eabi/14.3.1/thumb/v6-m/nofp\libgcc.a
LOAD C:/Users/sijan/STM32CubeIDE_2.1.1/STM32CubeIDE/plugins/com.st.stm32cube.ide.mcu.externaltools.gnu-tools-for-stm32.14.3.rel1.win32_1.0.100.202602081740/tools/bin/../lib/gcc/arm-none-eabi/14.3.1/../../../../arm-none-eabi/lib/thumb/v6-m/nofp\libc_nano.a
LOAD C:/Users/sijan/STM32CubeIDE_2.1.1/STM32CubeIDE/plugins/com.st.stm32cube.ide.mcu.externaltools.gnu-tools-for-stm32.14.3.rel1.win32_1.0.100.202602081740/tools/bin/../lib/gcc/arm-none-eabi/14.3.1/../../../../arm-none-eabi/lib/thumb/v6-m/nofp\libnosys.a
END GROUP
START GROUP
LOAD C:/Users/sijan/STM32CubeIDE_2.1.1/STM32CubeIDE/plugins/com.st.stm32cube.ide.mcu.externaltools.gnu-tools-for-stm32.14.3.rel1.win32_1.0.100.202602081740/tools/bin/../lib/gcc/arm-none-eabi/14.3.1/thumb/v6-m/nofp\libgcc.a
LOAD C:/Users/sijan/STM32CubeIDE_2.1.1/STM32CubeIDE/plugins/com.st.stm32cube.ide.mcu.externaltools.gnu-tools-for-stm32.14.3.rel1.win32_1.0.100.202602081740/tools/bin/../lib/gcc/arm-none-eabi/14.3.1/../../../../arm-none-eabi/lib/thumb/v6-m/nofp\libc_nano.a
LOAD C:/Users/sijan/STM32CubeIDE_2.1.1/STM32CubeIDE/plugins/com.st.stm32cube.ide.mcu.externaltools.gnu-tools-for-stm32.14.3.rel1.win32_1.0.100.202602081740/tools/bin/../lib/gcc/arm-none-eabi/14.3.1/../../../../arm-none-eabi/lib/thumb/v6-m/nofp\libnosys.a
END GROUP
LOAD C:/Users/sijan/STM32CubeIDE_2.1.1/STM32CubeIDE/plugins/com.st.stm32cube.ide.mcu.externaltools.gnu-tools-for-stm32.14.3.rel1.win32_1.0.100.202602081740/tools/bin/../lib/gcc/arm-none-eabi/14.3.1/thumb/v6-m/nofp/crtend.o
LOAD C:/Users/sijan/STM32CubeIDE_2.1.1/STM32CubeIDE/plugins/com.st.stm32cube.ide.mcu.externaltools.gnu-tools-for-stm32.14.3.rel1.win32_1.0.100.202602081740/tools/bin/../lib/gcc/arm-none-eabi/14.3.1/thumb/v6-m/nofp/crtn.o
                0x20003000                        _estack = (ORIGIN (RAM) + LENGTH (RAM))
                0x00000200                        _Min_Heap_Size = 0x200
                0x00000400                        _Min_Stack_Size = 0x400

.isr_vector     0x08000000       0xc0
                0x08000000                        . = ALIGN (0x4)
 *(.isr_vector)
 .isr_vector    0x08000000       0xc0 ./Core/Startup/startup_stm32c031c6tx.o
                0x08000000                g_pfnVectors
                0x080000c0                        . = ALIGN (0x4)

.text           0x080000c0     0x6a80
                0x080000c0                        . = ALIGN (0x4)
 *(.text)
 .text          0x080000c0       0x48 C:/Users/sijan/STM32CubeIDE_2.1.1/STM32CubeIDE/plugins/com.st.stm32cube.ide.mcu.externaltools.gnu-tools-for-stm32.14.3.rel1.win32_1.0.100.202602081740/tools/bin/../lib/gcc/arm-none-eabi/14.3.1/thumb/v6-m/nofp/crtbegin.o
 .text          0x08000108      0x114 C:/Users/sijan/STM32CubeIDE_2.1.1/STM32CubeIDE/plugins/com.st.stm32cube.ide.mcu.externaltools.gnu-tools-for-stm32.14.3.rel1.win32_1.0.100.202602081740/tools/bin/../lib/gcc/arm-none-eabi/14.3.1/thumb/v6-m/nofp\libgcc.a(_udivsi3.o)
                0x08000108                __aeabi_uidiv
                0x08000108                __udivsi3
                0x08000214                __aeabi_uidivmod
 .text          0x0800021c      0x1d4 C:/Users/sijan/STM32CubeIDE_2.1.1/STM32CubeIDE/plugins/com.st.stm32cube.ide.mcu.externaltools.gnu-tools-for-stm32.14.3.rel1.win32_1.0.100.202602081740/tools/bin/../lib/gcc/arm-none-eabi/14.3.1/thumb/v6-m/nofp\libgcc.a(_divsi3.o)
                0x0800021c                __divsi3
                0x0800021c                __aeabi_idiv
                0x080003e8                __aeabi_idivmod
 .text          0x080003f0        0x4 C:/Users/sijan/STM32CubeIDE_2.1.1/STM32CubeIDE/plugins/com.st.stm32cube.ide.mcu.externaltools.gnu-tools-for-stm32.14.3.rel1.win32_1.0.100.202602081740/tools/bin/../lib/gcc/arm-none-eabi/14.3.1/thumb/v6-m/nofp\libgcc.a(_dvmd_tls.o)
                0x080003f0                __aeabi_idiv0
                0x080003f0                __aeabi_ldiv0
 *(.text*)
 .text.encode_byte
                0x080003f4       0x5e ./Core/Src/argb.o
 *fill*         0x08000452        0x2 
 .text.ARGB_Init
                0x08000454       0x54 ./Core/Src/argb.o
                0x08000454                ARGB_Init
 .text.ARGB_SetAll
                0x080004a8       0x8c ./Core/Src/argb.o
                0x080004a8                ARGB_SetAll
 .text.ARGB_Show
                0x08000534      0x114 ./Core/Src/argb.o
                0x08000534                ARGB_Show
 .text.HAL_TIM_PWM_PulseFinishedCallback
                0x08000648       0x28 ./Core/Src/argb.o
                0x08000648                HAL_TIM_PWM_PulseFinishedCallback
 .text.apply_percent
                0x08000670      0x110 ./Core/Src/fan.o
 .text.Fan_Init
                0x08000780       0x4c ./Core/Src/fan.o
                0x08000780                Fan_Init
 .text.Fan_SetSpeedPercent
                0x080007cc       0x38 ./Core/Src/fan.o
                0x080007cc                Fan_SetSpeedPercent
 .text.Fan_Stop
                0x08000804       0x10 ./Core/Src/fan.o
                0x08000804                Fan_Stop
 .text.Fan_Resume
                0x08000814       0x18 ./Core/Src/fan.o
                0x08000814                Fan_Resume
 .text.main     0x0800082c      0x118 ./Core/Src/main.o
                0x0800082c                main
 .text.SystemClock_Config
                0x08000944       0x90 ./Core/Src/main.o
                0x08000944                SystemClock_Config
 .text.MX_TIM1_Init
                0x080009d4      0x174 ./Core/Src/main.o
 .text.MX_TIM3_Init
                0x08000b48      0x104 ./Core/Src/main.o
 .text.MX_TIM14_Init
                0x08000c4c       0xa0 ./Core/Src/main.o
 .text.MX_TIM16_Init
                0x08000cec      0x10c ./Core/Src/main.o
 .text.MX_USART2_UART_Init
                0x08000df8       0x68 ./Core/Src/main.o
 .text.MX_DMA_Init
                0x08000e60       0x3c ./Core/Src/main.o
 .text.MX_GPIO_Init
                0x08000e9c       0x74 ./Core/Src/main.o
 .text.HAL_UART_RxCpltCallback
                0x08000f10       0x18 ./Core/Src/main.o
                0x08000f10                HAL_UART_RxCpltCallback
 .text.Error_Handler
                0x08000f28        0xc ./Core/Src/main.o
                0x08000f28                Error_Handler
 .text.crc16_ccitt
                0x08000f34       0xbc ./Core/Src/protocol.o
 .text.send_frame
                0x08000ff0       0xbc ./Core/Src/protocol.o
 .text.send_ack
                0x080010ac       0x20 ./Core/Src/protocol.o
 .text.send_nack
                0x080010cc       0x38 ./Core/Src/protocol.o
 .text.send_status
                0x08001104       0x94 ./Core/Src/protocol.o
 .text.handle_move_joint_to
                0x08001198      0x15c ./Core/Src/protocol.o
 .text.clamp_cdeg
                0x080012f4       0x5c ./Core/Src/protocol.o
 .text.handle_reset_joints
                0x08001350       0xec ./Core/Src/protocol.o
 .text.handle_set_fan_speed
                0x0800143c       0x60 ./Core/Src/protocol.o
 .text.handle_set_fan_rgb
                0x0800149c       0x46 ./Core/Src/protocol.o
 *fill*         0x080014e2        0x2 
 .text.stop_all_joints
                0x080014e4       0x40 ./Core/Src/protocol.o
 .text.handle_frame
                0x08001524       0xfc ./Core/Src/protocol.o
 .text.on_byte_received
                0x08001620      0x170 ./Core/Src/protocol.o
 .text.Protocol_BindJoint
                0x08001790       0x28 ./Core/Src/protocol.o
                0x08001790                Protocol_BindJoint
 .text.Protocol_Init
                0x080017b8       0x90 ./Core/Src/protocol.o
                0x080017b8                Protocol_Init
 .text.Protocol_UART_RxCpltCallback
                0x08001848       0x40 ./Core/Src/protocol.o
                0x08001848                Protocol_UART_RxCpltCallback
 .text.Protocol_Process
                0x08001888       0x70 ./Core/Src/protocol.o
                0x08001888                Protocol_Process
 .text.Servo_Init
                0x080018f8       0xde ./Core/Src/servo.o
                0x080018f8                Servo_Init
 .text.Servo_SetPulseWidthUs
                0x080019d6       0xcc ./Core/Src/servo.o
                0x080019d6                Servo_SetPulseWidthUs
 .text.Servo_Stop
                0x08001aa2       0x20 ./Core/Src/servo.o
                0x08001aa2                Servo_Stop
 .text.Servo_Resume
                0x08001ac2       0xa4 ./Core/Src/servo.o
                0x08001ac2                Servo_Resume
 *fill*         0x08001b66        0x2 
 .text.pan_angle_to_pulse_us
                0x08001b68       0x44 ./Core/Src/servo_joint.o
 .text.tilt_angle_to_pulse_us
                0x08001bac       0x44 ./Core/Src/servo_joint.o
 .text.clamp_cdeg
                0x08001bf0       0x5c ./Core/Src/servo_joint.o
 .text.step_toward
                0x08001c4c       0x58 ./Core/Src/servo_joint.o
 .text.ServoJoint_PanLimit
                0x08001ca4       0x24 ./Core/Src/servo_joint.o
                0x08001ca4                ServoJoint_PanLimit
 .text.ServoJoint_TiltLimit
                0x08001cc8       0x24 ./Core/Src/servo_joint.o
                0x08001cc8                ServoJoint_TiltLimit
 .text.ServoJoint_NeutralAngles
                0x08001cec       0x74 ./Core/Src/servo_joint.o
                0x08001cec                ServoJoint_NeutralAngles
 .text.ServoJoint_Init
                0x08001d60       0xb0 ./Core/Src/servo_joint.o
                0x08001d60                ServoJoint_Init
 .text.ServoJoint_SetAngles
                0x08001e10       0x80 ./Core/Src/servo_joint.o
                0x08001e10                ServoJoint_SetAngles
 .text.ServoJoint_Update
                0x08001e90       0xbc ./Core/Src/servo_joint.o
                0x08001e90                ServoJoint_Update
 .text.ServoJoint_Stop
                0x08001f4c       0x36 ./Core/Src/servo_joint.o
                0x08001f4c                ServoJoint_Stop
 .text.ServoJoint_Resume
                0x08001f82       0x22 ./Core/Src/servo_joint.o
                0x08001f82                ServoJoint_Resume
 .text.HAL_MspInit
                0x08001fa4       0x48 ./Core/Src/stm32c0xx_hal_msp.o
                0x08001fa4                HAL_MspInit
 .text.HAL_TIM_PWM_MspInit
                0x08001fec       0xbc ./Core/Src/stm32c0xx_hal_msp.o
                0x08001fec                HAL_TIM_PWM_MspInit
 .text.HAL_TIM_Base_MspInit
                0x080020a8       0xc8 ./Core/Src/stm32c0xx_hal_msp.o
                0x080020a8                HAL_TIM_Base_MspInit
 .text.HAL_TIM_MspPostInit
                0x08002170      0x180 ./Core/Src/stm32c0xx_hal_msp.o
                0x08002170                HAL_TIM_MspPostInit
 .text.HAL_UART_MspInit
                0x080022f0       0xa4 ./Core/Src/stm32c0xx_hal_msp.o
                0x080022f0                HAL_UART_MspInit
 .text.NMI_Handler
                0x08002394        0x8 ./Core/Src/stm32c0xx_it.o
                0x08002394                NMI_Handler
 .text.HardFault_Handler
                0x0800239c        0x8 ./Core/Src/stm32c0xx_it.o
                0x0800239c                HardFault_Handler
 .text.SVC_Handler
                0x080023a4        0xa ./Core/Src/stm32c0xx_it.o
                0x080023a4                SVC_Handler
 .text.PendSV_Handler
                0x080023ae        0xa ./Core/Src/stm32c0xx_it.o
                0x080023ae                PendSV_Handler
 .text.SysTick_Handler
                0x080023b8        0xe ./Core/Src/stm32c0xx_it.o
                0x080023b8                SysTick_Handler
 *fill*         0x080023c6        0x2 
 .text.DMA1_Channel1_IRQHandler
                0x080023c8       0x18 ./Core/Src/stm32c0xx_it.o
                0x080023c8                DMA1_Channel1_IRQHandler
 .text.USART2_IRQHandler
                0x080023e0       0x18 ./Core/Src/stm32c0xx_it.o
                0x080023e0                USART2_IRQHandler
 .text.SystemInit
                0x080023f8       0x18 ./Core/Src/system_stm32c0xx.o
                0x080023f8                SystemInit
 .text.Reset_Handler
                0x08002410       0x50 ./Core/Startup/startup_stm32c031c6tx.o
                0x08002410                Reset_Handler
 .text.Default_Handler
                0x08002460        0x2 ./Core/Startup/startup_stm32c031c6tx.o
                0x08002460                TIM1_CC_IRQHandler
                0x08002460                I2C1_IRQHandler
                0x08002460                DMAMUX1_IRQHandler
                0x08002460                SPI1_IRQHandler
                0x08002460                EXTI2_3_IRQHandler
                0x08002460                ADC1_IRQHandler
                0x08002460                TIM17_IRQHandler
                0x08002460                RTC_IRQHandler
                0x08002460                TIM16_IRQHandler
                0x08002460                TIM3_IRQHandler
                0x08002460                EXTI4_15_IRQHandler
                0x08002460                RCC_IRQHandler
                0x08002460                Default_Handler
                0x08002460                TIM14_IRQHandler
                0x08002460                EXTI0_1_IRQHandler
                0x08002460                WWDG_IRQHandler
                0x08002460                DMA1_Channel2_3_IRQHandler
                0x08002460                FLASH_IRQHandler
                0x08002460                USART1_IRQHandler
                0x08002460                TIM1_BRK_UP_TRG_COM_IRQHandler
 .text.HAL_Init
                0x08002462       0x2e ./Drivers/STM32C0xx_HAL_Driver/Src/stm32c0xx_hal.o
                0x08002462                HAL_Init
 .text.HAL_InitTick
                0x08002490       0x94 ./Drivers/STM32C0xx_HAL_Driver/Src/stm32c0xx_hal.o
                0x08002490                HAL_InitTick
 .text.HAL_IncTick
                0x08002524       0x24 ./Drivers/STM32C0xx_HAL_Driver/Src/stm32c0xx_hal.o
                0x08002524                HAL_IncTick
 .text.HAL_GetTick
                0x08002548       0x14 ./Drivers/STM32C0xx_HAL_Driver/Src/stm32c0xx_hal.o
                0x08002548                HAL_GetTick
 .text.__NVIC_EnableIRQ
                0x0800255c       0x34 ./Drivers/STM32C0xx_HAL_Driver/Src/stm32c0xx_hal_cortex.o
 .text.__NVIC_SetPriority
                0x08002590       0xdc ./Drivers/STM32C0xx_HAL_Driver/Src/stm32c0xx_hal_cortex.o
 .text.SysTick_Config
                0x0800266c       0x48 ./Drivers/STM32C0xx_HAL_Driver/Src/stm32c0xx_hal_cortex.o
 .text.HAL_NVIC_SetPriority
                0x080026b4       0x2a ./Drivers/STM32C0xx_HAL_Driver/Src/stm32c0xx_hal_cortex.o
                0x080026b4                HAL_NVIC_SetPriority
 .text.HAL_NVIC_EnableIRQ
                0x080026de       0x20 ./Drivers/STM32C0xx_HAL_Driver/Src/stm32c0xx_hal_cortex.o
                0x080026de                HAL_NVIC_EnableIRQ
 .text.HAL_SYSTICK_Config
                0x080026fe       0x1a ./Drivers/STM32C0xx_HAL_Driver/Src/stm32c0xx_hal_cortex.o
                0x080026fe                HAL_SYSTICK_Config
 .text.HAL_DMA_Init
                0x08002718      0x114 ./Drivers/STM32C0xx_HAL_Driver/Src/stm32c0xx_hal_dma.o
                0x08002718                HAL_DMA_Init
 .text.HAL_DMA_Start_IT
                0x0800282c      0x10e ./Drivers/STM32C0xx_HAL_Driver/Src/stm32c0xx_hal_dma.o
                0x0800282c                HAL_DMA_Start_IT
 *fill*         0x0800293a        0x2 
 .text.HAL_DMA_Abort
                0x0800293c       0xc4 ./Drivers/STM32C0xx_HAL_Driver/Src/stm32c0xx_hal_dma.o
                0x0800293c                HAL_DMA_Abort
 .text.HAL_DMA_Abort_IT
                0x08002a00       0xd4 ./Drivers/STM32C0xx_HAL_Driver/Src/stm32c0xx_hal_dma.o
                0x08002a00                HAL_DMA_Abort_IT
 .text.HAL_DMA_IRQHandler
                0x08002ad4      0x164 ./Drivers/STM32C0xx_HAL_Driver/Src/stm32c0xx_hal_dma.o
                0x08002ad4                HAL_DMA_IRQHandler
 .text.DMA_SetConfig
                0x08002c38       0x80 ./Drivers/STM32C0xx_HAL_Driver/Src/stm32c0xx_hal_dma.o
 .text.DMA_CalcDMAMUXChannelBaseAndMask
                0x08002cb8       0x58 ./Drivers/STM32C0xx_HAL_Driver/Src/stm32c0xx_hal_dma.o
 .text.DMA_CalcDMAMUXRequestGenBaseAndMask
                0x08002d10       0x48 ./Drivers/STM32C0xx_HAL_Driver/Src/stm32c0xx_hal_dma.o
 .text.HAL_GPIO_Init
                0x08002d58      0x2e4 ./Drivers/STM32C0xx_HAL_Driver/Src/stm32c0xx_hal_gpio.o
                0x08002d58                HAL_GPIO_Init
 .text.HAL_RCC_OscConfig
                0x0800303c      0x3c8 ./Drivers/STM32C0xx_HAL_Driver/Src/stm32c0xx_hal_rcc.o
                0x0800303c                HAL_RCC_OscConfig
 .text.HAL_RCC_ClockConfig
                0x08003404      0x200 ./Drivers/STM32C0xx_HAL_Driver/Src/stm32c0xx_hal_rcc.o
                0x08003404                HAL_RCC_ClockConfig
 .text.HAL_RCC_GetSysClockFreq
                0x08003604       0x80 ./Drivers/STM32C0xx_HAL_Driver/Src/stm32c0xx_hal_rcc.o
                0x08003604                HAL_RCC_GetSysClockFreq
 .text.HAL_RCC_GetHCLKFreq
                0x08003684       0x3c ./Drivers/STM32C0xx_HAL_Driver/Src/stm32c0xx_hal_rcc.o
                0x08003684                HAL_RCC_GetHCLKFreq
 .text.HAL_RCC_GetPCLK1Freq
                0x080036c0       0x30 ./Drivers/STM32C0xx_HAL_Driver/Src/stm32c0xx_hal_rcc.o
                0x080036c0                HAL_RCC_GetPCLK1Freq
 .text.HAL_TIM_Base_Init
                0x080036f0       0xb0 ./Drivers/STM32C0xx_HAL_Driver/Src/stm32c0xx_hal_tim.o
                0x080036f0                HAL_TIM_Base_Init
 .text.HAL_TIM_PWM_Init
                0x080037a0       0xb0 ./Drivers/STM32C0xx_HAL_Driver/Src/stm32c0xx_hal_tim.o
                0x080037a0                HAL_TIM_PWM_Init
 .text.HAL_TIM_PWM_Start
                0x08003850      0x1b0 ./Drivers/STM32C0xx_HAL_Driver/Src/stm32c0xx_hal_tim.o
                0x08003850                HAL_TIM_PWM_Start
 .text.HAL_TIM_PWM_Stop
                0x08003a00      0x10c ./Drivers/STM32C0xx_HAL_Driver/Src/stm32c0xx_hal_tim.o
                0x08003a00                HAL_TIM_PWM_Stop
 .text.HAL_TIM_PWM_Start_DMA
                0x08003b0c      0x3dc ./Drivers/STM32C0xx_HAL_Driver/Src/stm32c0xx_hal_tim.o
                0x08003b0c                HAL_TIM_PWM_Start_DMA
 .text.HAL_TIM_PWM_Stop_DMA
                0x08003ee8      0x1d4 ./Drivers/STM32C0xx_HAL_Driver/Src/stm32c0xx_hal_tim.o
                0x08003ee8                HAL_TIM_PWM_Stop_DMA
 .text.HAL_TIM_PWM_ConfigChannel
                0x080040bc      0x200 ./Drivers/STM32C0xx_HAL_Driver/Src/stm32c0xx_hal_tim.o
                0x080040bc                HAL_TIM_PWM_ConfigChannel
 .text.HAL_TIM_PWM_PulseFinishedHalfCpltCallback
                0x080042bc       0x10 ./Drivers/STM32C0xx_HAL_Driver/Src/stm32c0xx_hal_tim.o
                0x080042bc                HAL_TIM_PWM_PulseFinishedHalfCpltCallback
 .text.HAL_TIM_ErrorCallback
                0x080042cc       0x10 ./Drivers/STM32C0xx_HAL_Driver/Src/stm32c0xx_hal_tim.o
                0x080042cc                HAL_TIM_ErrorCallback
 .text.TIM_DMAError
                0x080042dc       0x94 ./Drivers/STM32C0xx_HAL_Driver/Src/stm32c0xx_hal_tim.o
                0x080042dc                TIM_DMAError
 .text.TIM_DMADelayPulseCplt
                0x08004370       0xaa ./Drivers/STM32C0xx_HAL_Driver/Src/stm32c0xx_hal_tim.o
 .text.TIM_DMADelayPulseHalfCplt
                0x0800441a       0x6a ./Drivers/STM32C0xx_HAL_Driver/Src/stm32c0xx_hal_tim.o
                0x0800441a                TIM_DMADelayPulseHalfCplt
 .text.TIM_Base_SetConfig
                0x08004484       0xec ./Drivers/STM32C0xx_HAL_Driver/Src/stm32c0xx_hal_tim.o
                0x08004484                TIM_Base_SetConfig
 .text.TIM_OC1_SetConfig
                0x08004570      0x104 ./Drivers/STM32C0xx_HAL_Driver/Src/stm32c0xx_hal_tim.o
 .text.TIM_OC2_SetConfig
                0x08004674      0x104 ./Drivers/STM32C0xx_HAL_Driver/Src/stm32c0xx_hal_tim.o
                0x08004674                TIM_OC2_SetConfig
 .text.TIM_OC3_SetConfig
                0x08004778      0x108 ./Drivers/STM32C0xx_HAL_Driver/Src/stm32c0xx_hal_tim.o
 .text.TIM_OC4_SetConfig
                0x08004880       0xc8 ./Drivers/STM32C0xx_HAL_Driver/Src/stm32c0xx_hal_tim.o
 .text.TIM_OC5_SetConfig
                0x08004948       0xb4 ./Drivers/STM32C0xx_HAL_Driver/Src/stm32c0xx_hal_tim.o
 .text.TIM_OC6_SetConfig
                0x080049fc       0xbc ./Drivers/STM32C0xx_HAL_Driver/Src/stm32c0xx_hal_tim.o
 .text.TIM_CCxChannelCmd
                0x08004ab8       0x46 ./Drivers/STM32C0xx_HAL_Driver/Src/stm32c0xx_hal_tim.o
                0x08004ab8                TIM_CCxChannelCmd
 *fill*         0x08004afe        0x2 
 .text.HAL_TIMEx_MasterConfigSynchronization
                0x08004b00       0xc4 ./Drivers/STM32C0xx_HAL_Driver/Src/stm32c0xx_hal_tim_ex.o
                0x08004b00                HAL_TIMEx_MasterConfigSynchronization
 .text.HAL_TIMEx_ConfigBreakDeadTime
                0x08004bc4      0x138 ./Drivers/STM32C0xx_HAL_Driver/Src/stm32c0xx_hal_tim_ex.o
                0x08004bc4                HAL_TIMEx_ConfigBreakDeadTime
 .text.HAL_UART_Init
                0x08004cfc       0xac ./Drivers/STM32C0xx_HAL_Driver/Src/stm32c0xx_hal_uart.o
                0x08004cfc                HAL_UART_Init
 .text.HAL_UART_Transmit
                0x08004da8      0x15c ./Drivers/STM32C0xx_HAL_Driver/Src/stm32c0xx_hal_uart.o
                0x08004da8                HAL_UART_Transmit
 .text.HAL_UART_Receive_IT
                0x08004f04       0xae ./Drivers/STM32C0xx_HAL_Driver/Src/stm32c0xx_hal_uart.o
                0x08004f04                HAL_UART_Receive_IT
 *fill*         0x08004fb2        0x2 
 .text.HAL_UART_IRQHandler
                0x08004fb4      0x68c ./Drivers/STM32C0xx_HAL_Driver/Src/stm32c0xx_hal_uart.o
                0x08004fb4                HAL_UART_IRQHandler
 .text.HAL_UART_TxCpltCallback
                0x08005640       0x10 ./Drivers/STM32C0xx_HAL_Driver/Src/stm32c0xx_hal_uart.o
                0x08005640                HAL_UART_TxCpltCallback
 .text.HAL_UART_ErrorCallback
                0x08005650       0x10 ./Drivers/STM32C0xx_HAL_Driver/Src/stm32c0xx_hal_uart.o
                0x08005650                HAL_UART_ErrorCallback
 .text.HAL_UARTEx_RxEventCallback
                0x08005660       0x16 ./Drivers/STM32C0xx_HAL_Driver/Src/stm32c0xx_hal_uart.o
                0x08005660                HAL_UARTEx_RxEventCallback
 *fill*         0x08005676        0x2 
 .text.UART_SetConfig
                0x08005678      0x2fc ./Drivers/STM32C0xx_HAL_Driver/Src/stm32c0xx_hal_uart.o
                0x08005678                UART_SetConfig
 .text.UART_AdvFeatureConfig
                0x08005974      0x168 ./Drivers/STM32C0xx_HAL_Driver/Src/stm32c0xx_hal_uart.o
                0x08005974                UART_AdvFeatureConfig
 .text.UART_CheckIdleState
                0x08005adc      0x154 ./Drivers/STM32C0xx_HAL_Driver/Src/stm32c0xx_hal_uart.o
                0x08005adc                UART_CheckIdleState
 .text.UART_WaitOnFlagUntilTimeout
                0x08005c30       0xde ./Drivers/STM32C0xx_HAL_Driver/Src/stm32c0xx_hal_uart.o
                0x08005c30                UART_WaitOnFlagUntilTimeout
 *fill*         0x08005d0e        0x2 
 .text.UART_Start_Receive_IT
                0x08005d10      0x248 ./Drivers/STM32C0xx_HAL_Driver/Src/stm32c0xx_hal_uart.o
                0x08005d10                UART_Start_Receive_IT
 .text.UART_EndRxTransfer
                0x08005f58       0xcc ./Drivers/STM32C0xx_HAL_Driver/Src/stm32c0xx_hal_uart.o
 .text.UART_DMAAbortOnError
                0x08006024       0x1e ./Drivers/STM32C0xx_HAL_Driver/Src/stm32c0xx_hal_uart.o
 .text.UART_EndTransmit_IT
                0x08006042       0x58 ./Drivers/STM32C0xx_HAL_Driver/Src/stm32c0xx_hal_uart.o
 *fill*         0x0800609a        0x2 
 .text.UART_RxISR_8BIT
                0x0800609c      0x1b8 ./Drivers/STM32C0xx_HAL_Driver/Src/stm32c0xx_hal_uart.o
 .text.UART_RxISR_16BIT
                0x08006254      0x1b8 ./Drivers/STM32C0xx_HAL_Driver/Src/stm32c0xx_hal_uart.o
 .text.UART_RxISR_8BIT_FIFOEN
                0x0800640c      0x334 ./Drivers/STM32C0xx_HAL_Driver/Src/stm32c0xx_hal_uart.o
 .text.UART_RxISR_16BIT_FIFOEN
                0x08006740      0x34c ./Drivers/STM32C0xx_HAL_Driver/Src/stm32c0xx_hal_uart.o
 .text.HAL_UARTEx_WakeupCallback
                0x08006a8c       0x10 ./Drivers/STM32C0xx_HAL_Driver/Src/stm32c0xx_hal_uart_ex.o
                0x08006a8c                HAL_UARTEx_WakeupCallback
 .text.HAL_UARTEx_RxFifoFullCallback
                0x08006a9c       0x10 ./Drivers/STM32C0xx_HAL_Driver/Src/stm32c0xx_hal_uart_ex.o
                0x08006a9c                HAL_UARTEx_RxFifoFullCallback
 .text.HAL_UARTEx_TxFifoEmptyCallback
                0x08006aac       0x10 ./Drivers/STM32C0xx_HAL_Driver/Src/stm32c0xx_hal_uart_ex.o
                0x08006aac                HAL_UARTEx_TxFifoEmptyCallback
 .text.memset   0x08006abc       0x10 C:/Users/sijan/STM32CubeIDE_2.1.1/STM32CubeIDE/plugins/com.st.stm32cube.ide.mcu.externaltools.gnu-tools-for-stm32.14.3.rel1.win32_1.0.100.202602081740/tools/bin/../lib/gcc/arm-none-eabi/14.3.1/../../../../arm-none-eabi/lib/thumb/v6-m/nofp\libc_nano.a(libc_a-memset.o)
                0x08006abc                memset
 .text.__libc_init_array
                0x08006acc       0x48 C:/Users/sijan/STM32CubeIDE_2.1.1/STM32CubeIDE/plugins/com.st.stm32cube.ide.mcu.externaltools.gnu-tools-for-stm32.14.3.rel1.win32_1.0.100.202602081740/tools/bin/../lib/gcc/arm-none-eabi/14.3.1/../../../../arm-none-eabi/lib/thumb/v6-m/nofp\libc_nano.a(libc_a-init.o)
                0x08006acc                __libc_init_array
 .text.memcpy   0x08006b14       0x12 C:/Users/sijan/STM32CubeIDE_2.1.1/STM32CubeIDE/plugins/com.st.stm32cube.ide.mcu.externaltools.gnu-tools-for-stm32.14.3.rel1.win32_1.0.100.202602081740/tools/bin/../lib/gcc/arm-none-eabi/14.3.1/../../../../arm-none-eabi/lib/thumb/v6-m/nofp\libc_nano.a(libc_a-memcpy-stub.o)
                0x08006b14                memcpy
 *(.glue_7)
 .glue_7        0x08006b26        0x0 linker stubs
 *(.glue_7t)
 .glue_7t       0x08006b26        0x0 linker stubs
 *(.eh_frame)
 *fill*         0x08006b26        0x2 
 .eh_frame      0x08006b28        0x0 C:/Users/sijan/STM32CubeIDE_2.1.1/STM32CubeIDE/plugins/com.st.stm32cube.ide.mcu.externaltools.gnu-tools-for-stm32.14.3.rel1.win32_1.0.100.202602081740/tools/bin/../lib/gcc/arm-none-eabi/14.3.1/thumb/v6-m/nofp/crtbegin.o
 *(.init)
 .init          0x08006b28        0x4 C:/Users/sijan/STM32CubeIDE_2.1.1/STM32CubeIDE/plugins/com.st.stm32cube.ide.mcu.externaltools.gnu-tools-for-stm32.14.3.rel1.win32_1.0.100.202602081740/tools/bin/../lib/gcc/arm-none-eabi/14.3.1/thumb/v6-m/nofp/crti.o
                0x08006b28                _init
 .init          0x08006b2c        0x8 C:/Users/sijan/STM32CubeIDE_2.1.1/STM32CubeIDE/plugins/com.st.stm32cube.ide.mcu.externaltools.gnu-tools-for-stm32.14.3.rel1.win32_1.0.100.202602081740/tools/bin/../lib/gcc/arm-none-eabi/14.3.1/thumb/v6-m/nofp/crtn.o
 *(.fini)
 .fini          0x08006b34        0x4 C:/Users/sijan/STM32CubeIDE_2.1.1/STM32CubeIDE/plugins/com.st.stm32cube.ide.mcu.externaltools.gnu-tools-for-stm32.14.3.rel1.win32_1.0.100.202602081740/tools/bin/../lib/gcc/arm-none-eabi/14.3.1/thumb/v6-m/nofp/crti.o
                0x08006b34                _fini
 .fini          0x08006b38        0x8 C:/Users/sijan/STM32CubeIDE_2.1.1/STM32CubeIDE/plugins/com.st.stm32cube.ide.mcu.externaltools.gnu-tools-for-stm32.14.3.rel1.win32_1.0.100.202602081740/tools/bin/../lib/gcc/arm-none-eabi/14.3.1/thumb/v6-m/nofp/crtn.o
                0x08006b40                        . = ALIGN (0x4)
                0x08006b40                        _etext = .

.vfp11_veneer   0x08006b40        0x0
 .vfp11_veneer  0x08006b40        0x0 linker stubs

.v4_bx          0x08006b40        0x0
 .v4_bx         0x08006b40        0x0 linker stubs

.iplt           0x08006b40        0x0
 .iplt          0x08006b40        0x0 C:/Users/sijan/STM32CubeIDE_2.1.1/STM32CubeIDE/plugins/com.st.stm32cube.ide.mcu.externaltools.gnu-tools-for-stm32.14.3.rel1.win32_1.0.100.202602081740/tools/bin/../lib/gcc/arm-none-eabi/14.3.1/thumb/v6-m/nofp/crtbegin.o

.rodata         0x08006b40      0x128
                0x08006b40                        . = ALIGN (0x4)
 *(.rodata)
 *(.rodata*)
 .rodata.s_reset_pan_cdeg
                0x08006b40        0x6 ./Core/Src/protocol.o
 *fill*         0x08006b46        0x2 
 .rodata.s_reset_tilt_cdeg
                0x08006b48        0x6 ./Core/Src/protocol.o
 *fill*         0x08006b4e        0x2 
 .rodata.handle_frame
                0x08006b50       0x20 ./Core/Src/protocol.o
 .rodata.on_byte_received
                0x08006b70       0x14 ./Core/Src/protocol.o
 .rodata.kJointLimits
                0x08006b84       0x18 ./Core/Src/servo_joint.o
 .rodata.AHBPrescTable
                0x08006b9c       0x40 ./Core/Src/system_stm32c0xx.o
                0x08006b9c                AHBPrescTable
 .rodata.APBPrescTable
                0x08006bdc       0x20 ./Core/Src/system_stm32c0xx.o
                0x08006bdc                APBPrescTable
 .rodata.HAL_TIM_PWM_ConfigChannel
                0x08006bfc       0x54 ./Drivers/STM32C0xx_HAL_Driver/Src/stm32c0xx_hal_tim.o
 .rodata.UARTPrescTable
                0x08006c50       0x18 ./Drivers/STM32C0xx_HAL_Driver/Src/stm32c0xx_hal_uart.o
                0x08006c50                UARTPrescTable
                0x08006c68                        . = ALIGN (0x4)

.ARM.extab      0x08006c68        0x0
                0x08006c68                        . = ALIGN (0x4)
 *(.ARM.extab* .gnu.linkonce.armextab.*)
                0x08006c68                        . = ALIGN (0x4)

.ARM            0x08006c68        0x0
                0x08006c68                        . = ALIGN (0x4)
                0x08006c68                        __exidx_start = .
 *(.ARM.exidx*)
                0x08006c68                        __exidx_end = .
                0x08006c68                        . = ALIGN (0x4)

.preinit_array  0x08006c68        0x0
                0x08006c68                        . = ALIGN (0x4)
                0x08006c68                        PROVIDE (__preinit_array_start = .)
 *(.preinit_array*)
                0x08006c68                        PROVIDE (__preinit_array_end = .)
                0x08006c68                        . = ALIGN (0x4)

.init_array     0x08006c68        0x4
                0x08006c68                        . = ALIGN (0x4)
                0x08006c68                        PROVIDE (__init_array_start = .)
 *(SORT_BY_NAME(.init_array.*))
 *(.init_array*)
 .init_array    0x08006c68        0x4 C:/Users/sijan/STM32CubeIDE_2.1.1/STM32CubeIDE/plugins/com.st.stm32cube.ide.mcu.externaltools.gnu-tools-for-stm32.14.3.rel1.win32_1.0.100.202602081740/tools/bin/../lib/gcc/arm-none-eabi/14.3.1/thumb/v6-m/nofp/crtbegin.o
                0x08006c6c                        PROVIDE (__init_array_end = .)
                0x08006c6c                        . = ALIGN (0x4)

.fini_array     0x08006c6c        0x4
                0x08006c6c                        . = ALIGN (0x4)
                [!provide]                        PROVIDE (__fini_array_start = .)
 *(SORT_BY_NAME(.fini_array.*))
 *(.fini_array*)
 .fini_array    0x08006c6c        0x4 C:/Users/sijan/STM32CubeIDE_2.1.1/STM32CubeIDE/plugins/com.st.stm32cube.ide.mcu.externaltools.gnu-tools-for-stm32.14.3.rel1.win32_1.0.100.202602081740/tools/bin/../lib/gcc/arm-none-eabi/14.3.1/thumb/v6-m/nofp/crtbegin.o
                [!provide]                        PROVIDE (__fini_array_end = .)
                0x08006c70                        . = ALIGN (0x4)
                0x08006c70                        _sidata = LOADADDR (.data)

.rel.dyn        0x08006c70        0x0
 .rel.iplt      0x08006c70        0x0 C:/Users/sijan/STM32CubeIDE_2.1.1/STM32CubeIDE/plugins/com.st.stm32cube.ide.mcu.externaltools.gnu-tools-for-stm32.14.3.rel1.win32_1.0.100.202602081740/tools/bin/../lib/gcc/arm-none-eabi/14.3.1/thumb/v6-m/nofp/crtbegin.o

.data           0x20000000        0xc load address 0x08006c70
                0x20000000                        . = ALIGN (0x4)
                0x20000000                        _sdata = .
 *(.data)
 *(.data*)
 .data.SystemCoreClock
                0x20000000        0x4 ./Core/Src/system_stm32c0xx.o
                0x20000000                SystemCoreClock
 .data.uwTickPrio
                0x20000004        0x4 ./Drivers/STM32C0xx_HAL_Driver/Src/stm32c0xx_hal.o
                0x20000004                uwTickPrio
 .data.uwTickFreq
                0x20000008        0x1 ./Drivers/STM32C0xx_HAL_Driver/Src/stm32c0xx_hal.o
                0x20000008                uwTickFreq
 *(.RamFunc)
 *(.RamFunc*)
                0x2000000c                        . = ALIGN (0x4)
 *fill*         0x20000009        0x3 
                0x2000000c                        _edata = .

.igot.plt       0x2000000c        0x0 load address 0x08006c7c
 .igot.plt      0x2000000c        0x0 C:/Users/sijan/STM32CubeIDE_2.1.1/STM32CubeIDE/plugins/com.st.stm32cube.ide.mcu.externaltools.gnu-tools-for-stm32.14.3.rel1.win32_1.0.100.202602081740/tools/bin/../lib/gcc/arm-none-eabi/14.3.1/thumb/v6-m/nofp/crtbegin.o
                0x2000000c                        . = ALIGN (0x4)

.bss            0x2000000c      0x740 load address 0x08006c7c
                0x2000000c                        _sbss = .
                0x2000000c                        __bss_start__ = _sbss
 *(.bss)
 .bss           0x2000000c       0x1c C:/Users/sijan/STM32CubeIDE_2.1.1/STM32CubeIDE/plugins/com.st.stm32cube.ide.mcu.externaltools.gnu-tools-for-stm32.14.3.rel1.win32_1.0.100.202602081740/tools/bin/../lib/gcc/arm-none-eabi/14.3.1/thumb/v6-m/nofp/crtbegin.o
 *(.bss*)
 .bss.s_htim    0x20000028        0x4 ./Core/Src/argb.o
 .bss.s_channel
                0x2000002c        0x4 ./Core/Src/argb.o
 .bss.s_pixels  0x20000030       0x18 ./Core/Src/argb.o
 .bss.s_dma_buf
                0x20000048      0x3f0 ./Core/Src/argb.o
 .bss.s_tx_busy
                0x20000438        0x1 ./Core/Src/argb.o
 *fill*         0x20000439        0x3 
 .bss.s_htim    0x2000043c        0x4 ./Core/Src/fan.o
 .bss.s_channel
                0x20000440        0x4 ./Core/Src/fan.o
 .bss.s_percent
                0x20000444        0x1 ./Core/Src/fan.o
 *fill*         0x20000445        0x3 
 .bss.htim1     0x20000448       0x4c ./Core/Src/main.o
                0x20000448                htim1
 .bss.htim3     0x20000494       0x4c ./Core/Src/main.o
                0x20000494                htim3
 .bss.htim14    0x200004e0       0x4c ./Core/Src/main.o
                0x200004e0                htim14
 .bss.htim16    0x2000052c       0x4c ./Core/Src/main.o
                0x2000052c                htim16
 .bss.hdma_tim16_ch1
                0x20000578       0x5c ./Core/Src/main.o
                0x20000578                hdma_tim16_ch1
 .bss.huart2    0x200005d4       0x94 ./Core/Src/main.o
                0x200005d4                huart2
 .bss.s_neckJoint
                0x20000668       0x2c ./Core/Src/main.o
 .bss.s_leftArmJoint
                0x20000694       0x2c ./Core/Src/main.o
 .bss.s_rightArmJoint
                0x200006c0       0x2c ./Core/Src/main.o
 .bss.s_lastServoTick
                0x200006ec        0x4 ./Core/Src/main.o
 .bss.s_huart   0x200006f0        0x4 ./Core/Src/protocol.o
 .bss.s_rx_byte
                0x200006f4        0x1 ./Core/Src/protocol.o
 .bss.s_rx_state
                0x200006f5        0x1 ./Core/Src/protocol.o
 .bss.s_rx_len  0x200006f6        0x1 ./Core/Src/protocol.o
 .bss.s_rx_idx  0x200006f7        0x1 ./Core/Src/protocol.o
 .bss.s_rx_buf  0x200006f8       0x11 ./Core/Src/protocol.o
 *fill*         0x20000709        0x1 
 .bss.s_rx_crc  0x2000070a        0x2 ./Core/Src/protocol.o
 .bss.s_frame_ready
                0x2000070c        0x1 ./Core/Src/protocol.o
 .bss.s_frame_cmd
                0x2000070d        0x1 ./Core/Src/protocol.o
 *fill*         0x2000070e        0x2 
 .bss.s_frame_payload
                0x20000710       0x10 ./Core/Src/protocol.o
 .bss.s_frame_payload_len
                0x20000720        0x1 ./Core/Src/protocol.o
 *fill*         0x20000721        0x3 
 .bss.s_last_heartbeat_tick
                0x20000724        0x4 ./Core/Src/protocol.o
 .bss.s_estopped
                0x20000728        0x1 ./Core/Src/protocol.o
 *fill*         0x20000729        0x3 
 .bss.s_joints  0x2000072c        0xc ./Core/Src/protocol.o
 .bss.s_pan_cdeg
                0x20000738        0x6 ./Core/Src/protocol.o
 *fill*         0x2000073e        0x2 
 .bss.s_tilt_cdeg
                0x20000740        0x6 ./Core/Src/protocol.o
 *fill*         0x20000746        0x2 
 .bss.uwTick    0x20000748        0x4 ./Drivers/STM32C0xx_HAL_Driver/Src/stm32c0xx_hal.o
                0x20000748                uwTick
 *(COMMON)
                0x2000074c                        . = ALIGN (0x4)
                0x2000074c                        _ebss = .
                0x2000074c                        __bss_end__ = _ebss

._user_heap_stack
                0x2000074c      0x604 load address 0x08006c7c
                0x20000750                        . = ALIGN (0x8)
 *fill*         0x2000074c        0x4 
                [!provide]                        PROVIDE (end = .)
                0x20000750                        PROVIDE (_end = .)
                0x20000950                        . = (. + _Min_Heap_Size)
 *fill*         0x20000750      0x200 
                0x20000d50                        . = (. + _Min_Stack_Size)
 *fill*         0x20000950      0x400 
                0x20000d50                        . = ALIGN (0x8)

/DISCARD/
 libc.a(*)
 libm.a(*)
 libgcc.a(*)

.ARM.attributes
                0x00000000       0x28
 *(.ARM.attributes)
 .ARM.attributes
                0x00000000       0x1e C:/Users/sijan/STM32CubeIDE_2.1.1/STM32CubeIDE/plugins/com.st.stm32cube.ide.mcu.externaltools.gnu-tools-for-stm32.14.3.rel1.win32_1.0.100.202602081740/tools/bin/../lib/gcc/arm-none-eabi/14.3.1/thumb/v6-m/nofp/crti.o
 .ARM.attributes
                0x0000001e       0x2c C:/Users/sijan/STM32CubeIDE_2.1.1/STM32CubeIDE/plugins/com.st.stm32cube.ide.mcu.externaltools.gnu-tools-for-stm32.14.3.rel1.win32_1.0.100.202602081740/tools/bin/../lib/gcc/arm-none-eabi/14.3.1/thumb/v6-m/nofp/crtbegin.o
 .ARM.attributes
                0x0000004a       0x2c ./Core/Src/argb.o
 .ARM.attributes
                0x00000076       0x2c ./Core/Src/fan.o
 .ARM.attributes
                0x000000a2       0x2c ./Core/Src/main.o
 .ARM.attributes
                0x000000ce       0x2c ./Core/Src/protocol.o
 .ARM.attributes
                0x000000fa       0x2c ./Core/Src/servo.o
 .ARM.attributes
                0x00000126       0x2c ./Core/Src/servo_joint.o
 .ARM.attributes
                0x00000152       0x2c ./Core/Src/stm32c0xx_hal_msp.o
 .ARM.attributes
                0x0000017e       0x2c ./Core/Src/stm32c0xx_it.o
 .ARM.attributes
                0x000001aa       0x2c ./Core/Src/system_stm32c0xx.o
 .ARM.attributes
                0x000001d6       0x22 ./Core/Startup/startup_stm32c031c6tx.o
 .ARM.attributes
                0x000001f8       0x2c ./Drivers/STM32C0xx_HAL_Driver/Src/stm32c0xx_hal.o
 .ARM.attributes
                0x00000224       0x2c ./Drivers/STM32C0xx_HAL_Driver/Src/stm32c0xx_hal_cortex.o
 .ARM.attributes
                0x00000250       0x2c ./Drivers/STM32C0xx_HAL_Driver/Src/stm32c0xx_hal_dma.o
 .ARM.attributes
                0x0000027c       0x2c ./Drivers/STM32C0xx_HAL_Driver/Src/stm32c0xx_hal_gpio.o
 .ARM.attributes
                0x000002a8       0x2c ./Drivers/STM32C0xx_HAL_Driver/Src/stm32c0xx_hal_rcc.o
 .ARM.attributes
                0x000002d4       0x2c ./Drivers/STM32C0xx_HAL_Driver/Src/stm32c0xx_hal_tim.o
 .ARM.attributes
                0x00000300       0x2c ./Drivers/STM32C0xx_HAL_Driver/Src/stm32c0xx_hal_tim_ex.o
 .ARM.attributes
                0x0000032c       0x2c ./Drivers/STM32C0xx_HAL_Driver/Src/stm32c0xx_hal_uart.o
 .ARM.attributes
                0x00000358       0x2c ./Drivers/STM32C0xx_HAL_Driver/Src/stm32c0xx_hal_uart_ex.o
 .ARM.attributes
                0x00000384       0x2c C:/Users/sijan/STM32CubeIDE_2.1.1/STM32CubeIDE/plugins/com.st.stm32cube.ide.mcu.externaltools.gnu-tools-for-stm32.14.3.rel1.win32_1.0.100.202602081740/tools/bin/../lib/gcc/arm-none-eabi/14.3.1/../../../../arm-none-eabi/lib/thumb/v6-m/nofp\libc_nano.a(libc_a-memset.o)
 .ARM.attributes
                0x000003b0       0x2c C:/Users/sijan/STM32CubeIDE_2.1.1/STM32CubeIDE/plugins/com.st.stm32cube.ide.mcu.externaltools.gnu-tools-for-stm32.14.3.rel1.win32_1.0.100.202602081740/tools/bin/../lib/gcc/arm-none-eabi/14.3.1/../../../../arm-none-eabi/lib/thumb/v6-m/nofp\libc_nano.a(libc_a-init.o)
 .ARM.attributes
                0x000003dc       0x2c C:/Users/sijan/STM32CubeIDE_2.1.1/STM32CubeIDE/plugins/com.st.stm32cube.ide.mcu.externaltools.gnu-tools-for-stm32.14.3.rel1.win32_1.0.100.202602081740/tools/bin/../lib/gcc/arm-none-eabi/14.3.1/../../../../arm-none-eabi/lib/thumb/v6-m/nofp\libc_nano.a(libc_a-memcpy-stub.o)
 .ARM.attributes
                0x00000408       0x1e C:/Users/sijan/STM32CubeIDE_2.1.1/STM32CubeIDE/plugins/com.st.stm32cube.ide.mcu.externaltools.gnu-tools-for-stm32.14.3.rel1.win32_1.0.100.202602081740/tools/bin/../lib/gcc/arm-none-eabi/14.3.1/thumb/v6-m/nofp\libgcc.a(_udivsi3.o)
 .ARM.attributes
                0x00000426       0x1e C:/Users/sijan/STM32CubeIDE_2.1.1/STM32CubeIDE/plugins/com.st.stm32cube.ide.mcu.externaltools.gnu-tools-for-stm32.14.3.rel1.win32_1.0.100.202602081740/tools/bin/../lib/gcc/arm-none-eabi/14.3.1/thumb/v6-m/nofp\libgcc.a(_divsi3.o)
 .ARM.attributes
                0x00000444       0x1e C:/Users/sijan/STM32CubeIDE_2.1.1/STM32CubeIDE/plugins/com.st.stm32cube.ide.mcu.externaltools.gnu-tools-for-stm32.14.3.rel1.win32_1.0.100.202602081740/tools/bin/../lib/gcc/arm-none-eabi/14.3.1/thumb/v6-m/nofp\libgcc.a(_dvmd_tls.o)
 .ARM.attributes
                0x00000462       0x1e C:/Users/sijan/STM32CubeIDE_2.1.1/STM32CubeIDE/plugins/com.st.stm32cube.ide.mcu.externaltools.gnu-tools-for-stm32.14.3.rel1.win32_1.0.100.202602081740/tools/bin/../lib/gcc/arm-none-eabi/14.3.1/thumb/v6-m/nofp/crtn.o
OUTPUT(orio-stm-motion.elf elf32-littlearm)
LOAD linker stubs
LOAD C:/Users/sijan/STM32CubeIDE_2.1.1/STM32CubeIDE/plugins/com.st.stm32cube.ide.mcu.externaltools.gnu-tools-for-stm32.14.3.rel1.win32_1.0.100.202602081740/tools/bin/../lib/gcc/arm-none-eabi/14.3.1/../../../../arm-none-eabi/lib/thumb/v6-m/nofp\libc.a
LOAD C:/Users/sijan/STM32CubeIDE_2.1.1/STM32CubeIDE/plugins/com.st.stm32cube.ide.mcu.externaltools.gnu-tools-for-stm32.14.3.rel1.win32_1.0.100.202602081740/tools/bin/../lib/gcc/arm-none-eabi/14.3.1/../../../../arm-none-eabi/lib/thumb/v6-m/nofp\libm.a
LOAD C:/Users/sijan/STM32CubeIDE_2.1.1/STM32CubeIDE/plugins/com.st.stm32cube.ide.mcu.externaltools.gnu-tools-for-stm32.14.3.rel1.win32_1.0.100.202602081740/tools/bin/../lib/gcc/arm-none-eabi/14.3.1/thumb/v6-m/nofp\libgcc.a

.debug_info     0x00000000    0x1327d
 .debug_info    0x00000000      0xa30 ./Core/Src/argb.o
 .debug_info    0x00000a30      0x839 ./Core/Src/fan.o
 .debug_info    0x00001269     0x1672 ./Core/Src/main.o
 .debug_info    0x000028db     0x1475 ./Core/Src/protocol.o
 .debug_info    0x00003d50      0x8b6 ./Core/Src/servo.o
 .debug_info    0x00004606      0xc6e ./Core/Src/servo_joint.o
 .debug_info    0x00005274     0x1155 ./Core/Src/stm32c0xx_hal_msp.o
 .debug_info    0x000063c9      0x7dc ./Core/Src/stm32c0xx_it.o
 .debug_info    0x00006ba5      0x373 ./Core/Src/system_stm32c0xx.o
 .debug_info    0x00006f18       0x30 ./Core/Startup/startup_stm32c031c6tx.o
 .debug_info    0x00006f48      0x841 ./Drivers/STM32C0xx_HAL_Driver/Src/stm32c0xx_hal.o
 .debug_info    0x00007789      0x87b ./Drivers/STM32C0xx_HAL_Driver/Src/stm32c0xx_hal_cortex.o
 .debug_info    0x00008004      0x830 ./Drivers/STM32C0xx_HAL_Driver/Src/stm32c0xx_hal_dma.o
 .debug_info    0x00008834      0x5b7 ./Drivers/STM32C0xx_HAL_Driver/Src/stm32c0xx_hal_gpio.o
 .debug_info    0x00008deb      0x903 ./Drivers/STM32C0xx_HAL_Driver/Src/stm32c0xx_hal_rcc.o
 .debug_info    0x000096ee     0x2b82 ./Drivers/STM32C0xx_HAL_Driver/Src/stm32c0xx_hal_tim.o
 .debug_info    0x0000c270     0x1878 ./Drivers/STM32C0xx_HAL_Driver/Src/stm32c0xx_hal_tim_ex.o
 .debug_info    0x0000dae8     0x4828 ./Drivers/STM32C0xx_HAL_Driver/Src/stm32c0xx_hal_uart.o
 .debug_info    0x00012310      0xf6d ./Drivers/STM32C0xx_HAL_Driver/Src/stm32c0xx_hal_uart_ex.o

.debug_abbrev   0x00000000     0x29d1
 .debug_abbrev  0x00000000      0x23b ./Core/Src/argb.o
 .debug_abbrev  0x0000023b      0x1bd ./Core/Src/fan.o
 .debug_abbrev  0x000003f8      0x2fb ./Core/Src/main.o
 .debug_abbrev  0x000006f3      0x301 ./Core/Src/protocol.o
 .debug_abbrev  0x000009f4      0x1af ./Core/Src/servo.o
 .debug_abbrev  0x00000ba3      0x21c ./Core/Src/servo_joint.o
 .debug_abbrev  0x00000dbf      0x25e ./Core/Src/stm32c0xx_hal_msp.o
 .debug_abbrev  0x0000101d      0x184 ./Core/Src/stm32c0xx_it.o
 .debug_abbrev  0x000011a1      0x119 ./Core/Src/system_stm32c0xx.o
 .debug_abbrev  0x000012ba       0x24 ./Core/Startup/startup_stm32c031c6tx.o
 .debug_abbrev  0x000012de      0x2cb ./Drivers/STM32C0xx_HAL_Driver/Src/stm32c0xx_hal.o
 .debug_abbrev  0x000015a9      0x2b7 ./Drivers/STM32C0xx_HAL_Driver/Src/stm32c0xx_hal_cortex.o
 .debug_abbrev  0x00001860      0x1dc ./Drivers/STM32C0xx_HAL_Driver/Src/stm32c0xx_hal_dma.o
 .debug_abbrev  0x00001a3c      0x1d6 ./Drivers/STM32C0xx_HAL_Driver/Src/stm32c0xx_hal_gpio.o
 .debug_abbrev  0x00001c12      0x28b ./Drivers/STM32C0xx_HAL_Driver/Src/stm32c0xx_hal_rcc.o
 .debug_abbrev  0x00001e9d      0x291 ./Drivers/STM32C0xx_HAL_Driver/Src/stm32c0xx_hal_tim.o
 .debug_abbrev  0x0000212e      0x2aa ./Drivers/STM32C0xx_HAL_Driver/Src/stm32c0xx_hal_tim_ex.o
 .debug_abbrev  0x000023d8      0x314 ./Drivers/STM32C0xx_HAL_Driver/Src/stm32c0xx_hal_uart.o
 .debug_abbrev  0x000026ec      0x2e5 ./Drivers/STM32C0xx_HAL_Driver/Src/stm32c0xx_hal_uart_ex.o

.debug_aranges  0x00000000      0xf30
 .debug_aranges
                0x00000000       0x50 ./Core/Src/argb.o
 .debug_aranges
                0x00000050       0x40 ./Core/Src/fan.o
 .debug_aranges
                0x00000090       0x70 ./Core/Src/main.o
 .debug_aranges
                0x00000100       0xa0 ./Core/Src/protocol.o
 .debug_aranges
                0x000001a0       0x38 ./Core/Src/servo.o
 .debug_aranges
                0x000001d8       0x78 ./Core/Src/servo_joint.o
 .debug_aranges
                0x00000250       0x58 ./Core/Src/stm32c0xx_hal_msp.o
 .debug_aranges
                0x000002a8       0x50 ./Core/Src/stm32c0xx_it.o
 .debug_aranges
                0x000002f8       0x28 ./Core/Src/system_stm32c0xx.o
 .debug_aranges
                0x00000320       0x28 ./Core/Startup/startup_stm32c031c6tx.o
 .debug_aranges
                0x00000348      0x100 ./Drivers/STM32C0xx_HAL_Driver/Src/stm32c0xx_hal.o
 .debug_aranges
                0x00000448       0xe8 ./Drivers/STM32C0xx_HAL_Driver/Src/stm32c0xx_hal_cortex.o
 .debug_aranges
                0x00000530       0x90 ./Drivers/STM32C0xx_HAL_Driver/Src/stm32c0xx_hal_dma.o
 .debug_aranges
                0x000005c0       0x68 ./Drivers/STM32C0xx_HAL_Driver/Src/stm32c0xx_hal_gpio.o
 .debug_aranges
                0x00000628       0xa0 ./Drivers/STM32C0xx_HAL_Driver/Src/stm32c0xx_hal_rcc.o
 .debug_aranges
                0x000006c8      0x3e0 ./Drivers/STM32C0xx_HAL_Driver/Src/stm32c0xx_hal_tim.o
 .debug_aranges
                0x00000aa8      0x198 ./Drivers/STM32C0xx_HAL_Driver/Src/stm32c0xx_hal_tim_ex.o
 .debug_aranges
                0x00000c40      0x248 ./Drivers/STM32C0xx_HAL_Driver/Src/stm32c0xx_hal_uart.o
 .debug_aranges
                0x00000e88       0xa8 ./Drivers/STM32C0xx_HAL_Driver/Src/stm32c0xx_hal_uart_ex.o

.debug_rnglists
                0x00000000      0xbec
 .debug_rnglists
                0x00000000       0x39 ./Core/Src/argb.o
 .debug_rnglists
                0x00000039       0x2c ./Core/Src/fan.o
 .debug_rnglists
                0x00000065       0x55 ./Core/Src/main.o
 .debug_rnglists
                0x000000ba       0x7b ./Core/Src/protocol.o
 .debug_rnglists
                0x00000135       0x28 ./Core/Src/servo.o
 .debug_rnglists
                0x0000015d       0x58 ./Core/Src/servo_joint.o
 .debug_rnglists
                0x000001b5       0x41 ./Core/Src/stm32c0xx_hal_msp.o
 .debug_rnglists
                0x000001f6       0x37 ./Core/Src/stm32c0xx_it.o
 .debug_rnglists
                0x0000022d       0x1a ./Core/Src/system_stm32c0xx.o
 .debug_rnglists
                0x00000247       0x19 ./Core/Startup/startup_stm32c031c6tx.o
 .debug_rnglists
                0x00000260       0xbc ./Drivers/STM32C0xx_HAL_Driver/Src/stm32c0xx_hal.o
 .debug_rnglists
                0x0000031c       0xaa ./Drivers/STM32C0xx_HAL_Driver/Src/stm32c0xx_hal_cortex.o
 .debug_rnglists
                0x000003c6       0x72 ./Drivers/STM32C0xx_HAL_Driver/Src/stm32c0xx_hal_dma.o
 .debug_rnglists
                0x00000438       0x4b ./Drivers/STM32C0xx_HAL_Driver/Src/stm32c0xx_hal_gpio.o
 .debug_rnglists
                0x00000483       0x78 ./Drivers/STM32C0xx_HAL_Driver/Src/stm32c0xx_hal_rcc.o
 .debug_rnglists
                0x000004fb      0x32b ./Drivers/STM32C0xx_HAL_Driver/Src/stm32c0xx_hal_tim.o
 .debug_rnglists
                0x00000826      0x14e ./Drivers/STM32C0xx_HAL_Driver/Src/stm32c0xx_hal_tim_ex.o
 .debug_rnglists
                0x00000974      0x1f8 ./Drivers/STM32C0xx_HAL_Driver/Src/stm32c0xx_hal_uart.o
 .debug_rnglists
                0x00000b6c       0x80 ./Drivers/STM32C0xx_HAL_Driver/Src/stm32c0xx_hal_uart_ex.o

.debug_macro    0x00000000    0x1490a
 .debug_macro   0x00000000      0x2cc ./Core/Src/argb.o
 .debug_macro   0x000002cc      0xaae ./Core/Src/argb.o
 .debug_macro   0x00000d7a       0x22 ./Core/Src/argb.o
 .debug_macro   0x00000d9c       0x5b ./Core/Src/argb.o
 .debug_macro   0x00000df7       0x24 ./Core/Src/argb.o
 .debug_macro   0x00000e1b       0x94 ./Core/Src/argb.o
 .debug_macro   0x00000eaf       0x43 ./Core/Src/argb.o
 .debug_macro   0x00000ef2       0x34 ./Core/Src/argb.o
 .debug_macro   0x00000f26      0x190 ./Core/Src/argb.o
 .debug_macro   0x000010b6       0x57 ./Core/Src/argb.o
 .debug_macro   0x0000110d      0x364 ./Core/Src/argb.o
 .debug_macro   0x00001471       0x16 ./Core/Src/argb.o
 .debug_macro   0x00001487       0x4a ./Core/Src/argb.o
 .debug_macro   0x000014d1       0x34 ./Core/Src/argb.o
 .debug_macro   0x00001505       0x10 ./Core/Src/argb.o
 .debug_macro   0x00001515       0x58 ./Core/Src/argb.o
 .debug_macro   0x0000156d       0x8e ./Core/Src/argb.o
 .debug_macro   0x000015fb       0x1c ./Core/Src/argb.o
 .debug_macro   0x00001617      0x17e ./Core/Src/argb.o
 .debug_macro   0x00001795       0x10 ./Core/Src/argb.o
 .debug_macro   0x000017a5       0x3c ./Core/Src/argb.o
 .debug_macro   0x000017e1       0x20 ./Core/Src/argb.o
 .debug_macro   0x00001801       0x2e ./Core/Src/argb.o
 .debug_macro   0x0000182f       0x28 ./Core/Src/argb.o
 .debug_macro   0x00001857      0x103 ./Core/Src/argb.o
 .debug_macro   0x0000195a       0x6a ./Core/Src/argb.o
 .debug_macro   0x000019c4      0x1df ./Core/Src/argb.o
 .debug_macro   0x00001ba3       0x1c ./Core/Src/argb.o
 .debug_macro   0x00001bbf       0x22 ./Core/Src/argb.o
 .debug_macro   0x00001be1       0xd1 ./Core/Src/argb.o
 .debug_macro   0x00001cb2      0x4da ./Core/Src/argb.o
 .debug_macro   0x0000218c      0x11f ./Core/Src/argb.o
 .debug_macro   0x000022ab     0x93c1 ./Core/Src/argb.o
 .debug_macro   0x0000b66c       0x6d ./Core/Src/argb.o
 .debug_macro   0x0000b6d9      0x175 ./Core/Src/argb.o
 .debug_macro   0x0000b84e       0xe9 ./Core/Src/argb.o
 .debug_macro   0x0000b937     0x344e ./Core/Src/argb.o
 .debug_macro   0x0000ed85       0x55 ./Core/Src/argb.o
 .debug_macro   0x0000edda      0x366 ./Core/Src/argb.o
 .debug_macro   0x0000f140      0xb39 ./Core/Src/argb.o
 .debug_macro   0x0000fc79      0x145 ./Core/Src/argb.o
 .debug_macro   0x0000fdbe      0x15f ./Core/Src/argb.o
 .debug_macro   0x0000ff1d      0x19d ./Core/Src/argb.o
 .debug_macro   0x000100ba      0x264 ./Core/Src/argb.o
 .debug_macro   0x0001031e      0x17e ./Core/Src/argb.o
 .debug_macro   0x0001049c       0x43 ./Core/Src/argb.o
 .debug_macro   0x000104df      0x1f1 ./Core/Src/argb.o
 .debug_macro   0x000106d0      0x1b1 ./Core/Src/argb.o
 .debug_macro   0x00010881      0x37c ./Core/Src/argb.o
 .debug_macro   0x00010bfd       0x28 ./Core/Src/argb.o
 .debug_macro   0x00010c25       0xb3 ./Core/Src/argb.o
 .debug_macro   0x00010cd8      0x104 ./Core/Src/argb.o
 .debug_macro   0x00010ddc       0xf6 ./Core/Src/argb.o
 .debug_macro   0x00010ed2      0xaa6 ./Core/Src/argb.o
 .debug_macro   0x00011978       0xd9 ./Core/Src/argb.o
 .debug_macro   0x00011a51      0x67e ./Core/Src/argb.o
 .debug_macro   0x000120cf       0xa6 ./Core/Src/argb.o
 .debug_macro   0x00012175      0x3a9 ./Core/Src/argb.o
 .debug_macro   0x0001251e      0x1e0 ./Core/Src/fan.o
 .debug_macro   0x000126fe       0x8e ./Core/Src/fan.o
 .debug_macro   0x0001278c       0x51 ./Core/Src/fan.o
 .debug_macro   0x000127dd       0x5b ./Core/Src/fan.o
 .debug_macro   0x00012838      0x21c ./Core/Src/main.o
 .debug_macro   0x00012a54       0xc4 ./Core/Src/main.o
 .debug_macro   0x00012b18       0x16 ./Core/Src/main.o
 .debug_macro   0x00012b2e       0x40 ./Core/Src/main.o
 .debug_macro   0x00012b6e       0x1c ./Core/Src/main.o
 .debug_macro   0x00012b8a       0x10 ./Core/Src/main.o
 .debug_macro   0x00012b9a       0x10 ./Core/Src/main.o
 .debug_macro   0x00012baa      0x2d5 ./Core/Src/protocol.o
 .debug_macro   0x00012e7f      0x1df ./Core/Src/servo.o
 .debug_macro   0x0001305e       0x10 ./Core/Src/servo.o
 .debug_macro   0x0001306e      0x1f4 ./Core/Src/servo_joint.o
 .debug_macro   0x00013262      0x1df ./Core/Src/stm32c0xx_hal_msp.o
 .debug_macro   0x00013441      0x1e9 ./Core/Src/stm32c0xx_it.o
 .debug_macro   0x0001362a      0x1d6 ./Core/Src/system_stm32c0xx.o
 .debug_macro   0x00013800      0x1ee ./Drivers/STM32C0xx_HAL_Driver/Src/stm32c0xx_hal.o
 .debug_macro   0x000139ee      0x1d0 ./Drivers/STM32C0xx_HAL_Driver/Src/stm32c0xx_hal_cortex.o
 .debug_macro   0x00013bbe      0x1d0 ./Drivers/STM32C0xx_HAL_Driver/Src/stm32c0xx_hal_dma.o
 .debug_macro   0x00013d8e      0x205 ./Drivers/STM32C0xx_HAL_Driver/Src/stm32c0xx_hal_gpio.o
 .debug_macro   0x00013f93      0x200 ./Drivers/STM32C0xx_HAL_Driver/Src/stm32c0xx_hal_rcc.o
 .debug_macro   0x00014193      0x1d8 ./Drivers/STM32C0xx_HAL_Driver/Src/stm32c0xx_hal_tim.o
 .debug_macro   0x0001436b      0x1d6 ./Drivers/STM32C0xx_HAL_Driver/Src/stm32c0xx_hal_tim_ex.o
 .debug_macro   0x00014541      0x1ed ./Drivers/STM32C0xx_HAL_Driver/Src/stm32c0xx_hal_uart.o
 .debug_macro   0x0001472e      0x1dc ./Drivers/STM32C0xx_HAL_Driver/Src/stm32c0xx_hal_uart_ex.o

.debug_line     0x00000000    0x13118
 .debug_line    0x00000000      0xb28 ./Core/Src/argb.o
 .debug_line    0x00000b28      0x81b ./Core/Src/fan.o
 .debug_line    0x00001343      0xb03 ./Core/Src/main.o
 .debug_line    0x00001e46      0xec0 ./Core/Src/protocol.o
 .debug_line    0x00002d06      0x88c ./Core/Src/servo.o
 .debug_line    0x00003592      0x994 ./Core/Src/servo_joint.o
 .debug_line    0x00003f26      0x93c ./Core/Src/stm32c0xx_hal_msp.o
 .debug_line    0x00004862      0x7f8 ./Core/Src/stm32c0xx_it.o
 .debug_line    0x0000505a      0x7c2 ./Core/Src/system_stm32c0xx.o
 .debug_line    0x0000581c       0x7d ./Core/Startup/startup_stm32c031c6tx.o
 .debug_line    0x00005899      0xaab ./Drivers/STM32C0xx_HAL_Driver/Src/stm32c0xx_hal.o
 .debug_line    0x00006344      0xbbd ./Drivers/STM32C0xx_HAL_Driver/Src/stm32c0xx_hal_cortex.o
 .debug_line    0x00006f01      0xd99 ./Drivers/STM32C0xx_HAL_Driver/Src/stm32c0xx_hal_dma.o
 .debug_line    0x00007c9a      0xbba ./Drivers/STM32C0xx_HAL_Driver/Src/stm32c0xx_hal_gpio.o
 .debug_line    0x00008854      0xdc5 ./Drivers/STM32C0xx_HAL_Driver/Src/stm32c0xx_hal_rcc.o
 .debug_line    0x00009619     0x3c3a ./Drivers/STM32C0xx_HAL_Driver/Src/stm32c0xx_hal_tim.o
 .debug_line    0x0000d253     0x1b59 ./Drivers/STM32C0xx_HAL_Driver/Src/stm32c0xx_hal_tim_ex.o
 .debug_line    0x0000edac     0x3621 ./Drivers/STM32C0xx_HAL_Driver/Src/stm32c0xx_hal_uart.o
 .debug_line    0x000123cd      0xd4b ./Drivers/STM32C0xx_HAL_Driver/Src/stm32c0xx_hal_uart_ex.o

.debug_str      0x00000000    0x7fe25
 .debug_str     0x00000000    0x7fe25 ./Core/Src/argb.o
                              0x7bc5b (size before relaxing)
 .debug_str     0x0007fe25    0x789b7 ./Core/Src/fan.o
 .debug_str     0x0007fe25    0x79a1f ./Core/Src/main.o
 .debug_str     0x0007fe25    0x7c4c6 ./Core/Src/protocol.o
 .debug_str     0x0007fe25    0x789ed ./Core/Src/servo.o
 .debug_str     0x0007fe25    0x78d89 ./Core/Src/servo_joint.o
 .debug_str     0x0007fe25    0x79314 ./Core/Src/stm32c0xx_hal_msp.o
 .debug_str     0x0007fe25    0x78cb1 ./Core/Src/stm32c0xx_it.o
 .debug_str     0x0007fe25    0x7843e ./Core/Src/system_stm32c0xx.o
 .debug_str     0x0007fe25       0x6f ./Core/Startup/startup_stm32c031c6tx.o
 .debug_str     0x0007fe25    0x78a45 ./Drivers/STM32C0xx_HAL_Driver/Src/stm32c0xx_hal.o
 .debug_str     0x0007fe25    0x78857 ./Drivers/STM32C0xx_HAL_Driver/Src/stm32c0xx_hal_cortex.o
 .debug_str     0x0007fe25    0x788b5 ./Drivers/STM32C0xx_HAL_Driver/Src/stm32c0xx_hal_dma.o
 .debug_str     0x0007fe25    0x78636 ./Drivers/STM32C0xx_HAL_Driver/Src/stm32c0xx_hal_gpio.o
 .debug_str     0x0007fe25    0x78a29 ./Drivers/STM32C0xx_HAL_Driver/Src/stm32c0xx_hal_rcc.o
 .debug_str     0x0007fe25    0x7996c ./Drivers/STM32C0xx_HAL_Driver/Src/stm32c0xx_hal_tim.o
 .debug_str     0x0007fe25    0x792f4 ./Drivers/STM32C0xx_HAL_Driver/Src/stm32c0xx_hal_tim_ex.o
 .debug_str     0x0007fe25    0x7938e ./Drivers/STM32C0xx_HAL_Driver/Src/stm32c0xx_hal_uart.o
 .debug_str     0x0007fe25    0x78cb7 ./Drivers/STM32C0xx_HAL_Driver/Src/stm32c0xx_hal_uart_ex.o

.comment        0x00000000       0x43
 .comment       0x00000000       0x43 ./Core/Src/argb.o
                                 0x44 (size before relaxing)
 .comment       0x00000043       0x44 ./Core/Src/fan.o
 .comment       0x00000043       0x44 ./Core/Src/main.o
 .comment       0x00000043       0x44 ./Core/Src/protocol.o
 .comment       0x00000043       0x44 ./Core/Src/servo.o
 .comment       0x00000043       0x44 ./Core/Src/servo_joint.o
 .comment       0x00000043       0x44 ./Core/Src/stm32c0xx_hal_msp.o
 .comment       0x00000043       0x44 ./Core/Src/stm32c0xx_it.o
 .comment       0x00000043       0x44 ./Core/Src/system_stm32c0xx.o
 .comment       0x00000043       0x44 ./Drivers/STM32C0xx_HAL_Driver/Src/stm32c0xx_hal.o
 .comment       0x00000043       0x44 ./Drivers/STM32C0xx_HAL_Driver/Src/stm32c0xx_hal_cortex.o
 .comment       0x00000043       0x44 ./Drivers/STM32C0xx_HAL_Driver/Src/stm32c0xx_hal_dma.o
 .comment       0x00000043       0x44 ./Drivers/STM32C0xx_HAL_Driver/Src/stm32c0xx_hal_gpio.o
 .comment       0x00000043       0x44 ./Drivers/STM32C0xx_HAL_Driver/Src/stm32c0xx_hal_rcc.o
 .comment       0x00000043       0x44 ./Drivers/STM32C0xx_HAL_Driver/Src/stm32c0xx_hal_tim.o
 .comment       0x00000043       0x44 ./Drivers/STM32C0xx_HAL_Driver/Src/stm32c0xx_hal_tim_ex.o
 .comment       0x00000043       0x44 ./Drivers/STM32C0xx_HAL_Driver/Src/stm32c0xx_hal_uart.o
 .comment       0x00000043       0x44 ./Drivers/STM32C0xx_HAL_Driver/Src/stm32c0xx_hal_uart_ex.o

.debug_frame    0x00000000     0x36c0
 .debug_frame   0x00000000       0xf0 ./Core/Src/argb.o
 .debug_frame   0x000000f0       0xa8 ./Core/Src/fan.o
 .debug_frame   0x00000198      0x168 ./Core/Src/main.o
 .debug_frame   0x00000300      0x234 ./Core/Src/protocol.o
 .debug_frame   0x00000534       0x90 ./Core/Src/servo.o
 .debug_frame   0x000005c4      0x194 ./Core/Src/servo_joint.o
 .debug_frame   0x00000758      0x110 ./Core/Src/stm32c0xx_hal_msp.o
 .debug_frame   0x00000868       0xd4 ./Core/Src/stm32c0xx_it.o
 .debug_frame   0x0000093c       0x4c ./Core/Src/system_stm32c0xx.o
 .debug_frame   0x00000988      0x368 ./Drivers/STM32C0xx_HAL_Driver/Src/stm32c0xx_hal.o
 .debug_frame   0x00000cf0      0x33c ./Drivers/STM32C0xx_HAL_Driver/Src/stm32c0xx_hal_cortex.o
 .debug_frame   0x0000102c      0x1f0 ./Drivers/STM32C0xx_HAL_Driver/Src/stm32c0xx_hal_dma.o
 .debug_frame   0x0000121c      0x150 ./Drivers/STM32C0xx_HAL_Driver/Src/stm32c0xx_hal_gpio.o
 .debug_frame   0x0000136c      0x214 ./Drivers/STM32C0xx_HAL_Driver/Src/stm32c0xx_hal_rcc.o
 .debug_frame   0x00001580      0xf40 ./Drivers/STM32C0xx_HAL_Driver/Src/stm32c0xx_hal_tim.o
 .debug_frame   0x000024c0      0x620 ./Drivers/STM32C0xx_HAL_Driver/Src/stm32c0xx_hal_tim_ex.o
 .debug_frame   0x00002ae0      0x8d4 ./Drivers/STM32C0xx_HAL_Driver/Src/stm32c0xx_hal_uart.o
 .debug_frame   0x000033b4      0x258 ./Drivers/STM32C0xx_HAL_Driver/Src/stm32c0xx_hal_uart_ex.o
 .debug_frame   0x0000360c       0x20 C:/Users/sijan/STM32CubeIDE_2.1.1/STM32CubeIDE/plugins/com.st.stm32cube.ide.mcu.externaltools.gnu-tools-for-stm32.14.3.rel1.win32_1.0.100.202602081740/tools/bin/../lib/gcc/arm-none-eabi/14.3.1/../../../../arm-none-eabi/lib/thumb/v6-m/nofp\libc_nano.a(libc_a-memset.o)
 .debug_frame   0x0000362c       0x2c C:/Users/sijan/STM32CubeIDE_2.1.1/STM32CubeIDE/plugins/com.st.stm32cube.ide.mcu.externaltools.gnu-tools-for-stm32.14.3.rel1.win32_1.0.100.202602081740/tools/bin/../lib/gcc/arm-none-eabi/14.3.1/../../../../arm-none-eabi/lib/thumb/v6-m/nofp\libc_nano.a(libc_a-init.o)
 .debug_frame   0x00003658       0x28 C:/Users/sijan/STM32CubeIDE_2.1.1/STM32CubeIDE/plugins/com.st.stm32cube.ide.mcu.externaltools.gnu-tools-for-stm32.14.3.rel1.win32_1.0.100.202602081740/tools/bin/../lib/gcc/arm-none-eabi/14.3.1/../../../../arm-none-eabi/lib/thumb/v6-m/nofp\libc_nano.a(libc_a-memcpy-stub.o)
 .debug_frame   0x00003680       0x20 C:/Users/sijan/STM32CubeIDE_2.1.1/STM32CubeIDE/plugins/com.st.stm32cube.ide.mcu.externaltools.gnu-tools-for-stm32.14.3.rel1.win32_1.0.100.202602081740/tools/bin/../lib/gcc/arm-none-eabi/14.3.1/thumb/v6-m/nofp\libgcc.a(_udivsi3.o)
 .debug_frame   0x000036a0       0x20 C:/Users/sijan/STM32CubeIDE_2.1.1/STM32CubeIDE/plugins/com.st.stm32cube.ide.mcu.externaltools.gnu-tools-for-stm32.14.3.rel1.win32_1.0.100.202602081740/tools/bin/../lib/gcc/arm-none-eabi/14.3.1/thumb/v6-m/nofp\libgcc.a(_divsi3.o)

.debug_line_str
                0x00000000       0x53
 .debug_line_str
                0x00000000       0x53 ./Core/Startup/startup_stm32c031c6tx.o
