Archive member included to satisfy reference by file (symbol)

C:/Users/sijan/STM32CubeIDE_2.1.1/STM32CubeIDE/plugins/com.st.stm32cube.ide.mcu.externaltools.gnu-tools-for-stm32.14.3.rel1.win32_1.0.100.202602081740/tools/bin/../lib/gcc/arm-none-eabi/14.3.1/../../../../arm-none-eabi/lib/thumb/v6-m/nofp\libc_nano.a(libc_a-exit.o)
                              C:/Users/sijan/STM32CubeIDE_2.1.1/STM32CubeIDE/plugins/com.st.stm32cube.ide.mcu.externaltools.gnu-tools-for-stm32.14.3.rel1.win32_1.0.100.202602081740/tools/bin/../lib/gcc/arm-none-eabi/14.3.1/../../../../arm-none-eabi/lib/thumb/v6-m/nofp/crt0.o (exit)
C:/Users/sijan/STM32CubeIDE_2.1.1/STM32CubeIDE/plugins/com.st.stm32cube.ide.mcu.externaltools.gnu-tools-for-stm32.14.3.rel1.win32_1.0.100.202602081740/tools/bin/../lib/gcc/arm-none-eabi/14.3.1/../../../../arm-none-eabi/lib/thumb/v6-m/nofp\libc_nano.a(libc_a-findfp.o)
                              C:/Users/sijan/STM32CubeIDE_2.1.1/STM32CubeIDE/plugins/com.st.stm32cube.ide.mcu.externaltools.gnu-tools-for-stm32.14.3.rel1.win32_1.0.100.202602081740/tools/bin/../lib/gcc/arm-none-eabi/14.3.1/../../../../arm-none-eabi/lib/thumb/v6-m/nofp\libc_nano.a(libc_a-exit.o) (__stdio_exit_handler)
C:/Users/sijan/STM32CubeIDE_2.1.1/STM32CubeIDE/plugins/com.st.stm32cube.ide.mcu.externaltools.gnu-tools-for-stm32.14.3.rel1.win32_1.0.100.202602081740/tools/bin/../lib/gcc/arm-none-eabi/14.3.1/../../../../arm-none-eabi/lib/thumb/v6-m/nofp\libc_nano.a(libc_a-fwalk.o)
                              C:/Users/sijan/STM32CubeIDE_2.1.1/STM32CubeIDE/plugins/com.st.stm32cube.ide.mcu.externaltools.gnu-tools-for-stm32.14.3.rel1.win32_1.0.100.202602081740/tools/bin/../lib/gcc/arm-none-eabi/14.3.1/../../../../arm-none-eabi/lib/thumb/v6-m/nofp\libc_nano.a(libc_a-findfp.o) (_fwalk_sglue)
C:/Users/sijan/STM32CubeIDE_2.1.1/STM32CubeIDE/plugins/com.st.stm32cube.ide.mcu.externaltools.gnu-tools-for-stm32.14.3.rel1.win32_1.0.100.202602081740/tools/bin/../lib/gcc/arm-none-eabi/14.3.1/../../../../arm-none-eabi/lib/thumb/v6-m/nofp\libc_nano.a(libc_a-stdio.o)
                              C:/Users/sijan/STM32CubeIDE_2.1.1/STM32CubeIDE/plugins/com.st.stm32cube.ide.mcu.externaltools.gnu-tools-for-stm32.14.3.rel1.win32_1.0.100.202602081740/tools/bin/../lib/gcc/arm-none-eabi/14.3.1/../../../../arm-none-eabi/lib/thumb/v6-m/nofp\libc_nano.a(libc_a-findfp.o) (__sread)
C:/Users/sijan/STM32CubeIDE_2.1.1/STM32CubeIDE/plugins/com.st.stm32cube.ide.mcu.externaltools.gnu-tools-for-stm32.14.3.rel1.win32_1.0.100.202602081740/tools/bin/../lib/gcc/arm-none-eabi/14.3.1/../../../../arm-none-eabi/lib/thumb/v6-m/nofp\libc_nano.a(libc_a-memset.o)
                              C:/Users/sijan/STM32CubeIDE_2.1.1/STM32CubeIDE/plugins/com.st.stm32cube.ide.mcu.externaltools.gnu-tools-for-stm32.14.3.rel1.win32_1.0.100.202602081740/tools/bin/../lib/gcc/arm-none-eabi/14.3.1/../../../../arm-none-eabi/lib/thumb/v6-m/nofp/crt0.o (memset)
C:/Users/sijan/STM32CubeIDE_2.1.1/STM32CubeIDE/plugins/com.st.stm32cube.ide.mcu.externaltools.gnu-tools-for-stm32.14.3.rel1.win32_1.0.100.202602081740/tools/bin/../lib/gcc/arm-none-eabi/14.3.1/../../../../arm-none-eabi/lib/thumb/v6-m/nofp\libc_nano.a(libc_a-closer.o)
                              C:/Users/sijan/STM32CubeIDE_2.1.1/STM32CubeIDE/plugins/com.st.stm32cube.ide.mcu.externaltools.gnu-tools-for-stm32.14.3.rel1.win32_1.0.100.202602081740/tools/bin/../lib/gcc/arm-none-eabi/14.3.1/../../../../arm-none-eabi/lib/thumb/v6-m/nofp\libc_nano.a(libc_a-stdio.o) (_close_r)
C:/Users/sijan/STM32CubeIDE_2.1.1/STM32CubeIDE/plugins/com.st.stm32cube.ide.mcu.externaltools.gnu-tools-for-stm32.14.3.rel1.win32_1.0.100.202602081740/tools/bin/../lib/gcc/arm-none-eabi/14.3.1/../../../../arm-none-eabi/lib/thumb/v6-m/nofp\libc_nano.a(libc_a-reent.o)
                              C:/Users/sijan/STM32CubeIDE_2.1.1/STM32CubeIDE/plugins/com.st.stm32cube.ide.mcu.externaltools.gnu-tools-for-stm32.14.3.rel1.win32_1.0.100.202602081740/tools/bin/../lib/gcc/arm-none-eabi/14.3.1/../../../../arm-none-eabi/lib/thumb/v6-m/nofp\libc_nano.a(libc_a-closer.o) (errno)
C:/Users/sijan/STM32CubeIDE_2.1.1/STM32CubeIDE/plugins/com.st.stm32cube.ide.mcu.externaltools.gnu-tools-for-stm32.14.3.rel1.win32_1.0.100.202602081740/tools/bin/../lib/gcc/arm-none-eabi/14.3.1/../../../../arm-none-eabi/lib/thumb/v6-m/nofp\libc_nano.a(libc_a-impure.o)
                              C:/Users/sijan/STM32CubeIDE_2.1.1/STM32CubeIDE/plugins/com.st.stm32cube.ide.mcu.externaltools.gnu-tools-for-stm32.14.3.rel1.win32_1.0.100.202602081740/tools/bin/../lib/gcc/arm-none-eabi/14.3.1/../../../../arm-none-eabi/lib/thumb/v6-m/nofp\libc_nano.a(libc_a-reent.o) (_impure_ptr)
C:/Users/sijan/STM32CubeIDE_2.1.1/STM32CubeIDE/plugins/com.st.stm32cube.ide.mcu.externaltools.gnu-tools-for-stm32.14.3.rel1.win32_1.0.100.202602081740/tools/bin/../lib/gcc/arm-none-eabi/14.3.1/../../../../arm-none-eabi/lib/thumb/v6-m/nofp\libc_nano.a(libc_a-lseekr.o)
[...]
Memory Configuration

Name             Origin             Length             Attributes
RAM              0x20000000         0x00003000         xrw
FLASH            0x08000000         0x00008000         xr
*default*        0x00000000         0xffffffff

Linker script and memory map

LOAD C:/Users/sijan/STM32CubeIDE_2.1.1/STM32CubeIDE/plugins/com.st.stm32cube.ide.mcu.externaltools.gnu-tools-for-stm32.14.3.rel1.win32_1.0.100.202602081740/tools/bin/../lib/gcc/arm-none-eabi/14.3.1/thumb/v6-m/nofp/crti.o
LOAD C:/Users/sijan/STM32CubeIDE_2.1.1/STM32CubeIDE/plugins/com.st.stm32cube.ide.mcu.externaltools.gnu-tools-for-stm32.14.3.rel1.win32_1.0.100.202602081740/tools/bin/../lib/gcc/arm-none-eabi/14.3.1/thumb/v6-m/nofp/crtbegin.o
LOAD C:/Users/sijan/STM32CubeIDE_2.1.1/STM32CubeIDE/plugins/com.st.stm32cube.ide.mcu.externaltools.gnu-tools-for-stm32.14.3.rel1.win32_1.0.100.202602081740/tools/bin/../lib/gcc/arm-none-eabi/14.3.1/../../../../arm-none-eabi/lib/thumb/v6-m/nofp/crt0.o
LOAD ./Core/Src/main.o
LOAD ./Core/Src/protocol.o
LOAD ./Core/Src/stm32c0xx_hal_msp.o
LOAD ./Core/Src/stm32c0xx_it.o
LOAD ./Core/Src/syscalls.o
LOAD ./Core/Src/sysmem.o
LOAD ./Core/Src/system_stm32c0xx.o
LOAD ./Core/Startup/startup_stm32c031c6tx.o
LOAD ./Drivers/STM32C0xx_HAL_Driver/Src/stm32c0xx_hal.o
LOAD ./Drivers/STM32C0xx_HAL_Driver/Src/stm32c0xx_hal_cortex.o
LOAD ./Drivers/STM32C0xx_HAL_Driver/Src/stm32c0xx_hal_dma.o
LOAD ./Drivers/STM32C0xx_HAL_Driver/Src/stm32c0xx_hal_dma_ex.o
LOAD ./Drivers/STM32C0xx_HAL_Driver/Src/stm32c0xx_hal_exti.o
LOAD ./Drivers/STM32C0xx_HAL_Driver/Src/stm32c0xx_hal_flash.o
LOAD ./Drivers/STM32C0xx_HAL_Driver/Src/stm32c0xx_hal_flash_ex.o
LOAD ./Drivers/STM32C0xx_HAL_Driver/Src/stm32c0xx_hal_gpio.o
LOAD ./Drivers/STM32C0xx_HAL_Driver/Src/stm32c0xx_hal_pwr.o
LOAD ./Drivers/STM32C0xx_HAL_Driver/Src/stm32c0xx_hal_pwr_ex.o
LOAD ./Drivers/STM32C0xx_HAL_Driver/Src/stm32c0xx_hal_rcc.o
LOAD ./Drivers/STM32C0xx_HAL_Driver/Src/stm32c0xx_hal_rcc_ex.o
LOAD ./Drivers/STM32C0xx_HAL_Driver/Src/stm32c0xx_hal_uart.o
LOAD ./Drivers/STM32C0xx_HAL_Driver/Src/stm32c0xx_hal_uart_ex.o
START GROUP
LOAD C:/Users/sijan/STM32CubeIDE_2.1.1/STM32CubeIDE/plugins/com.st.stm32cube.ide.mcu.externaltools.gnu-tools-for-stm32.14.3.rel1.win32_1.0.100.202602081740/tools/bin/../lib/gcc/arm-none-eabi/14.3.1/../../../../arm-none-eabi/lib/thumb/v6-m/nofp\libc_nano.a
LOAD C:/Users/sijan/STM32CubeIDE_2.1.1/STM32CubeIDE/plugins/com.st.stm32cube.ide.mcu.externaltools.gnu-tools-for-stm32.14.3.rel1.win32_1.0.100.202602081740/tools/bin/../lib/gcc/arm-none-eabi/14.3.1/../../../../arm-none-eabi/lib/thumb/v6-m/nofp\libm.a
END GROUP
START GROUP
LOAD C:/Users/sijan/STM32CubeIDE_2.1.1/STM32CubeIDE/plugins/com.st.stm32cube.ide.mcu.externaltools.gnu-tools-for-stm32.14.3.rel1.win32_1.0.100.202602081740/tools/bin/../lib/gcc/arm-none-eabi/14.3.1/thumb/v6-m/nofp\libgcc.a
LOAD C:/Users/sijan/STM32CubeIDE_2.1.1/STM32CubeIDE/plugins/com.st.stm32cube.ide.mcu.externaltools.gnu-tools-for-stm32.14.3.rel1.win32_1.0.100.202602081740/tools/bin/../lib/gcc/arm-none-eabi/14.3.1/../../../../arm-none-eabi/lib/thumb/v6-m/nofp\libc_nano.a
END GROUP
START GROUP
LOAD C:/Users/sijan/STM32CubeIDE_2.1.1/STM32CubeIDE/plugins/com.st.stm32cube.ide.mcu.externaltools.gnu-tools-for-stm32.14.3.rel1.win32_1.0.100.202602081740/tools/bin/../lib/gcc/arm-none-eabi/14.3.1/thumb/v6-m/nofp\libgcc.a
LOAD C:/Users/sijan/STM32CubeIDE_2.1.1/STM32CubeIDE/plugins/com.st.stm32cube.ide.mcu.externaltools.gnu-tools-for-stm32.14.3.rel1.win32_1.0.100.202602081740/tools/bin/../lib/gcc/arm-none-eabi/14.3.1/../../../../arm-none-eabi/lib/thumb/v6-m/nofp\libc_nano.a
LOAD C:/Users/sijan/STM32CubeIDE_2.1.1/STM32CubeIDE/plugins/com.st.stm32cube.ide.mcu.externaltools.gnu-tools-for-stm32.14.3.rel1.win32_1.0.100.202602081740/tools/bin/../lib/gcc/arm-none-eabi/14.3.1/../../../../arm-none-eabi/lib/thumb/v6-m/nofp\libnosys.a
END GROUP
START GROUP
LOAD C:/Users/sijan/STM32CubeIDE_2.1.1/STM32CubeIDE/plugins/com.st.stm32cube.ide.mcu.externaltools.gnu-tools-for-stm32.14.3.rel1.win32_1.0.100.202602081740/tools/bin/../lib/gcc/arm-none-eabi/14.3.1/thumb/v6-m/nofp\libgcc.a
LOAD C:/Users/sijan/STM32CubeIDE_2.1.1/STM32CubeIDE/plugins/com.st.stm32cube.ide.mcu.externaltools.gnu-tools-for-stm32.14.3.rel1.win32_1.0.100.202602081740/tools/bin/../lib/gcc/arm-none-eabi/14.3.1/../../../../arm-none-eabi/lib/thumb/v6-m/nofp\libc_nano.a
LOAD C:/Users/sijan/STM32CubeIDE_2.1.1/STM32CubeIDE/plugins/com.st.stm32cube.ide.mcu.externaltools.gnu-tools-for-stm32.14.3.rel1.win32_1.0.100.202602081740/tools/bin/../lib/gcc/arm-none-eabi/14.3.1/../../../../arm-none-eabi/lib/thumb/v6-m/nofp\libnosys.a
END GROUP
LOAD C:/Users/sijan/STM32CubeIDE_2.1.1/STM32CubeIDE/plugins/com.st.stm32cube.ide.mcu.externaltools.gnu-tools-for-stm32.14.3.rel1.win32_1.0.100.202602081740/tools/bin/../lib/gcc/arm-none-eabi/14.3.1/thumb/v6-m/nofp/crtend.o
LOAD C:/Users/sijan/STM32CubeIDE_2.1.1/STM32CubeIDE/plugins/com.st.stm32cube.ide.mcu.externaltools.gnu-tools-for-stm32.14.3.rel1.win32_1.0.100.202602081740/tools/bin/../lib/gcc/arm-none-eabi/14.3.1/thumb/v6-m/nofp/crtn.o
                0x20003000                        _estack = (ORIGIN (RAM) + LENGTH (RAM))
                0x00000200                        _Min_Heap_Size = 0x200
                0x00000400                        _Min_Stack_Size = 0x400

.isr_vector     0x08000000       0xc0
                0x08000000                        . = ALIGN (0x4)
 *(.isr_vector)
 .isr_vector    0x08000000       0xc0 ./Core/Startup/startup_stm32c031c6tx.o
                0x08000000                g_pfnVectors
                0x080000c0                        . = ALIGN (0x4)

.text           0x080000c0     0x36dc
                0x080000c0                        . = ALIGN (0x4)
 *(.text)
 .text          0x080000c0       0x48 C:/Users/sijan/STM32CubeIDE_2.1.1/STM32CubeIDE/plugins/com.st.stm32cube.ide.mcu.externaltools.gnu-tools-for-stm32.14.3.rel1.win32_1.0.100.202602081740/tools/bin/../lib/gcc/arm-none-eabi/14.3.1/thumb/v6-m/nofp/crtbegin.o
 .text          0x08000108      0x114 C:/Users/sijan/STM32CubeIDE_2.1.1/STM32CubeIDE/plugins/com.st.stm32cube.ide.mcu.externaltools.gnu-tools-for-stm32.14.3.rel1.win32_1.0.100.202602081740/tools/bin/../lib/gcc/arm-none-eabi/14.3.1/thumb/v6-m/nofp\libgcc.a(_udivsi3.o)
                0x08000108                __aeabi_uidiv
                0x08000108                __udivsi3
                0x08000214                __aeabi_uidivmod
 .text          0x0800021c        0x4 C:/Users/sijan/STM32CubeIDE_2.1.1/STM32CubeIDE/plugins/com.st.stm32cube.ide.mcu.externaltools.gnu-tools-for-stm32.14.3.rel1.win32_1.0.100.202602081740/tools/bin/../lib/gcc/arm-none-eabi/14.3.1/thumb/v6-m/nofp\libgcc.a(_dvmd_tls.o)
                0x0800021c                __aeabi_idiv0
                0x0800021c                __aeabi_ldiv0
 *(.text*)
 .text.main     0x08000220       0x28 ./Core/Src/main.o
                0x08000220                main
 .text.SystemClock_Config
                0x08000248       0x90 ./Core/Src/main.o
                0x08000248                SystemClock_Config
 .text.MX_USART2_UART_Init
                0x080002d8       0x68 ./Core/Src/main.o
 .text.MX_GPIO_Init
                0x08000340       0x5c ./Core/Src/main.o
 .text.HAL_UART_RxCpltCallback
                0x0800039c       0x18 ./Core/Src/main.o
                0x0800039c                HAL_UART_RxCpltCallback
 .text.Error_Handler
                0x080003b4        0xc ./Core/Src/main.o
                0x080003b4                Error_Handler
 .text.crc16_ccitt
                0x080003c0       0xbc ./Core/Src/protocol.o
 .text.send_frame
                0x0800047c       0xbc ./Core/Src/protocol.o
 .text.send_ack
                0x08000538       0x20 ./Core/Src/protocol.o
 .text.send_nack
                0x08000558       0x38 ./Core/Src/protocol.o
 .text.send_status
                0x08000590       0x6c ./Core/Src/protocol.o
 .text.handle_move_arm_to
                0x080005fc       0xc0 ./Core/Src/protocol.o
 .text.handle_frame
                0x080006bc       0x94 ./Core/Src/protocol.o
 .text.on_byte_received
                0x08000750      0x170 ./Core/Src/protocol.o
 .text.Protocol_Init
                0x080008c0       0x68 ./Core/Src/protocol.o
                0x080008c0                Protocol_Init
 .text.Protocol_UART_RxCpltCallback
                0x08000928       0x40 ./Core/Src/protocol.o
                0x08000928                Protocol_UART_RxCpltCallback
 .text.Protocol_Process
                0x08000968       0x68 ./Core/Src/protocol.o
                0x08000968                Protocol_Process
 .text.HAL_MspInit
                0x080009d0       0x48 ./Core/Src/stm32c0xx_hal_msp.o
                0x080009d0                HAL_MspInit
 .text.HAL_UART_MspInit
                0x08000a18       0xa4 ./Core/Src/stm32c0xx_hal_msp.o
                0x08000a18                HAL_UART_MspInit
 .text.NMI_Handler
                0x08000abc        0x8 ./Core/Src/stm32c0xx_it.o
                0x08000abc                NMI_Handler
 .text.HardFault_Handler
                0x08000ac4        0x8 ./Core/Src/stm32c0xx_it.o
                0x08000ac4                HardFault_Handler
 .text.SVC_Handler
                0x08000acc        0xa ./Core/Src/stm32c0xx_it.o
                0x08000acc                SVC_Handler
 .text.PendSV_Handler
                0x08000ad6        0xa ./Core/Src/stm32c0xx_it.o
                0x08000ad6                PendSV_Handler
 .text.SysTick_Handler
                0x08000ae0        0xe ./Core/Src/stm32c0xx_it.o
                0x08000ae0                SysTick_Handler
 *fill*         0x08000aee        0x2 
 .text.USART2_IRQHandler
                0x08000af0       0x18 ./Core/Src/stm32c0xx_it.o
                0x08000af0                USART2_IRQHandler
 .text.SystemInit
                0x08000b08       0x18 ./Core/Src/system_stm32c0xx.o
                0x08000b08                SystemInit
 .text.Reset_Handler
                0x08000b20       0x50 ./Core/Startup/startup_stm32c031c6tx.o
                0x08000b20                Reset_Handler
 .text.Default_Handler
                0x08000b70        0x2 ./Core/Startup/startup_stm32c031c6tx.o
                0x08000b70                TIM1_CC_IRQHandler
                0x08000b70                I2C1_IRQHandler
                0x08000b70                DMAMUX1_IRQHandler
                0x08000b70                SPI1_IRQHandler
                0x08000b70                EXTI2_3_IRQHandler
                0x08000b70                ADC1_IRQHandler
                0x08000b70                TIM17_IRQHandler
                0x08000b70                RTC_IRQHandler
                0x08000b70                TIM16_IRQHandler
                0x08000b70                TIM3_IRQHandler
                0x08000b70                EXTI4_15_IRQHandler
                0x08000b70                RCC_IRQHandler
                0x08000b70                DMA1_Channel1_IRQHandler
                0x08000b70                Default_Handler
                0x08000b70                TIM14_IRQHandler
                0x08000b70                EXTI0_1_IRQHandler
                0x08000b70                WWDG_IRQHandler
                0x08000b70                DMA1_Channel2_3_IRQHandler
                0x08000b70                FLASH_IRQHandler
                0x08000b70                USART1_IRQHandler
                0x08000b70                TIM1_BRK_UP_TRG_COM_IRQHandler
 .text.HAL_Init
                0x08000b72       0x2e ./Drivers/STM32C0xx_HAL_Driver/Src/stm32c0xx_hal.o
                0x08000b72                HAL_Init
 .text.HAL_InitTick
                0x08000ba0       0x94 ./Drivers/STM32C0xx_HAL_Driver/Src/stm32c0xx_hal.o
                0x08000ba0                HAL_InitTick
 .text.HAL_IncTick
                0x08000c34       0x24 ./Drivers/STM32C0xx_HAL_Driver/Src/stm32c0xx_hal.o
                0x08000c34                HAL_IncTick
 .text.HAL_GetTick
                0x08000c58       0x14 ./Drivers/STM32C0xx_HAL_Driver/Src/stm32c0xx_hal.o
                0x08000c58                HAL_GetTick
 .text.__NVIC_EnableIRQ
                0x08000c6c       0x34 ./Drivers/STM32C0xx_HAL_Driver/Src/stm32c0xx_hal_cortex.o
 .text.__NVIC_SetPriority
                0x08000ca0       0xdc ./Drivers/STM32C0xx_HAL_Driver/Src/stm32c0xx_hal_cortex.o
 .text.SysTick_Config
                0x08000d7c       0x48 ./Drivers/STM32C0xx_HAL_Driver/Src/stm32c0xx_hal_cortex.o
 .text.HAL_NVIC_SetPriority
                0x08000dc4       0x2a ./Drivers/STM32C0xx_HAL_Driver/Src/stm32c0xx_hal_cortex.o
                0x08000dc4                HAL_NVIC_SetPriority
 .text.HAL_NVIC_EnableIRQ
                0x08000dee       0x20 ./Drivers/STM32C0xx_HAL_Driver/Src/stm32c0xx_hal_cortex.o
                0x08000dee                HAL_NVIC_EnableIRQ
 .text.HAL_SYSTICK_Config
                0x08000e0e       0x1a ./Drivers/STM32C0xx_HAL_Driver/Src/stm32c0xx_hal_cortex.o
                0x08000e0e                HAL_SYSTICK_Config
 .text.HAL_DMA_Abort
                0x08000e28       0xc4 ./Drivers/STM32C0xx_HAL_Driver/Src/stm32c0xx_hal_dma.o
                0x08000e28                HAL_DMA_Abort
 .text.HAL_DMA_Abort_IT
                0x08000eec       0xd4 ./Drivers/STM32C0xx_HAL_Driver/Src/stm32c0xx_hal_dma.o
                0x08000eec                HAL_DMA_Abort_IT
 .text.HAL_GPIO_Init
                0x08000fc0      0x2e4 ./Drivers/STM32C0xx_HAL_Driver/Src/stm32c0xx_hal_gpio.o
                0x08000fc0                HAL_GPIO_Init
 .text.HAL_RCC_OscConfig
                0x080012a4      0x3c8 ./Drivers/STM32C0xx_HAL_Driver/Src/stm32c0xx_hal_rcc.o
                0x080012a4                HAL_RCC_OscConfig
 .text.HAL_RCC_ClockConfig
                0x0800166c      0x200 ./Drivers/STM32C0xx_HAL_Driver/Src/stm32c0xx_hal_rcc.o
                0x0800166c                HAL_RCC_ClockConfig
 .text.HAL_RCC_GetSysClockFreq
                0x0800186c       0x80 ./Drivers/STM32C0xx_HAL_Driver/Src/stm32c0xx_hal_rcc.o
                0x0800186c                HAL_RCC_GetSysClockFreq
 .text.HAL_RCC_GetHCLKFreq
                0x080018ec       0x3c ./Drivers/STM32C0xx_HAL_Driver/Src/stm32c0xx_hal_rcc.o
                0x080018ec                HAL_RCC_GetHCLKFreq
 .text.HAL_RCC_GetPCLK1Freq
                0x08001928       0x30 ./Drivers/STM32C0xx_HAL_Driver/Src/stm32c0xx_hal_rcc.o
                0x08001928                HAL_RCC_GetPCLK1Freq
 .text.HAL_UART_Init
                0x08001958       0xac ./Drivers/STM32C0xx_HAL_Driver/Src/stm32c0xx_hal_uart.o
                0x08001958                HAL_UART_Init
 .text.HAL_UART_Transmit
                0x08001a04      0x15c ./Drivers/STM32C0xx_HAL_Driver/Src/stm32c0xx_hal_uart.o
                0x08001a04                HAL_UART_Transmit
 .text.HAL_UART_Receive_IT
                0x08001b60       0xae ./Drivers/STM32C0xx_HAL_Driver/Src/stm32c0xx_hal_uart.o
                0x08001b60                HAL_UART_Receive_IT
 *fill*         0x08001c0e        0x2 
 .text.HAL_UART_IRQHandler
                0x08001c10      0x68c ./Drivers/STM32C0xx_HAL_Driver/Src/stm32c0xx_hal_uart.o
                0x08001c10                HAL_UART_IRQHandler
 .text.HAL_UART_TxCpltCallback
                0x0800229c       0x10 ./Drivers/STM32C0xx_HAL_Driver/Src/stm32c0xx_hal_uart.o
                0x0800229c                HAL_UART_TxCpltCallback
 .text.HAL_UART_ErrorCallback
                0x080022ac       0x10 ./Drivers/STM32C0xx_HAL_Driver/Src/stm32c0xx_hal_uart.o
                0x080022ac                HAL_UART_ErrorCallback
 .text.HAL_UARTEx_RxEventCallback
                0x080022bc       0x16 ./Drivers/STM32C0xx_HAL_Driver/Src/stm32c0xx_hal_uart.o
                0x080022bc                HAL_UARTEx_RxEventCallback
 *fill*         0x080022d2        0x2 
 .text.UART_SetConfig
                0x080022d4      0x2fc ./Drivers/STM32C0xx_HAL_Driver/Src/stm32c0xx_hal_uart.o
                0x080022d4                UART_SetConfig
 .text.UART_AdvFeatureConfig
                0x080025d0      0x168 ./Drivers/STM32C0xx_HAL_Driver/Src/stm32c0xx_hal_uart.o
                0x080025d0                UART_AdvFeatureConfig
 .text.UART_CheckIdleState
                0x08002738      0x154 ./Drivers/STM32C0xx_HAL_Driver/Src/stm32c0xx_hal_uart.o
                0x08002738                UART_CheckIdleState
 .text.UART_WaitOnFlagUntilTimeout
                0x0800288c       0xde ./Drivers/STM32C0xx_HAL_Driver/Src/stm32c0xx_hal_uart.o
                0x0800288c                UART_WaitOnFlagUntilTimeout
 *fill*         0x0800296a        0x2 
 .text.UART_Start_Receive_IT
                0x0800296c      0x248 ./Drivers/STM32C0xx_HAL_Driver/Src/stm32c0xx_hal_uart.o
                0x0800296c                UART_Start_Receive_IT
 .text.UART_EndRxTransfer
                0x08002bb4       0xcc ./Drivers/STM32C0xx_HAL_Driver/Src/stm32c0xx_hal_uart.o
 .text.UART_DMAAbortOnError
                0x08002c80       0x1e ./Drivers/STM32C0xx_HAL_Driver/Src/stm32c0xx_hal_uart.o
 .text.UART_EndTransmit_IT
                0x08002c9e       0x58 ./Drivers/STM32C0xx_HAL_Driver/Src/stm32c0xx_hal_uart.o
 *fill*         0x08002cf6        0x2 
 .text.UART_RxISR_8BIT
                0x08002cf8      0x1b8 ./Drivers/STM32C0xx_HAL_Driver/Src/stm32c0xx_hal_uart.o
 .text.UART_RxISR_16BIT
                0x08002eb0      0x1b8 ./Drivers/STM32C0xx_HAL_Driver/Src/stm32c0xx_hal_uart.o
 .text.UART_RxISR_8BIT_FIFOEN
                0x08003068      0x334 ./Drivers/STM32C0xx_HAL_Driver/Src/stm32c0xx_hal_uart.o
 .text.UART_RxISR_16BIT_FIFOEN
                0x0800339c      0x34c ./Drivers/STM32C0xx_HAL_Driver/Src/stm32c0xx_hal_uart.o
 .text.HAL_UARTEx_WakeupCallback
                0x080036e8       0x10 ./Drivers/STM32C0xx_HAL_Driver/Src/stm32c0xx_hal_uart_ex.o
                0x080036e8                HAL_UARTEx_WakeupCallback
 .text.HAL_UARTEx_RxFifoFullCallback
                0x080036f8       0x10 ./Drivers/STM32C0xx_HAL_Driver/Src/stm32c0xx_hal_uart_ex.o
                0x080036f8                HAL_UARTEx_RxFifoFullCallback
 .text.HAL_UARTEx_TxFifoEmptyCallback
                0x08003708       0x10 ./Drivers/STM32C0xx_HAL_Driver/Src/stm32c0xx_hal_uart_ex.o
                0x08003708                HAL_UARTEx_TxFifoEmptyCallback
 .text.memset   0x08003718       0x10 C:/Users/sijan/STM32CubeIDE_2.1.1/STM32CubeIDE/plugins/com.st.stm32cube.ide.mcu.externaltools.gnu-tools-for-stm32.14.3.rel1.win32_1.0.100.202602081740/tools/bin/../lib/gcc/arm-none-eabi/14.3.1/../../../../arm-none-eabi/lib/thumb/v6-m/nofp\libc_nano.a(libc_a-memset.o)
                0x08003718                memset
 .text.__libc_init_array
                0x08003728       0x48 C:/Users/sijan/STM32CubeIDE_2.1.1/STM32CubeIDE/plugins/com.st.stm32cube.ide.mcu.externaltools.gnu-tools-for-stm32.14.3.rel1.win32_1.0.100.202602081740/tools/bin/../lib/gcc/arm-none-eabi/14.3.1/../../../../arm-none-eabi/lib/thumb/v6-m/nofp\libc_nano.a(libc_a-init.o)
                0x08003728                __libc_init_array
 .text.memcpy   0x08003770       0x12 C:/Users/sijan/STM32CubeIDE_2.1.1/STM32CubeIDE/plugins/com.st.stm32cube.ide.mcu.externaltools.gnu-tools-for-stm32.14.3.rel1.win32_1.0.100.202602081740/tools/bin/../lib/gcc/arm-none-eabi/14.3.1/../../../../arm-none-eabi/lib/thumb/v6-m/nofp\libc_nano.a(libc_a-memcpy-stub.o)
                0x08003770                memcpy
 *(.glue_7)
 .glue_7        0x08003782        0x0 linker stubs
 *(.glue_7t)
 .glue_7t       0x08003782        0x0 linker stubs
 *(.eh_frame)
 *fill*         0x08003782        0x2 
 .eh_frame      0x08003784        0x0 C:/Users/sijan/STM32CubeIDE_2.1.1/STM32CubeIDE/plugins/com.st.stm32cube.ide.mcu.externaltools.gnu-tools-for-stm32.14.3.rel1.win32_1.0.100.202602081740/tools/bin/../lib/gcc/arm-none-eabi/14.3.1/thumb/v6-m/nofp/crtbegin.o
 *(.init)
 .init          0x08003784        0x4 C:/Users/sijan/STM32CubeIDE_2.1.1/STM32CubeIDE/plugins/com.st.stm32cube.ide.mcu.externaltools.gnu-tools-for-stm32.14.3.rel1.win32_1.0.100.202602081740/tools/bin/../lib/gcc/arm-none-eabi/14.3.1/thumb/v6-m/nofp/crti.o
                0x08003784                _init
 .init          0x08003788        0x8 C:/Users/sijan/STM32CubeIDE_2.1.1/STM32CubeIDE/plugins/com.st.stm32cube.ide.mcu.externaltools.gnu-tools-for-stm32.14.3.rel1.win32_1.0.100.202602081740/tools/bin/../lib/gcc/arm-none-eabi/14.3.1/thumb/v6-m/nofp/crtn.o
 *(.fini)
 .fini          0x08003790        0x4 C:/Users/sijan/STM32CubeIDE_2.1.1/STM32CubeIDE/plugins/com.st.stm32cube.ide.mcu.externaltools.gnu-tools-for-stm32.14.3.rel1.win32_1.0.100.202602081740/tools/bin/../lib/gcc/arm-none-eabi/14.3.1/thumb/v6-m/nofp/crti.o
                0x08003790                _fini
 .fini          0x08003794        0x8 C:/Users/sijan/STM32CubeIDE_2.1.1/STM32CubeIDE/plugins/com.st.stm32cube.ide.mcu.externaltools.gnu-tools-for-stm32.14.3.rel1.win32_1.0.100.202602081740/tools/bin/../lib/gcc/arm-none-eabi/14.3.1/thumb/v6-m/nofp/crtn.o
                0x0800379c                        . = ALIGN (0x4)
                0x0800379c                        _etext = .

.vfp11_veneer   0x0800379c        0x0
 .vfp11_veneer  0x0800379c        0x0 linker stubs

.v4_bx          0x0800379c        0x0
 .v4_bx         0x0800379c        0x0 linker stubs

.iplt           0x0800379c        0x0
 .iplt          0x0800379c        0x0 C:/Users/sijan/STM32CubeIDE_2.1.1/STM32CubeIDE/plugins/com.st.stm32cube.ide.mcu.externaltools.gnu-tools-for-stm32.14.3.rel1.win32_1.0.100.202602081740/tools/bin/../lib/gcc/arm-none-eabi/14.3.1/thumb/v6-m/nofp/crtbegin.o

.rodata         0x0800379c       0x8c
                0x0800379c                        . = ALIGN (0x4)
 *(.rodata)
 *(.rodata*)
 .rodata.on_byte_received
                0x0800379c       0x14 ./Core/Src/protocol.o
 .rodata.AHBPrescTable
                0x080037b0       0x40 ./Core/Src/system_stm32c0xx.o
                0x080037b0                AHBPrescTable
 .rodata.APBPrescTable
                0x080037f0       0x20 ./Core/Src/system_stm32c0xx.o
                0x080037f0                APBPrescTable
 .rodata.UARTPrescTable
                0x08003810       0x18 ./Drivers/STM32C0xx_HAL_Driver/Src/stm32c0xx_hal_uart.o
                0x08003810                UARTPrescTable
                0x08003828                        . = ALIGN (0x4)

.ARM.extab      0x08003828        0x0
                0x08003828                        . = ALIGN (0x4)
 *(.ARM.extab* .gnu.linkonce.armextab.*)
                0x08003828                        . = ALIGN (0x4)

.ARM            0x08003828        0x0
                0x08003828                        . = ALIGN (0x4)
                0x08003828                        __exidx_start = .
 *(.ARM.exidx*)
                0x08003828                        __exidx_end = .
                0x08003828                        . = ALIGN (0x4)

.preinit_array  0x08003828        0x0
                0x08003828                        . = ALIGN (0x4)
                0x08003828                        PROVIDE (__preinit_array_start = .)
 *(.preinit_array*)
                0x08003828                        PROVIDE (__preinit_array_end = .)
                0x08003828                        . = ALIGN (0x4)

.init_array     0x08003828        0x4
                0x08003828                        . = ALIGN (0x4)
                0x08003828                        PROVIDE (__init_array_start = .)
 *(SORT_BY_NAME(.init_array.*))
 *(.init_array*)
 .init_array    0x08003828        0x4 C:/Users/sijan/STM32CubeIDE_2.1.1/STM32CubeIDE/plugins/com.st.stm32cube.ide.mcu.externaltools.gnu-tools-for-stm32.14.3.rel1.win32_1.0.100.202602081740/tools/bin/../lib/gcc/arm-none-eabi/14.3.1/thumb/v6-m/nofp/crtbegin.o
                0x0800382c                        PROVIDE (__init_array_end = .)
                0x0800382c                        . = ALIGN (0x4)

.fini_array     0x0800382c        0x4
                0x0800382c                        . = ALIGN (0x4)
                [!provide]                        PROVIDE (__fini_array_start = .)
 *(SORT_BY_NAME(.fini_array.*))
 *(.fini_array*)
 .fini_array    0x0800382c        0x4 C:/Users/sijan/STM32CubeIDE_2.1.1/STM32CubeIDE/plugins/com.st.stm32cube.ide.mcu.externaltools.gnu-tools-for-stm32.14.3.rel1.win32_1.0.100.202602081740/tools/bin/../lib/gcc/arm-none-eabi/14.3.1/thumb/v6-m/nofp/crtbegin.o
                [!provide]                        PROVIDE (__fini_array_end = .)
                0x08003830                        . = ALIGN (0x4)
                0x08003830                        _sidata = LOADADDR (.data)

.rel.dyn        0x08003830        0x0
 .rel.iplt      0x08003830        0x0 C:/Users/sijan/STM32CubeIDE_2.1.1/STM32CubeIDE/plugins/com.st.stm32cube.ide.mcu.externaltools.gnu-tools-for-stm32.14.3.rel1.win32_1.0.100.202602081740/tools/bin/../lib/gcc/arm-none-eabi/14.3.1/thumb/v6-m/nofp/crtbegin.o

.data           0x20000000        0xc load address 0x08003830
                0x20000000                        . = ALIGN (0x4)
                0x20000000                        _sdata = .
 *(.data)
 *(.data*)
 .data.SystemCoreClock
                0x20000000        0x4 ./Core/Src/system_stm32c0xx.o
                0x20000000                SystemCoreClock
 .data.uwTickPrio
                0x20000004        0x4 ./Drivers/STM32C0xx_HAL_Driver/Src/stm32c0xx_hal.o
                0x20000004                uwTickPrio
 .data.uwTickFreq
                0x20000008        0x1 ./Drivers/STM32C0xx_HAL_Driver/Src/stm32c0xx_hal.o
                0x20000008                uwTickFreq
 *(.RamFunc)
 *(.RamFunc*)
                0x2000000c                        . = ALIGN (0x4)
 *fill*         0x20000009        0x3 
                0x2000000c                        _edata = .

.igot.plt       0x2000000c        0x0 load address 0x0800383c
 .igot.plt      0x2000000c        0x0 C:/Users/sijan/STM32CubeIDE_2.1.1/STM32CubeIDE/plugins/com.st.stm32cube.ide.mcu.externaltools.gnu-tools-for-stm32.14.3.rel1.win32_1.0.100.202602081740/tools/bin/../lib/gcc/arm-none-eabi/14.3.1/thumb/v6-m/nofp/crtbegin.o
                0x2000000c                        . = ALIGN (0x4)

.bss            0x2000000c       0xf8 load address 0x0800383c
                0x2000000c                        _sbss = .
                0x2000000c                        __bss_start__ = _sbss
 *(.bss)
 .bss           0x2000000c       0x1c C:/Users/sijan/STM32CubeIDE_2.1.1/STM32CubeIDE/plugins/com.st.stm32cube.ide.mcu.externaltools.gnu-tools-for-stm32.14.3.rel1.win32_1.0.100.202602081740/tools/bin/../lib/gcc/arm-none-eabi/14.3.1/thumb/v6-m/nofp/crtbegin.o
 *(.bss*)
 .bss.huart2    0x20000028       0x94 ./Core/Src/main.o
                0x20000028                huart2
 .bss.s_huart   0x200000bc        0x4 ./Core/Src/protocol.o
 .bss.s_rx_byte
                0x200000c0        0x1 ./Core/Src/protocol.o
 .bss.s_rx_state
                0x200000c1        0x1 ./Core/Src/protocol.o
 .bss.s_rx_len  0x200000c2        0x1 ./Core/Src/protocol.o
 .bss.s_rx_idx  0x200000c3        0x1 ./Core/Src/protocol.o
 .bss.s_rx_buf  0x200000c4       0x11 ./Core/Src/protocol.o
 *fill*         0x200000d5        0x1 
 .bss.s_rx_crc  0x200000d6        0x2 ./Core/Src/protocol.o
 .bss.s_frame_ready
                0x200000d8        0x1 ./Core/Src/protocol.o
 .bss.s_frame_cmd
                0x200000d9        0x1 ./Core/Src/protocol.o
 *fill*         0x200000da        0x2 
 .bss.s_frame_payload
                0x200000dc       0x10 ./Core/Src/protocol.o
 .bss.s_frame_payload_len
                0x200000ec        0x1 ./Core/Src/protocol.o
 *fill*         0x200000ed        0x3 
 .bss.s_last_heartbeat_tick
                0x200000f0        0x4 ./Core/Src/protocol.o
 .bss.s_estopped
                0x200000f4        0x1 ./Core/Src/protocol.o
 *fill*         0x200000f5        0x3 
 .bss.s_joint_angle_cdeg
                0x200000f8        0x8 ./Core/Src/protocol.o
 .bss.uwTick    0x20000100        0x4 ./Drivers/STM32C0xx_HAL_Driver/Src/stm32c0xx_hal.o
                0x20000100                uwTick
 *(COMMON)
                0x20000104                        . = ALIGN (0x4)
                0x20000104                        _ebss = .
                0x20000104                        __bss_end__ = _ebss

._user_heap_stack
                0x20000104      0x604 load address 0x0800383c
                0x20000108                        . = ALIGN (0x8)
 *fill*         0x20000104        0x4 
                [!provide]                        PROVIDE (end = .)
                0x20000108                        PROVIDE (_end = .)
                0x20000308                        . = (. + _Min_Heap_Size)
 *fill*         0x20000108      0x200 
                0x20000708                        . = (. + _Min_Stack_Size)
 *fill*         0x20000308      0x400 
                0x20000708                        . = ALIGN (0x8)

/DISCARD/
 libc.a(*)
 libm.a(*)
 libgcc.a(*)

.ARM.attributes
                0x00000000       0x28
 *(.ARM.attributes)
 .ARM.attributes
                0x00000000       0x1e C:/Users/sijan/STM32CubeIDE_2.1.1/STM32CubeIDE/plugins/com.st.stm32cube.ide.mcu.externaltools.gnu-tools-for-stm32.14.3.rel1.win32_1.0.100.202602081740/tools/bin/../lib/gcc/arm-none-eabi/14.3.1/thumb/v6-m/nofp/crti.o
 .ARM.attributes
                0x0000001e       0x2c C:/Users/sijan/STM32CubeIDE_2.1.1/STM32CubeIDE/plugins/com.st.stm32cube.ide.mcu.externaltools.gnu-tools-for-stm32.14.3.rel1.win32_1.0.100.202602081740/tools/bin/../lib/gcc/arm-none-eabi/14.3.1/thumb/v6-m/nofp/crtbegin.o
 .ARM.attributes
                0x0000004a       0x2c ./Core/Src/main.o
 .ARM.attributes
                0x00000076       0x2c ./Core/Src/protocol.o
 .ARM.attributes
                0x000000a2       0x2c ./Core/Src/stm32c0xx_hal_msp.o
 .ARM.attributes
                0x000000ce       0x2c ./Core/Src/stm32c0xx_it.o
 .ARM.attributes
                0x000000fa       0x2c ./Core/Src/system_stm32c0xx.o
 .ARM.attributes
                0x00000126       0x22 ./Core/Startup/startup_stm32c031c6tx.o
 .ARM.attributes
                0x00000148       0x2c ./Drivers/STM32C0xx_HAL_Driver/Src/stm32c0xx_hal.o
 .ARM.attributes
                0x00000174       0x2c ./Drivers/STM32C0xx_HAL_Driver/Src/stm32c0xx_hal_cortex.o
 .ARM.attributes
                0x000001a0       0x2c ./Drivers/STM32C0xx_HAL_Driver/Src/stm32c0xx_hal_dma.o
 .ARM.attributes
                0x000001cc       0x2c ./Drivers/STM32C0xx_HAL_Driver/Src/stm32c0xx_hal_gpio.o
 .ARM.attributes
                0x000001f8       0x2c ./Drivers/STM32C0xx_HAL_Driver/Src/stm32c0xx_hal_rcc.o
 .ARM.attributes
                0x00000224       0x2c ./Drivers/STM32C0xx_HAL_Driver/Src/stm32c0xx_hal_uart.o
 .ARM.attributes
                0x00000250       0x2c ./Drivers/STM32C0xx_HAL_Driver/Src/stm32c0xx_hal_uart_ex.o
 .ARM.attributes
                0x0000027c       0x2c C:/Users/sijan/STM32CubeIDE_2.1.1/STM32CubeIDE/plugins/com.st.stm32cube.ide.mcu.externaltools.gnu-tools-for-stm32.14.3.rel1.win32_1.0.100.202602081740/tools/bin/../lib/gcc/arm-none-eabi/14.3.1/../../../../arm-none-eabi/lib/thumb/v6-m/nofp\libc_nano.a(libc_a-memset.o)
 .ARM.attributes
                0x000002a8       0x2c C:/Users/sijan/STM32CubeIDE_2.1.1/STM32CubeIDE/plugins/com.st.stm32cube.ide.mcu.externaltools.gnu-tools-for-stm32.14.3.rel1.win32_1.0.100.202602081740/tools/bin/../lib/gcc/arm-none-eabi/14.3.1/../../../../arm-none-eabi/lib/thumb/v6-m/nofp\libc_nano.a(libc_a-init.o)
 .ARM.attributes
                0x000002d4       0x2c C:/Users/sijan/STM32CubeIDE_2.1.1/STM32CubeIDE/plugins/com.st.stm32cube.ide.mcu.externaltools.gnu-tools-for-stm32.14.3.rel1.win32_1.0.100.202602081740/tools/bin/../lib/gcc/arm-none-eabi/14.3.1/../../../../arm-none-eabi/lib/thumb/v6-m/nofp\libc_nano.a(libc_a-memcpy-stub.o)
 .ARM.attributes
                0x00000300       0x1e C:/Users/sijan/STM32CubeIDE_2.1.1/STM32CubeIDE/plugins/com.st.stm32cube.ide.mcu.externaltools.gnu-tools-for-stm32.14.3.rel1.win32_1.0.100.202602081740/tools/bin/../lib/gcc/arm-none-eabi/14.3.1/thumb/v6-m/nofp\libgcc.a(_udivsi3.o)
 .ARM.attributes
                0x0000031e       0x1e C:/Users/sijan/STM32CubeIDE_2.1.1/STM32CubeIDE/plugins/com.st.stm32cube.ide.mcu.externaltools.gnu-tools-for-stm32.14.3.rel1.win32_1.0.100.202602081740/tools/bin/../lib/gcc/arm-none-eabi/14.3.1/thumb/v6-m/nofp\libgcc.a(_dvmd_tls.o)
 .ARM.attributes
                0x0000033c       0x1e C:/Users/sijan/STM32CubeIDE_2.1.1/STM32CubeIDE/plugins/com.st.stm32cube.ide.mcu.externaltools.gnu-tools-for-stm32.14.3.rel1.win32_1.0.100.202602081740/tools/bin/../lib/gcc/arm-none-eabi/14.3.1/thumb/v6-m/nofp/crtn.o
OUTPUT(orio-stm-motion.elf elf32-littlearm)
LOAD linker stubs
LOAD C:/Users/sijan/STM32CubeIDE_2.1.1/STM32CubeIDE/plugins/com.st.stm32cube.ide.mcu.externaltools.gnu-tools-for-stm32.14.3.rel1.win32_1.0.100.202602081740/tools/bin/../lib/gcc/arm-none-eabi/14.3.1/../../../../arm-none-eabi/lib/thumb/v6-m/nofp\libc.a
LOAD C:/Users/sijan/STM32CubeIDE_2.1.1/STM32CubeIDE/plugins/com.st.stm32cube.ide.mcu.externaltools.gnu-tools-for-stm32.14.3.rel1.win32_1.0.100.202602081740/tools/bin/../lib/gcc/arm-none-eabi/14.3.1/../../../../arm-none-eabi/lib/thumb/v6-m/nofp\libm.a
LOAD C:/Users/sijan/STM32CubeIDE_2.1.1/STM32CubeIDE/plugins/com.st.stm32cube.ide.mcu.externaltools.gnu-tools-for-stm32.14.3.rel1.win32_1.0.100.202602081740/tools/bin/../lib/gcc/arm-none-eabi/14.3.1/thumb/v6-m/nofp\libgcc.a

.debug_info     0x00000000     0xaef6
 .debug_info    0x00000000      0xc45 ./Core/Src/main.o
 .debug_info    0x00000c45      0xc94 ./Core/Src/protocol.o
 .debug_info    0x000018d9      0xb8e ./Core/Src/stm32c0xx_hal_msp.o
 .debug_info    0x00002467      0x7b1 ./Core/Src/stm32c0xx_it.o
 .debug_info    0x00002c18      0x373 ./Core/Src/system_stm32c0xx.o
 .debug_info    0x00002f8b       0x30 ./Core/Startup/startup_stm32c031c6tx.o
 .debug_info    0x00002fbb      0x841 ./Drivers/STM32C0xx_HAL_Driver/Src/stm32c0xx_hal.o
 .debug_info    0x000037fc      0x87b ./Drivers/STM32C0xx_HAL_Driver/Src/stm32c0xx_hal_cortex.o
 .debug_info    0x00004077      0x830 ./Drivers/STM32C0xx_HAL_Driver/Src/stm32c0xx_hal_dma.o
 .debug_info    0x000048a7      0x5b7 ./Drivers/STM32C0xx_HAL_Driver/Src/stm32c0xx_hal_gpio.o
 .debug_info    0x00004e5e      0x903 ./Drivers/STM32C0xx_HAL_Driver/Src/stm32c0xx_hal_rcc.o
 .debug_info    0x00005761     0x4828 ./Drivers/STM32C0xx_HAL_Driver/Src/stm32c0xx_hal_uart.o
 .debug_info    0x00009f89      0xf6d ./Drivers/STM32C0xx_HAL_Driver/Src/stm32c0xx_hal_uart_ex.o

.debug_abbrev   0x00000000     0x1ae5
 .debug_abbrev  0x00000000      0x26a ./Core/Src/main.o
 .debug_abbrev  0x0000026a      0x23c ./Core/Src/protocol.o
 .debug_abbrev  0x000004a6      0x1c8 ./Core/Src/stm32c0xx_hal_msp.o
 .debug_abbrev  0x0000066e      0x182 ./Core/Src/stm32c0xx_it.o
 .debug_abbrev  0x000007f0      0x119 ./Core/Src/system_stm32c0xx.o
 .debug_abbrev  0x00000909       0x24 ./Core/Startup/startup_stm32c031c6tx.o
 .debug_abbrev  0x0000092d      0x2cb ./Drivers/STM32C0xx_HAL_Driver/Src/stm32c0xx_hal.o
 .debug_abbrev  0x00000bf8      0x2b7 ./Drivers/STM32C0xx_HAL_Driver/Src/stm32c0xx_hal_cortex.o
 .debug_abbrev  0x00000eaf      0x1dc ./Drivers/STM32C0xx_HAL_Driver/Src/stm32c0xx_hal_dma.o
 .debug_abbrev  0x0000108b      0x1d6 ./Drivers/STM32C0xx_HAL_Driver/Src/stm32c0xx_hal_gpio.o
 .debug_abbrev  0x00001261      0x28b ./Drivers/STM32C0xx_HAL_Driver/Src/stm32c0xx_hal_rcc.o
 .debug_abbrev  0x000014ec      0x314 ./Drivers/STM32C0xx_HAL_Driver/Src/stm32c0xx_hal_uart.o
 .debug_abbrev  0x00001800      0x2e5 ./Drivers/STM32C0xx_HAL_Driver/Src/stm32c0xx_hal_uart_ex.o

.debug_aranges  0x00000000      0x7f0
 .debug_aranges
                0x00000000       0x48 ./Core/Src/main.o
 .debug_aranges
                0x00000048       0x70 ./Core/Src/protocol.o
 .debug_aranges
                0x000000b8       0x30 ./Core/Src/stm32c0xx_hal_msp.o
 .debug_aranges
                0x000000e8       0x48 ./Core/Src/stm32c0xx_it.o
 .debug_aranges
                0x00000130       0x28 ./Core/Src/system_stm32c0xx.o
 .debug_aranges
                0x00000158       0x28 ./Core/Startup/startup_stm32c031c6tx.o
 .debug_aranges
                0x00000180      0x100 ./Drivers/STM32C0xx_HAL_Driver/Src/stm32c0xx_hal.o
 .debug_aranges
                0x00000280       0xe8 ./Drivers/STM32C0xx_HAL_Driver/Src/stm32c0xx_hal_cortex.o
 .debug_aranges
                0x00000368       0x90 ./Drivers/STM32C0xx_HAL_Driver/Src/stm32c0xx_hal_dma.o
 .debug_aranges
                0x000003f8       0x68 ./Drivers/STM32C0xx_HAL_Driver/Src/stm32c0xx_hal_gpio.o
 .debug_aranges
                0x00000460       0xa0 ./Drivers/STM32C0xx_HAL_Driver/Src/stm32c0xx_hal_rcc.o
 .debug_aranges
                0x00000500      0x248 ./Drivers/STM32C0xx_HAL_Driver/Src/stm32c0xx_hal_uart.o
 .debug_aranges
                0x00000748       0xa8 ./Drivers/STM32C0xx_HAL_Driver/Src/stm32c0xx_hal_uart_ex.o

.debug_rnglists
                0x00000000      0x61d
 .debug_rnglists
                0x00000000       0x32 ./Core/Src/main.o
 .debug_rnglists
                0x00000032       0x54 ./Core/Src/protocol.o
 .debug_rnglists
                0x00000086       0x20 ./Core/Src/stm32c0xx_hal_msp.o
 .debug_rnglists
                0x000000a6       0x31 ./Core/Src/stm32c0xx_it.o
 .debug_rnglists
                0x000000d7       0x1a ./Core/Src/system_stm32c0xx.o
 .debug_rnglists
                0x000000f1       0x19 ./Core/Startup/startup_stm32c031c6tx.o
 .debug_rnglists
                0x0000010a       0xbc ./Drivers/STM32C0xx_HAL_Driver/Src/stm32c0xx_hal.o
 .debug_rnglists
                0x000001c6       0xaa ./Drivers/STM32C0xx_HAL_Driver/Src/stm32c0xx_hal_cortex.o
 .debug_rnglists
                0x00000270       0x72 ./Drivers/STM32C0xx_HAL_Driver/Src/stm32c0xx_hal_dma.o
 .debug_rnglists
                0x000002e2       0x4b ./Drivers/STM32C0xx_HAL_Driver/Src/stm32c0xx_hal_gpio.o
 .debug_rnglists
                0x0000032d       0x78 ./Drivers/STM32C0xx_HAL_Driver/Src/stm32c0xx_hal_rcc.o
 .debug_rnglists
                0x000003a5      0x1f8 ./Drivers/STM32C0xx_HAL_Driver/Src/stm32c0xx_hal_uart.o
 .debug_rnglists
                0x0000059d       0x80 ./Drivers/STM32C0xx_HAL_Driver/Src/stm32c0xx_hal_uart_ex.o

.debug_macro    0x00000000    0x12f5a
 .debug_macro   0x00000000      0x1d4 ./Core/Src/main.o
 .debug_macro   0x000001d4      0xaae ./Core/Src/main.o
 .debug_macro   0x00000c82       0x2e ./Core/Src/main.o
 .debug_macro   0x00000cb0       0x28 ./Core/Src/main.o
 .debug_macro   0x00000cd8       0x22 ./Core/Src/main.o
 .debug_macro   0x00000cfa       0x8e ./Core/Src/main.o
 .debug_macro   0x00000d88       0x51 ./Core/Src/main.o
 .debug_macro   0x00000dd9      0x103 ./Core/Src/main.o
 .debug_macro   0x00000edc       0x6a ./Core/Src/main.o
 .debug_macro   0x00000f46      0x1df ./Core/Src/main.o
 .debug_macro   0x00001125       0x1c ./Core/Src/main.o
 .debug_macro   0x00001141       0x22 ./Core/Src/main.o
 .debug_macro   0x00001163       0xd1 ./Core/Src/main.o
 .debug_macro   0x00001234      0x4da ./Core/Src/main.o
 .debug_macro   0x0000170e      0x11f ./Core/Src/main.o
 .debug_macro   0x0000182d     0x93c1 ./Core/Src/main.o
 .debug_macro   0x0000abee       0x6d ./Core/Src/main.o
 .debug_macro   0x0000ac5b      0x175 ./Core/Src/main.o
 .debug_macro   0x0000add0       0xe3 ./Core/Src/main.o
 .debug_macro   0x0000aeb3     0x344e ./Core/Src/main.o
 .debug_macro   0x0000e301      0x190 ./Core/Src/main.o
 .debug_macro   0x0000e491       0x5b ./Core/Src/main.o
 .debug_macro   0x0000e4ec      0x366 ./Core/Src/main.o
 .debug_macro   0x0000e852      0xb39 ./Core/Src/main.o
 .debug_macro   0x0000f38b      0x145 ./Core/Src/main.o
 .debug_macro   0x0000f4d0      0x15f ./Core/Src/main.o
 .debug_macro   0x0000f62f      0x19d ./Core/Src/main.o
 .debug_macro   0x0000f7cc      0x264 ./Core/Src/main.o
 .debug_macro   0x0000fa30      0x17e ./Core/Src/main.o
 .debug_macro   0x0000fbae       0x43 ./Core/Src/main.o
 .debug_macro   0x0000fbf1      0x1f1 ./Core/Src/main.o
 .debug_macro   0x0000fde2      0x1b1 ./Core/Src/main.o
 .debug_macro   0x0000ff93      0x37c ./Core/Src/main.o
 .debug_macro   0x0001030f       0x28 ./Core/Src/main.o
 .debug_macro   0x00010337       0xb3 ./Core/Src/main.o
 .debug_macro   0x000103ea      0x104 ./Core/Src/main.o
 .debug_macro   0x000104ee       0xf6 ./Core/Src/main.o
 .debug_macro   0x000105e4      0x67e ./Core/Src/main.o
 .debug_macro   0x00010c62       0xa6 ./Core/Src/main.o
 .debug_macro   0x00010d08      0x3a9 ./Core/Src/main.o
 .debug_macro   0x000110b1       0x64 ./Core/Src/main.o
 .debug_macro   0x00011115       0x2e ./Core/Src/main.o
 .debug_macro   0x00011143      0x293 ./Core/Src/protocol.o
 .debug_macro   0x000113d6       0x5b ./Core/Src/protocol.o
 .debug_macro   0x00011431       0x24 ./Core/Src/protocol.o
 .debug_macro   0x00011455       0x94 ./Core/Src/protocol.o
 .debug_macro   0x000114e9       0x43 ./Core/Src/protocol.o
 .debug_macro   0x0001152c       0x34 ./Core/Src/protocol.o
 .debug_macro   0x00011560       0x57 ./Core/Src/protocol.o
 .debug_macro   0x000115b7      0x364 ./Core/Src/protocol.o
 .debug_macro   0x0001191b       0x16 ./Core/Src/protocol.o
 .debug_macro   0x00011931       0x4a ./Core/Src/protocol.o
 .debug_macro   0x0001197b       0x34 ./Core/Src/protocol.o
 .debug_macro   0x000119af       0x10 ./Core/Src/protocol.o
 .debug_macro   0x000119bf       0x58 ./Core/Src/protocol.o
 .debug_macro   0x00011a17       0x8e ./Core/Src/protocol.o
 .debug_macro   0x00011aa5       0x1c ./Core/Src/protocol.o
 .debug_macro   0x00011ac1      0x17e ./Core/Src/protocol.o
 .debug_macro   0x00011c3f       0x10 ./Core/Src/protocol.o
 .debug_macro   0x00011c4f       0x3c ./Core/Src/protocol.o
 .debug_macro   0x00011c8b       0x20 ./Core/Src/protocol.o
 .debug_macro   0x00011cab       0x55 ./Core/Src/protocol.o
 .debug_macro   0x00011d00       0x28 ./Core/Src/protocol.o
 .debug_macro   0x00011d28      0x1cb ./Core/Src/stm32c0xx_hal_msp.o
 .debug_macro   0x00011ef3      0x1d5 ./Core/Src/stm32c0xx_it.o
 .debug_macro   0x000120c8      0x1c2 ./Core/Src/system_stm32c0xx.o
 .debug_macro   0x0001228a      0x1da ./Drivers/STM32C0xx_HAL_Driver/Src/stm32c0xx_hal.o
 .debug_macro   0x00012464      0x1bc ./Drivers/STM32C0xx_HAL_Driver/Src/stm32c0xx_hal_cortex.o
 .debug_macro   0x00012620      0x1bc ./Drivers/STM32C0xx_HAL_Driver/Src/stm32c0xx_hal_dma.o
 .debug_macro   0x000127dc      0x1f1 ./Drivers/STM32C0xx_HAL_Driver/Src/stm32c0xx_hal_gpio.o
 .debug_macro   0x000129cd      0x1ec ./Drivers/STM32C0xx_HAL_Driver/Src/stm32c0xx_hal_rcc.o
 .debug_macro   0x00012bb9      0x1d9 ./Drivers/STM32C0xx_HAL_Driver/Src/stm32c0xx_hal_uart.o
 .debug_macro   0x00012d92      0x1c8 ./Drivers/STM32C0xx_HAL_Driver/Src/stm32c0xx_hal_uart_ex.o

.debug_line     0x00000000     0xab82
 .debug_line    0x00000000      0x828 ./Core/Src/main.o
 .debug_line    0x00000828      0xc7e ./Core/Src/protocol.o
 .debug_line    0x000014a6      0x78a ./Core/Src/stm32c0xx_hal_msp.o
 .debug_line    0x00001c30      0x7af ./Core/Src/stm32c0xx_it.o
 .debug_line    0x000023df      0x791 ./Core/Src/system_stm32c0xx.o
 .debug_line    0x00002b70       0x7d ./Core/Startup/startup_stm32c031c6tx.o
 .debug_line    0x00002bed      0xa7a ./Drivers/STM32C0xx_HAL_Driver/Src/stm32c0xx_hal.o
 .debug_line    0x00003667      0xb8c ./Drivers/STM32C0xx_HAL_Driver/Src/stm32c0xx_hal_cortex.o
 .debug_line    0x000041f3      0xd68 ./Drivers/STM32C0xx_HAL_Driver/Src/stm32c0xx_hal_dma.o
 .debug_line    0x00004f5b      0xb89 ./Drivers/STM32C0xx_HAL_Driver/Src/stm32c0xx_hal_gpio.o
 .debug_line    0x00005ae4      0xd94 ./Drivers/STM32C0xx_HAL_Driver/Src/stm32c0xx_hal_rcc.o
 .debug_line    0x00006878     0x35f0 ./Drivers/STM32C0xx_HAL_Driver/Src/stm32c0xx_hal_uart.o
 .debug_line    0x00009e68      0xd1a ./Drivers/STM32C0xx_HAL_Driver/Src/stm32c0xx_hal_uart_ex.o

.debug_str      0x00000000    0x74ea4
 .debug_str     0x00000000    0x74ea4 ./Core/Src/main.o
                              0x70074 (size before relaxing)
 .debug_str     0x00074ea4    0x73008 ./Core/Src/protocol.o
 .debug_str     0x00074ea4    0x6ffb2 ./Core/Src/stm32c0xx_hal_msp.o
 .debug_str     0x00074ea4    0x6fd35 ./Core/Src/stm32c0xx_it.o
 .debug_str     0x00074ea4    0x6f6db ./Core/Src/system_stm32c0xx.o
 .debug_str     0x00074ea4       0x6f ./Core/Startup/startup_stm32c031c6tx.o
 .debug_str     0x00074ea4    0x6fce2 ./Drivers/STM32C0xx_HAL_Driver/Src/stm32c0xx_hal.o
 .debug_str     0x00074ea4    0x6faf4 ./Drivers/STM32C0xx_HAL_Driver/Src/stm32c0xx_hal_cortex.o
 .debug_str     0x00074ea4    0x6fb52 ./Drivers/STM32C0xx_HAL_Driver/Src/stm32c0xx_hal_dma.o
 .debug_str     0x00074ea4    0x6f8d3 ./Drivers/STM32C0xx_HAL_Driver/Src/stm32c0xx_hal_gpio.o
 .debug_str     0x00074ea4    0x6fcc6 ./Drivers/STM32C0xx_HAL_Driver/Src/stm32c0xx_hal_rcc.o
 .debug_str     0x00074ea4    0x7062b ./Drivers/STM32C0xx_HAL_Driver/Src/stm32c0xx_hal_uart.o
 .debug_str     0x00074ea4    0x6ff54 ./Drivers/STM32C0xx_HAL_Driver/Src/stm32c0xx_hal_uart_ex.o

.comment        0x00000000       0x43
 .comment       0x00000000       0x43 ./Core/Src/main.o
                                 0x44 (size before relaxing)
 .comment       0x00000043       0x44 ./Core/Src/protocol.o
 .comment       0x00000043       0x44 ./Core/Src/stm32c0xx_hal_msp.o
 .comment       0x00000043       0x44 ./Core/Src/stm32c0xx_it.o
 .comment       0x00000043       0x44 ./Core/Src/system_stm32c0xx.o
 .comment       0x00000043       0x44 ./Drivers/STM32C0xx_HAL_Driver/Src/stm32c0xx_hal.o
 .comment       0x00000043       0x44 ./Drivers/STM32C0xx_HAL_Driver/Src/stm32c0xx_hal_cortex.o
 .comment       0x00000043       0x44 ./Drivers/STM32C0xx_HAL_Driver/Src/stm32c0xx_hal_dma.o
 .comment       0x00000043       0x44 ./Drivers/STM32C0xx_HAL_Driver/Src/stm32c0xx_hal_gpio.o
 .comment       0x00000043       0x44 ./Drivers/STM32C0xx_HAL_Driver/Src/stm32c0xx_hal_rcc.o
 .comment       0x00000043       0x44 ./Drivers/STM32C0xx_HAL_Driver/Src/stm32c0xx_hal_uart.o
 .comment       0x00000043       0x44 ./Drivers/STM32C0xx_HAL_Driver/Src/stm32c0xx_hal_uart_ex.o

.debug_frame    0x00000000     0x1b60
 .debug_frame   0x00000000       0xc4 ./Core/Src/main.o
 .debug_frame   0x000000c4      0x170 ./Core/Src/protocol.o
 .debug_frame   0x00000234       0x70 ./Core/Src/stm32c0xx_hal_msp.o
 .debug_frame   0x000002a4       0xb8 ./Core/Src/stm32c0xx_it.o
 .debug_frame   0x0000035c       0x4c ./Core/Src/system_stm32c0xx.o
 .debug_frame   0x000003a8      0x368 ./Drivers/STM32C0xx_HAL_Driver/Src/stm32c0xx_hal.o
 .debug_frame   0x00000710      0x33c ./Drivers/STM32C0xx_HAL_Driver/Src/stm32c0xx_hal_cortex.o
 .debug_frame   0x00000a4c      0x1f0 ./Drivers/STM32C0xx_HAL_Driver/Src/stm32c0xx_hal_dma.o
 .debug_frame   0x00000c3c      0x150 ./Drivers/STM32C0xx_HAL_Driver/Src/stm32c0xx_hal_gpio.o
 .debug_frame   0x00000d8c      0x214 ./Drivers/STM32C0xx_HAL_Driver/Src/stm32c0xx_hal_rcc.o
 .debug_frame   0x00000fa0      0x8d4 ./Drivers/STM32C0xx_HAL_Driver/Src/stm32c0xx_hal_uart.o
 .debug_frame   0x00001874      0x258 ./Drivers/STM32C0xx_HAL_Driver/Src/stm32c0xx_hal_uart_ex.o
 .debug_frame   0x00001acc       0x20 C:/Users/sijan/STM32CubeIDE_2.1.1/STM32CubeIDE/plugins/com.st.stm32cube.ide.mcu.externaltools.gnu-tools-for-stm32.14.3.rel1.win32_1.0.100.202602081740/tools/bin/../lib/gcc/arm-none-eabi/14.3.1/../../../../arm-none-eabi/lib/thumb/v6-m/nofp\libc_nano.a(libc_a-memset.o)
 .debug_frame   0x00001aec       0x2c C:/Users/sijan/STM32CubeIDE_2.1.1/STM32CubeIDE/plugins/com.st.stm32cube.ide.mcu.externaltools.gnu-tools-for-stm32.14.3.rel1.win32_1.0.100.202602081740/tools/bin/../lib/gcc/arm-none-eabi/14.3.1/../../../../arm-none-eabi/lib/thumb/v6-m/nofp\libc_nano.a(libc_a-init.o)
 .debug_frame   0x00001b18       0x28 C:/Users/sijan/STM32CubeIDE_2.1.1/STM32CubeIDE/plugins/com.st.stm32cube.ide.mcu.externaltools.gnu-tools-for-stm32.14.3.rel1.win32_1.0.100.202602081740/tools/bin/../lib/gcc/arm-none-eabi/14.3.1/../../../../arm-none-eabi/lib/thumb/v6-m/nofp\libc_nano.a(libc_a-memcpy-stub.o)
 .debug_frame   0x00001b40       0x20 C:/Users/sijan/STM32CubeIDE_2.1.1/STM32CubeIDE/plugins/com.st.stm32cube.ide.mcu.externaltools.gnu-tools-for-stm32.14.3.rel1.win32_1.0.100.202602081740/tools/bin/../lib/gcc/arm-none-eabi/14.3.1/thumb/v6-m/nofp\libgcc.a(_udivsi3.o)

.debug_line_str
                0x00000000       0x53
 .debug_line_str
                0x00000000       0x53 ./Core/Startup/startup_stm32c031c6tx.o
