../Core/Src/protocol.c:42:17:crc16_ccitt	24	static
../Core/Src/protocol.c:63:13:send_frame	56	static
../Core/Src/protocol.c:88:13:send_ack	16	static
../Core/Src/protocol.c:99:13:send_nack	24	static
../Core/Src/protocol.c:111:13:append_status_side	24	static
../Core/Src/protocol.c:131:13:send_status	32	static
../Core/Src/protocol.c:147:13:handle_set_drive	24	static
../Core/Src/protocol.c:180:13:handle_frame	16	static
../Core/Src/protocol.c:224:13:on_byte_received	48	static
../Core/Src/protocol.c:289:6:Protocol_Init	16	static
../Core/Src/protocol.c:306:6:Protocol_UART_RxCpltCallback	16	static
../Core/Src/protocol.c:316:6:Protocol_Process	8	static
