../Core/Src/main.c:84:5:main	24	static
../Core/Src/main.c:158:6:SystemClock_Config	64	static
../Core/Src/main.c:195:13:MX_TIM1_Init	104	static
../Core/Src/main.c:271:13:MX_TIM3_Init	48	static
../Core/Src/main.c:332:13:MX_TIM14_Init	40	static
../Core/Src/main.c:378:13:MX_TIM16_Init	88	static
../Core/Src/main.c:441:13:MX_USART2_UART_Init	8	static
../Core/Src/main.c:475:13:MX_DMA_Init	16	static
../Core/Src/main.c:493:13:MX_GPIO_Init	24	static
../Core/Src/main.c:516:6:HAL_UART_RxCpltCallback	16	static
../Core/Src/main.c:526:6:Error_Handler	8	static,ignoring_inline_asm
