../Core/Src/main.c:83:5:main	16	static
../Core/Src/main.c:142:6:SystemClock_Config	64	static
../Core/Src/main.c:179:13:MX_TIM1_Init	104	static
../Core/Src/main.c:255:13:MX_TIM3_Init	48	static
../Core/Src/main.c:308:13:MX_TIM14_Init	40	static
../Core/Src/main.c:354:13:MX_TIM16_Init	88	static
../Core/Src/main.c:417:13:MX_USART2_UART_Init	8	static
../Core/Src/main.c:451:13:MX_DMA_Init	16	static
../Core/Src/main.c:469:13:MX_GPIO_Init	24	static
../Core/Src/main.c:492:6:HAL_UART_RxCpltCallback	16	static
../Core/Src/main.c:502:6:Error_Handler	8	static,ignoring_inline_asm
