../Core/Src/protocol.c:51:17:joint_angle_to_pulse_us	32	static
../Core/Src/protocol.c:66:17:crc16_ccitt	24	static
../Core/Src/protocol.c:88:13:send_frame	64	static
../Core/Src/protocol.c:113:13:send_ack	16	static
../Core/Src/protocol.c:124:13:send_nack	24	static
../Core/Src/protocol.c:135:13:send_status	24	static
../Core/Src/protocol.c:156:13:handle_move_arm_to	32	static
../Core/Src/protocol.c:197:13:handle_set_fan_speed	16	static
../Core/Src/protocol.c:226:13:handle_set_fan_rgb	16	static
../Core/Src/protocol.c:246:13:handle_frame	16	static
../Core/Src/protocol.c:300:13:on_byte_received	48	static
../Core/Src/protocol.c:365:6:Protocol_Init	16	static
../Core/Src/protocol.c:383:6:Protocol_UART_RxCpltCallback	16	static
../Core/Src/protocol.c:393:6:Protocol_Process	8	static
