Archive member included to satisfy reference by file (symbol)

C:/Users/sijan/STM32CubeIDE_2.1.1/STM32CubeIDE/plugins/com.st.stm32cube.ide.mcu.externaltools.gnu-tools-for-stm32.14.3.rel1.win32_1.0.100.202602081740/tools/bin/../lib/gcc/arm-none-eabi/14.3.1/../../../../arm-none-eabi/lib/thumb/v7-m/nofp\libc_nano.a(libc_a-exit.o)
                              C:/Users/sijan/STM32CubeIDE_2.1.1/STM32CubeIDE/plugins/com.st.stm32cube.ide.mcu.externaltools.gnu-tools-for-stm32.14.3.rel1.win32_1.0.100.202602081740/tools/bin/../lib/gcc/arm-none-eabi/14.3.1/../../../../arm-none-eabi/lib/thumb/v7-m/nofp/crt0.o (exit)
C:/Users/sijan/STM32CubeIDE_2.1.1/STM32CubeIDE/plugins/com.st.stm32cube.ide.mcu.externaltools.gnu-tools-for-stm32.14.3.rel1.win32_1.0.100.202602081740/tools/bin/../lib/gcc/arm-none-eabi/14.3.1/../../../../arm-none-eabi/lib/thumb/v7-m/nofp\libc_nano.a(libc_a-findfp.o)
                              C:/Users/sijan/STM32CubeIDE_2.1.1/STM32CubeIDE/plugins/com.st.stm32cube.ide.mcu.externaltools.gnu-tools-for-stm32.14.3.rel1.win32_1.0.100.202602081740/tools/bin/../lib/gcc/arm-none-eabi/14.3.1/../../../../arm-none-eabi/lib/thumb/v7-m/nofp\libc_nano.a(libc_a-exit.o) (__stdio_exit_handler)
C:/Users/sijan/STM32CubeIDE_2.1.1/STM32CubeIDE/plugins/com.st.stm32cube.ide.mcu.externaltools.gnu-tools-for-stm32.14.3.rel1.win32_1.0.100.202602081740/tools/bin/../lib/gcc/arm-none-eabi/14.3.1/../../../../arm-none-eabi/lib/thumb/v7-m/nofp\libc_nano.a(libc_a-fwalk.o)
                              C:/Users/sijan/STM32CubeIDE_2.1.1/STM32CubeIDE/plugins/com.st.stm32cube.ide.mcu.externaltools.gnu-tools-for-stm32.14.3.rel1.win32_1.0.100.202602081740/tools/bin/../lib/gcc/arm-none-eabi/14.3.1/../../../../arm-none-eabi/lib/thumb/v7-m/nofp\libc_nano.a(libc_a-findfp.o) (_fwalk_sglue)
C:/Users/sijan/STM32CubeIDE_2.1.1/STM32CubeIDE/plugins/com.st.stm32cube.ide.mcu.externaltools.gnu-tools-for-stm32.14.3.rel1.win32_1.0.100.202602081740/tools/bin/../lib/gcc/arm-none-eabi/14.3.1/../../../../arm-none-eabi/lib/thumb/v7-m/nofp\libc_nano.a(libc_a-stdio.o)
                              C:/Users/sijan/STM32CubeIDE_2.1.1/STM32CubeIDE/plugins/com.st.stm32cube.ide.mcu.externaltools.gnu-tools-for-stm32.14.3.rel1.win32_1.0.100.202602081740/tools/bin/../lib/gcc/arm-none-eabi/14.3.1/../../../../arm-none-eabi/lib/thumb/v7-m/nofp\libc_nano.a(libc_a-findfp.o) (__sread)
C:/Users/sijan/STM32CubeIDE_2.1.1/STM32CubeIDE/plugins/com.st.stm32cube.ide.mcu.externaltools.gnu-tools-for-stm32.14.3.rel1.win32_1.0.100.202602081740/tools/bin/../lib/gcc/arm-none-eabi/14.3.1/../../../../arm-none-eabi/lib/thumb/v7-m/nofp\libc_nano.a(libc_a-memset.o)
                              C:/Users/sijan/STM32CubeIDE_2.1.1/STM32CubeIDE/plugins/com.st.stm32cube.ide.mcu.externaltools.gnu-tools-for-stm32.14.3.rel1.win32_1.0.100.202602081740/tools/bin/../lib/gcc/arm-none-eabi/14.3.1/../../../../arm-none-eabi/lib/thumb/v7-m/nofp/crt0.o (memset)
C:/Users/sijan/STM32CubeIDE_2.1.1/STM32CubeIDE/plugins/com.st.stm32cube.ide.mcu.externaltools.gnu-tools-for-stm32.14.3.rel1.win32_1.0.100.202602081740/tools/bin/../lib/gcc/arm-none-eabi/14.3.1/../../../../arm-none-eabi/lib/thumb/v7-m/nofp\libc_nano.a(libc_a-closer.o)
                              C:/Users/sijan/STM32CubeIDE_2.1.1/STM32CubeIDE/plugins/com.st.stm32cube.ide.mcu.externaltools.gnu-tools-for-stm32.14.3.rel1.win32_1.0.100.202602081740/tools/bin/../lib/gcc/arm-none-eabi/14.3.1/../../../../arm-none-eabi/lib/thumb/v7-m/nofp\libc_nano.a(libc_a-stdio.o) (_close_r)
C:/Users/sijan/STM32CubeIDE_2.1.1/STM32CubeIDE/plugins/com.st.stm32cube.ide.mcu.externaltools.gnu-tools-for-stm32.14.3.rel1.win32_1.0.100.202602081740/tools/bin/../lib/gcc/arm-none-eabi/14.3.1/../../../../arm-none-eabi/lib/thumb/v7-m/nofp\libc_nano.a(libc_a-reent.o)
                              C:/Users/sijan/STM32CubeIDE_2.1.1/STM32CubeIDE/plugins/com.st.stm32cube.ide.mcu.externaltools.gnu-tools-for-stm32.14.3.rel1.win32_1.0.100.202602081740/tools/bin/../lib/gcc/arm-none-eabi/14.3.1/../../../../arm-none-eabi/lib/thumb/v7-m/nofp\libc_nano.a(libc_a-closer.o) (errno)
C:/Users/sijan/STM32CubeIDE_2.1.1/STM32CubeIDE/plugins/com.st.stm32cube.ide.mcu.externaltools.gnu-tools-for-stm32.14.3.rel1.win32_1.0.100.202602081740/tools/bin/../lib/gcc/arm-none-eabi/14.3.1/../../../../arm-none-eabi/lib/thumb/v7-m/nofp\libc_nano.a(libc_a-impure.o)
                              C:/Users/sijan/STM32CubeIDE_2.1.1/STM32CubeIDE/plugins/com.st.stm32cube.ide.mcu.externaltools.gnu-tools-for-stm32.14.3.rel1.win32_1.0.100.202602081740/tools/bin/../lib/gcc/arm-none-eabi/14.3.1/../../../../arm-none-eabi/lib/thumb/v7-m/nofp\libc_nano.a(libc_a-reent.o) (_impure_ptr)
C:/Users/sijan/STM32CubeIDE_2.1.1/STM32CubeIDE/plugins/com.st.stm32cube.ide.mcu.externaltools.gnu-tools-for-stm32.14.3.rel1.win32_1.0.100.202602081740/tools/bin/../lib/gcc/arm-none-eabi/14.3.1/../../../../arm-none-eabi/lib/thumb/v7-m/nofp\libc_nano.a(libc_a-lseekr.o)
[...]
Memory Configuration

Name             Origin             Length             Attributes
RAM              0x20000000         0x00014000         xrw
FLASH            0x08000000         0x00080000         xr
*default*        0x00000000         0xffffffff

Linker script and memory map

LOAD C:/Users/sijan/STM32CubeIDE_2.1.1/STM32CubeIDE/plugins/com.st.stm32cube.ide.mcu.externaltools.gnu-tools-for-stm32.14.3.rel1.win32_1.0.100.202602081740/tools/bin/../lib/gcc/arm-none-eabi/14.3.1/thumb/v7-m/nofp/crti.o
LOAD C:/Users/sijan/STM32CubeIDE_2.1.1/STM32CubeIDE/plugins/com.st.stm32cube.ide.mcu.externaltools.gnu-tools-for-stm32.14.3.rel1.win32_1.0.100.202602081740/tools/bin/../lib/gcc/arm-none-eabi/14.3.1/thumb/v7-m/nofp/crtbegin.o
LOAD C:/Users/sijan/STM32CubeIDE_2.1.1/STM32CubeIDE/plugins/com.st.stm32cube.ide.mcu.externaltools.gnu-tools-for-stm32.14.3.rel1.win32_1.0.100.202602081740/tools/bin/../lib/gcc/arm-none-eabi/14.3.1/../../../../arm-none-eabi/lib/thumb/v7-m/nofp/crt0.o
LOAD ./Core/Src/main.o
LOAD ./Core/Src/protocol.o
LOAD ./Core/Src/stm32l1xx_hal_msp.o
LOAD ./Core/Src/stm32l1xx_it.o
LOAD ./Core/Src/syscalls.o
LOAD ./Core/Src/sysmem.o
LOAD ./Core/Src/system_stm32l1xx.o
LOAD ./Core/Src/vesc.o
LOAD ./Core/Src/wheel.o
LOAD ./Core/Startup/startup_stm32l152retx.o
LOAD ./Drivers/STM32L1xx_HAL_Driver/Src/stm32l1xx_hal.o
LOAD ./Drivers/STM32L1xx_HAL_Driver/Src/stm32l1xx_hal_cortex.o
LOAD ./Drivers/STM32L1xx_HAL_Driver/Src/stm32l1xx_hal_dma.o
LOAD ./Drivers/STM32L1xx_HAL_Driver/Src/stm32l1xx_hal_exti.o
LOAD ./Drivers/STM32L1xx_HAL_Driver/Src/stm32l1xx_hal_flash.o
LOAD ./Drivers/STM32L1xx_HAL_Driver/Src/stm32l1xx_hal_flash_ex.o
LOAD ./Drivers/STM32L1xx_HAL_Driver/Src/stm32l1xx_hal_flash_ramfunc.o
LOAD ./Drivers/STM32L1xx_HAL_Driver/Src/stm32l1xx_hal_gpio.o
LOAD ./Drivers/STM32L1xx_HAL_Driver/Src/stm32l1xx_hal_pwr.o
LOAD ./Drivers/STM32L1xx_HAL_Driver/Src/stm32l1xx_hal_pwr_ex.o
LOAD ./Drivers/STM32L1xx_HAL_Driver/Src/stm32l1xx_hal_rcc.o
LOAD ./Drivers/STM32L1xx_HAL_Driver/Src/stm32l1xx_hal_rcc_ex.o
LOAD ./Drivers/STM32L1xx_HAL_Driver/Src/stm32l1xx_hal_uart.o
START GROUP
LOAD C:/Users/sijan/STM32CubeIDE_2.1.1/STM32CubeIDE/plugins/com.st.stm32cube.ide.mcu.externaltools.gnu-tools-for-stm32.14.3.rel1.win32_1.0.100.202602081740/tools/bin/../lib/gcc/arm-none-eabi/14.3.1/../../../../arm-none-eabi/lib/thumb/v7-m/nofp\libc_nano.a
LOAD C:/Users/sijan/STM32CubeIDE_2.1.1/STM32CubeIDE/plugins/com.st.stm32cube.ide.mcu.externaltools.gnu-tools-for-stm32.14.3.rel1.win32_1.0.100.202602081740/tools/bin/../lib/gcc/arm-none-eabi/14.3.1/../../../../arm-none-eabi/lib/thumb/v7-m/nofp\libm.a
END GROUP
START GROUP
LOAD C:/Users/sijan/STM32CubeIDE_2.1.1/STM32CubeIDE/plugins/com.st.stm32cube.ide.mcu.externaltools.gnu-tools-for-stm32.14.3.rel1.win32_1.0.100.202602081740/tools/bin/../lib/gcc/arm-none-eabi/14.3.1/thumb/v7-m/nofp\libgcc.a
LOAD C:/Users/sijan/STM32CubeIDE_2.1.1/STM32CubeIDE/plugins/com.st.stm32cube.ide.mcu.externaltools.gnu-tools-for-stm32.14.3.rel1.win32_1.0.100.202602081740/tools/bin/../lib/gcc/arm-none-eabi/14.3.1/../../../../arm-none-eabi/lib/thumb/v7-m/nofp\libc_nano.a
END GROUP
START GROUP
LOAD C:/Users/sijan/STM32CubeIDE_2.1.1/STM32CubeIDE/plugins/com.st.stm32cube.ide.mcu.externaltools.gnu-tools-for-stm32.14.3.rel1.win32_1.0.100.202602081740/tools/bin/../lib/gcc/arm-none-eabi/14.3.1/thumb/v7-m/nofp\libgcc.a
LOAD C:/Users/sijan/STM32CubeIDE_2.1.1/STM32CubeIDE/plugins/com.st.stm32cube.ide.mcu.externaltools.gnu-tools-for-stm32.14.3.rel1.win32_1.0.100.202602081740/tools/bin/../lib/gcc/arm-none-eabi/14.3.1/../../../../arm-none-eabi/lib/thumb/v7-m/nofp\libc_nano.a
LOAD C:/Users/sijan/STM32CubeIDE_2.1.1/STM32CubeIDE/plugins/com.st.stm32cube.ide.mcu.externaltools.gnu-tools-for-stm32.14.3.rel1.win32_1.0.100.202602081740/tools/bin/../lib/gcc/arm-none-eabi/14.3.1/../../../../arm-none-eabi/lib/thumb/v7-m/nofp\libnosys.a
END GROUP
START GROUP
LOAD C:/Users/sijan/STM32CubeIDE_2.1.1/STM32CubeIDE/plugins/com.st.stm32cube.ide.mcu.externaltools.gnu-tools-for-stm32.14.3.rel1.win32_1.0.100.202602081740/tools/bin/../lib/gcc/arm-none-eabi/14.3.1/thumb/v7-m/nofp\libgcc.a
LOAD C:/Users/sijan/STM32CubeIDE_2.1.1/STM32CubeIDE/plugins/com.st.stm32cube.ide.mcu.externaltools.gnu-tools-for-stm32.14.3.rel1.win32_1.0.100.202602081740/tools/bin/../lib/gcc/arm-none-eabi/14.3.1/../../../../arm-none-eabi/lib/thumb/v7-m/nofp\libc_nano.a
LOAD C:/Users/sijan/STM32CubeIDE_2.1.1/STM32CubeIDE/plugins/com.st.stm32cube.ide.mcu.externaltools.gnu-tools-for-stm32.14.3.rel1.win32_1.0.100.202602081740/tools/bin/../lib/gcc/arm-none-eabi/14.3.1/../../../../arm-none-eabi/lib/thumb/v7-m/nofp\libnosys.a
END GROUP
LOAD C:/Users/sijan/STM32CubeIDE_2.1.1/STM32CubeIDE/plugins/com.st.stm32cube.ide.mcu.externaltools.gnu-tools-for-stm32.14.3.rel1.win32_1.0.100.202602081740/tools/bin/../lib/gcc/arm-none-eabi/14.3.1/thumb/v7-m/nofp/crtend.o
LOAD C:/Users/sijan/STM32CubeIDE_2.1.1/STM32CubeIDE/plugins/com.st.stm32cube.ide.mcu.externaltools.gnu-tools-for-stm32.14.3.rel1.win32_1.0.100.202602081740/tools/bin/../lib/gcc/arm-none-eabi/14.3.1/thumb/v7-m/nofp/crtn.o
                0x20014000                        _estack = (ORIGIN (RAM) + LENGTH (RAM))
                0x00000200                        _Min_Heap_Size = 0x200
                0x00000400                        _Min_Stack_Size = 0x400

.isr_vector     0x08000000      0x13c
                0x08000000                        . = ALIGN (0x4)
 *(.isr_vector)
 .isr_vector    0x08000000      0x13c ./Core/Startup/startup_stm32l152retx.o
                0x08000000                g_pfnVectors
                0x0800013c                        . = ALIGN (0x4)

.text           0x0800013c     0x368c
                0x0800013c                        . = ALIGN (0x4)
 *(.text)
 .text          0x0800013c       0x40 C:/Users/sijan/STM32CubeIDE_2.1.1/STM32CubeIDE/plugins/com.st.stm32cube.ide.mcu.externaltools.gnu-tools-for-stm32.14.3.rel1.win32_1.0.100.202602081740/tools/bin/../lib/gcc/arm-none-eabi/14.3.1/thumb/v7-m/nofp/crtbegin.o
 .text          0x0800017c       0x30 C:/Users/sijan/STM32CubeIDE_2.1.1/STM32CubeIDE/plugins/com.st.stm32cube.ide.mcu.externaltools.gnu-tools-for-stm32.14.3.rel1.win32_1.0.100.202602081740/tools/bin/../lib/gcc/arm-none-eabi/14.3.1/thumb/v7-m/nofp\libgcc.a(_aeabi_uldivmod.o)
                0x0800017c                __aeabi_uldivmod
 .text          0x080001ac      0x2f4 C:/Users/sijan/STM32CubeIDE_2.1.1/STM32CubeIDE/plugins/com.st.stm32cube.ide.mcu.externaltools.gnu-tools-for-stm32.14.3.rel1.win32_1.0.100.202602081740/tools/bin/../lib/gcc/arm-none-eabi/14.3.1/thumb/v7-m/nofp\libgcc.a(_udivmoddi4.o)
                0x080001ac                __udivmoddi4
 .text          0x080004a0        0x4 C:/Users/sijan/STM32CubeIDE_2.1.1/STM32CubeIDE/plugins/com.st.stm32cube.ide.mcu.externaltools.gnu-tools-for-stm32.14.3.rel1.win32_1.0.100.202602081740/tools/bin/../lib/gcc/arm-none-eabi/14.3.1/thumb/v7-m/nofp\libgcc.a(_dvmd_tls.o)
                0x080004a0                __aeabi_idiv0
                0x080004a0                __aeabi_ldiv0
 *(.text*)
 .text.main     0x080004a4       0x68 ./Core/Src/main.o
                0x080004a4                main
 .text.SystemClock_Config
                0x0800050c       0x9c ./Core/Src/main.o
                0x0800050c                SystemClock_Config
 .text.MX_USART1_UART_Init
                0x080005a8       0x54 ./Core/Src/main.o
 .text.MX_USART2_UART_Init
                0x080005fc       0x54 ./Core/Src/main.o
 .text.MX_USART3_UART_Init
                0x08000650       0x54 ./Core/Src/main.o
 .text.MX_GPIO_Init
                0x080006a4       0xcc ./Core/Src/main.o
 .text.HAL_UART_RxCpltCallback
                0x08000770       0x16 ./Core/Src/main.o
                0x08000770                HAL_UART_RxCpltCallback
 .text.Error_Handler
                0x08000786        0xc ./Core/Src/main.o
                0x08000786                Error_Handler
 .text.crc16_ccitt
                0x08000792       0x7e ./Core/Src/protocol.o
 .text.send_frame
                0x08000810       0xa0 ./Core/Src/protocol.o
 .text.send_ack
                0x080008b0       0x1e ./Core/Src/protocol.o
 .text.send_nack
                0x080008ce       0x2e ./Core/Src/protocol.o
 .text.append_status_side
                0x080008fc       0xa6 ./Core/Src/protocol.o
 *fill*         0x080009a2        0x2 
 .text.send_status
                0x080009a4       0x40 ./Core/Src/protocol.o
 .text.handle_set_drive
                0x080009e4       0xb0 ./Core/Src/protocol.o
 .text.handle_frame
                0x08000a94       0x9c ./Core/Src/protocol.o
 .text.on_byte_received
                0x08000b30      0x16c ./Core/Src/protocol.o
 .text.Protocol_Init
                0x08000c9c       0x5c ./Core/Src/protocol.o
                0x08000c9c                Protocol_Init
 .text.Protocol_UART_RxCpltCallback
                0x08000cf8       0x40 ./Core/Src/protocol.o
                0x08000cf8                Protocol_UART_RxCpltCallback
 .text.Protocol_Process
                0x08000d38       0x68 ./Core/Src/protocol.o
                0x08000d38                Protocol_Process
 .text.HAL_MspInit
                0x08000da0       0x60 ./Core/Src/stm32l1xx_hal_msp.o
                0x08000da0                HAL_MspInit
 .text.HAL_UART_MspInit
                0x08000e00      0x180 ./Core/Src/stm32l1xx_hal_msp.o
                0x08000e00                HAL_UART_MspInit
 .text.NMI_Handler
                0x08000f80        0x8 ./Core/Src/stm32l1xx_it.o
                0x08000f80                NMI_Handler
 .text.HardFault_Handler
                0x08000f88        0x8 ./Core/Src/stm32l1xx_it.o
                0x08000f88                HardFault_Handler
 .text.MemManage_Handler
                0x08000f90        0x8 ./Core/Src/stm32l1xx_it.o
                0x08000f90                MemManage_Handler
 .text.BusFault_Handler
                0x08000f98        0x8 ./Core/Src/stm32l1xx_it.o
                0x08000f98                BusFault_Handler
 .text.UsageFault_Handler
                0x08000fa0        0x8 ./Core/Src/stm32l1xx_it.o
                0x08000fa0                UsageFault_Handler
 .text.SVC_Handler
                0x08000fa8        0xc ./Core/Src/stm32l1xx_it.o
                0x08000fa8                SVC_Handler
 .text.DebugMon_Handler
                0x08000fb4        0xc ./Core/Src/stm32l1xx_it.o
                0x08000fb4                DebugMon_Handler
 .text.PendSV_Handler
                0x08000fc0        0xc ./Core/Src/stm32l1xx_it.o
                0x08000fc0                PendSV_Handler
 .text.SysTick_Handler
                0x08000fcc        0xc ./Core/Src/stm32l1xx_it.o
                0x08000fcc                SysTick_Handler
 .text.USART1_IRQHandler
                0x08000fd8       0x14 ./Core/Src/stm32l1xx_it.o
                0x08000fd8                USART1_IRQHandler
 .text.USART2_IRQHandler
                0x08000fec       0x14 ./Core/Src/stm32l1xx_it.o
                0x08000fec                USART2_IRQHandler
 .text.USART3_IRQHandler
                0x08001000       0x14 ./Core/Src/stm32l1xx_it.o
                0x08001000                USART3_IRQHandler
 .text.SystemInit
                0x08001014        0xc ./Core/Src/system_stm32l1xx.o
                0x08001014                SystemInit
 .text.vesc_crc16
                0x08001020       0x7c ./Core/Src/vesc.o
 .text.vesc_build_packet
                0x0800109c       0xe0 ./Core/Src/vesc.o
 .text.Vesc_Init
                0x0800117c       0x1a ./Core/Src/vesc.o
                0x0800117c                Vesc_Init
 .text.Vesc_SetDuty
                0x08001196       0x84 ./Core/Src/vesc.o
                0x08001196                Vesc_SetDuty
 *fill*         0x0800121a        0x2 
 .text.Vesc_PollValues
                0x0800121c      0x1a8 ./Core/Src/vesc.o
                0x0800121c                Vesc_PollValues
 .text.Wheel_Init
                0x080013c4       0x3c ./Core/Src/wheel.o
                0x080013c4                Wheel_Init
 .text.Wheel_SetSpeeds
                0x08001400       0x48 ./Core/Src/wheel.o
                0x08001400                Wheel_SetSpeeds
 .text.Wheel_Stop
                0x08001448       0x20 ./Core/Src/wheel.o
                0x08001448                Wheel_Stop
 .text.Wheel_Resume
                0x08001468       0x30 ./Core/Src/wheel.o
                0x08001468                Wheel_Resume
 .text.Wheel_PollTelemetry
                0x08001498       0x28 ./Core/Src/wheel.o
                0x08001498                Wheel_PollTelemetry
 .text.Wheel_GetTelemetry
                0x080014c0       0x28 ./Core/Src/wheel.o
                0x080014c0                Wheel_GetTelemetry
 .text.Reset_Handler
                0x080014e8       0x48 ./Core/Startup/startup_stm32l152retx.o
                0x080014e8                Reset_Handler
 .text.Default_Handler
                0x08001530        0x2 ./Core/Startup/startup_stm32l152retx.o
                0x08001530                RTC_Alarm_IRQHandler
                0x08001530                EXTI2_IRQHandler
                0x08001530                COMP_ACQ_IRQHandler
                0x08001530                TIM10_IRQHandler
                0x08001530                USB_HP_IRQHandler
                0x08001530                TIM6_IRQHandler
                0x08001530                PVD_IRQHandler
                0x08001530                EXTI3_IRQHandler
                0x08001530                EXTI0_IRQHandler
                0x08001530                I2C2_EV_IRQHandler
                0x08001530                SPI1_IRQHandler
                0x08001530                USB_FS_WKUP_IRQHandler
                0x08001530                DMA2_Channel2_IRQHandler
                0x08001530                DMA1_Channel4_IRQHandler
                0x08001530                ADC1_IRQHandler
                0x08001530                DMA1_Channel7_IRQHandler
                0x08001530                LCD_IRQHandler
                0x08001530                UART5_IRQHandler
                0x08001530                TIM4_IRQHandler
                0x08001530                DMA2_Channel1_IRQHandler
                0x08001530                I2C1_EV_IRQHandler
                0x08001530                DMA1_Channel6_IRQHandler
                0x08001530                UART4_IRQHandler
                0x08001530                DMA2_Channel4_IRQHandler
                0x08001530                TIM3_IRQHandler
                0x08001530                RCC_IRQHandler
                0x08001530                DMA1_Channel1_IRQHandler
                0x08001530                Default_Handler
                0x08001530                EXTI15_10_IRQHandler
                0x08001530                TIM7_IRQHandler
                0x08001530                TIM5_IRQHandler
                0x08001530                EXTI9_5_IRQHandler
                0x08001530                TIM9_IRQHandler
                0x08001530                TAMPER_STAMP_IRQHandler
                0x08001530                RTC_WKUP_IRQHandler
                0x08001530                SPI2_IRQHandler
                0x08001530                DMA2_Channel5_IRQHandler
                0x08001530                DMA1_Channel5_IRQHandler
                0x08001530                USB_LP_IRQHandler
                0x08001530                EXTI4_IRQHandler
                0x08001530                DMA1_Channel3_IRQHandler
                0x08001530                COMP_IRQHandler
                0x08001530                WWDG_IRQHandler
                0x08001530                TIM2_IRQHandler
                0x08001530                DAC_IRQHandler
                0x08001530                EXTI1_IRQHandler
                0x08001530                TIM11_IRQHandler
                0x08001530                I2C2_ER_IRQHandler
                0x08001530                DMA1_Channel2_IRQHandler
                0x08001530                FLASH_IRQHandler
                0x08001530                SPI3_IRQHandler
                0x08001530                I2C1_ER_IRQHandler
                0x08001530                DMA2_Channel3_IRQHandler
 .text.HAL_Init
                0x08001532       0x30 ./Drivers/STM32L1xx_HAL_Driver/Src/stm32l1xx_hal.o
                0x08001532                HAL_Init
 *fill*         0x08001562        0x2 
 .text.HAL_InitTick
                0x08001564       0x74 ./Drivers/STM32L1xx_HAL_Driver/Src/stm32l1xx_hal.o
                0x08001564                HAL_InitTick
 .text.HAL_IncTick
                0x080015d8       0x24 ./Drivers/STM32L1xx_HAL_Driver/Src/stm32l1xx_hal.o
                0x080015d8                HAL_IncTick
 .text.HAL_GetTick
                0x080015fc       0x14 ./Drivers/STM32L1xx_HAL_Driver/Src/stm32l1xx_hal.o
                0x080015fc                HAL_GetTick
 .text.__NVIC_SetPriorityGrouping
                0x08001610       0x48 ./Drivers/STM32L1xx_HAL_Driver/Src/stm32l1xx_hal_cortex.o
 .text.__NVIC_GetPriorityGrouping
                0x08001658       0x1c ./Drivers/STM32L1xx_HAL_Driver/Src/stm32l1xx_hal_cortex.o
 .text.__NVIC_EnableIRQ
                0x08001674       0x38 ./Drivers/STM32L1xx_HAL_Driver/Src/stm32l1xx_hal_cortex.o
 .text.__NVIC_SetPriority
                0x080016ac       0x54 ./Drivers/STM32L1xx_HAL_Driver/Src/stm32l1xx_hal_cortex.o
 .text.NVIC_EncodePriority
                0x08001700       0x64 ./Drivers/STM32L1xx_HAL_Driver/Src/stm32l1xx_hal_cortex.o
 .text.SysTick_Config
                0x08001764       0x44 ./Drivers/STM32L1xx_HAL_Driver/Src/stm32l1xx_hal_cortex.o
 .text.HAL_NVIC_SetPriorityGrouping
                0x080017a8       0x16 ./Drivers/STM32L1xx_HAL_Driver/Src/stm32l1xx_hal_cortex.o
                0x080017a8                HAL_NVIC_SetPriorityGrouping
 .text.HAL_NVIC_SetPriority
                0x080017be       0x38 ./Drivers/STM32L1xx_HAL_Driver/Src/stm32l1xx_hal_cortex.o
                0x080017be                HAL_NVIC_SetPriority
 .text.HAL_NVIC_EnableIRQ
                0x080017f6       0x1c ./Drivers/STM32L1xx_HAL_Driver/Src/stm32l1xx_hal_cortex.o
                0x080017f6                HAL_NVIC_EnableIRQ
 .text.HAL_SYSTICK_Config
                0x08001812       0x18 ./Drivers/STM32L1xx_HAL_Driver/Src/stm32l1xx_hal_cortex.o
                0x08001812                HAL_SYSTICK_Config
 .text.HAL_DMA_Abort
                0x0800182a       0x7a ./Drivers/STM32L1xx_HAL_Driver/Src/stm32l1xx_hal_dma.o
                0x0800182a                HAL_DMA_Abort
 .text.HAL_DMA_Abort_IT
                0x080018a4       0x82 ./Drivers/STM32L1xx_HAL_Driver/Src/stm32l1xx_hal_dma.o
                0x080018a4                HAL_DMA_Abort_IT
 *fill*         0x08001926        0x2 
 .text.HAL_GPIO_Init
                0x08001928      0x320 ./Drivers/STM32L1xx_HAL_Driver/Src/stm32l1xx_hal_gpio.o
                0x08001928                HAL_GPIO_Init
 .text.HAL_GPIO_WritePin
                0x08001c48       0x30 ./Drivers/STM32L1xx_HAL_Driver/Src/stm32l1xx_hal_gpio.o
                0x08001c48                HAL_GPIO_WritePin
 .text.HAL_RCC_OscConfig
                0x08001c78      0x660 ./Drivers/STM32L1xx_HAL_Driver/Src/stm32l1xx_hal_rcc.o
                0x08001c78                HAL_RCC_OscConfig
 .text.HAL_RCC_ClockConfig
                0x080022d8      0x268 ./Drivers/STM32L1xx_HAL_Driver/Src/stm32l1xx_hal_rcc.o
                0x080022d8                HAL_RCC_ClockConfig
 .text.HAL_RCC_GetSysClockFreq
                0x08002540      0x200 ./Drivers/STM32L1xx_HAL_Driver/Src/stm32l1xx_hal_rcc.o
                0x08002540                HAL_RCC_GetSysClockFreq
 .text.HAL_RCC_GetHCLKFreq
                0x08002740       0x14 ./Drivers/STM32L1xx_HAL_Driver/Src/stm32l1xx_hal_rcc.o
                0x08002740                HAL_RCC_GetHCLKFreq
 .text.HAL_RCC_GetPCLK1Freq
                0x08002754       0x28 ./Drivers/STM32L1xx_HAL_Driver/Src/stm32l1xx_hal_rcc.o
                0x08002754                HAL_RCC_GetPCLK1Freq
 .text.HAL_RCC_GetPCLK2Freq
                0x0800277c       0x28 ./Drivers/STM32L1xx_HAL_Driver/Src/stm32l1xx_hal_rcc.o
                0x0800277c                HAL_RCC_GetPCLK2Freq
 .text.RCC_SetFlashLatencyFromMSIRange
                0x080027a4       0xc0 ./Drivers/STM32L1xx_HAL_Driver/Src/stm32l1xx_hal_rcc.o
 .text.HAL_UART_Init
                0x08002864       0xa0 ./Drivers/STM32L1xx_HAL_Driver/Src/stm32l1xx_hal_uart.o
                0x08002864                HAL_UART_Init
 .text.HAL_UART_Transmit
                0x08002904      0x116 ./Drivers/STM32L1xx_HAL_Driver/Src/stm32l1xx_hal_uart.o
                0x08002904                HAL_UART_Transmit
 .text.HAL_UART_Receive
                0x08002a1a      0x12e ./Drivers/STM32L1xx_HAL_Driver/Src/stm32l1xx_hal_uart.o
                0x08002a1a                HAL_UART_Receive
 .text.HAL_UART_Receive_IT
                0x08002b48       0x4a ./Drivers/STM32L1xx_HAL_Driver/Src/stm32l1xx_hal_uart.o
                0x08002b48                HAL_UART_Receive_IT
 *fill*         0x08002b92        0x2 
 .text.HAL_UART_IRQHandler
                0x08002b94      0x550 ./Drivers/STM32L1xx_HAL_Driver/Src/stm32l1xx_hal_uart.o
                0x08002b94                HAL_UART_IRQHandler
 .text.HAL_UART_TxCpltCallback
                0x080030e4       0x12 ./Drivers/STM32L1xx_HAL_Driver/Src/stm32l1xx_hal_uart.o
                0x080030e4                HAL_UART_TxCpltCallback
 .text.HAL_UART_ErrorCallback
                0x080030f6       0x12 ./Drivers/STM32L1xx_HAL_Driver/Src/stm32l1xx_hal_uart.o
                0x080030f6                HAL_UART_ErrorCallback
 .text.HAL_UARTEx_RxEventCallback
                0x08003108       0x16 ./Drivers/STM32L1xx_HAL_Driver/Src/stm32l1xx_hal_uart.o
                0x08003108                HAL_UARTEx_RxEventCallback
 .text.UART_WaitOnFlagUntilTimeout
                0x0800311e       0xb2 ./Drivers/STM32L1xx_HAL_Driver/Src/stm32l1xx_hal_uart.o
 .text.UART_Start_Receive_IT
                0x080031d0       0x72 ./Drivers/STM32L1xx_HAL_Driver/Src/stm32l1xx_hal_uart.o
                0x080031d0                UART_Start_Receive_IT
 .text.UART_EndRxTransfer
                0x08003242       0xc4 ./Drivers/STM32L1xx_HAL_Driver/Src/stm32l1xx_hal_uart.o
 .text.UART_DMAAbortOnError
                0x08003306       0x22 ./Drivers/STM32L1xx_HAL_Driver/Src/stm32l1xx_hal_uart.o
 .text.UART_Transmit_IT
                0x08003328       0x9e ./Drivers/STM32L1xx_HAL_Driver/Src/stm32l1xx_hal_uart.o
 .text.UART_EndTransmit_IT
                0x080033c6       0x30 ./Drivers/STM32L1xx_HAL_Driver/Src/stm32l1xx_hal_uart.o
 .text.UART_Receive_IT
                0x080033f6      0x17c ./Drivers/STM32L1xx_HAL_Driver/Src/stm32l1xx_hal_uart.o
 *fill*         0x08003572        0x2 
 .text.UART_SetConfig
                0x08003574      0x1c8 ./Drivers/STM32L1xx_HAL_Driver/Src/stm32l1xx_hal_uart.o
 .text.memset   0x0800373c       0x10 C:/Users/sijan/STM32CubeIDE_2.1.1/STM32CubeIDE/plugins/com.st.stm32cube.ide.mcu.externaltools.gnu-tools-for-stm32.14.3.rel1.win32_1.0.100.202602081740/tools/bin/../lib/gcc/arm-none-eabi/14.3.1/../../../../arm-none-eabi/lib/thumb/v7-m/nofp\libc_nano.a(libc_a-memset.o)
                0x0800373c                memset
 .text.__libc_init_array
                0x0800374c       0x48 C:/Users/sijan/STM32CubeIDE_2.1.1/STM32CubeIDE/plugins/com.st.stm32cube.ide.mcu.externaltools.gnu-tools-for-stm32.14.3.rel1.win32_1.0.100.202602081740/tools/bin/../lib/gcc/arm-none-eabi/14.3.1/../../../../arm-none-eabi/lib/thumb/v7-m/nofp\libc_nano.a(libc_a-init.o)
                0x0800374c                __libc_init_array
 .text.memcpy   0x08003794       0x1c C:/Users/sijan/STM32CubeIDE_2.1.1/STM32CubeIDE/plugins/com.st.stm32cube.ide.mcu.externaltools.gnu-tools-for-stm32.14.3.rel1.win32_1.0.100.202602081740/tools/bin/../lib/gcc/arm-none-eabi/14.3.1/../../../../arm-none-eabi/lib/thumb/v7-m/nofp\libc_nano.a(libc_a-memcpy-stub.o)
                0x08003794                memcpy
 *(.glue_7)
 .glue_7        0x080037b0        0x0 linker stubs
 *(.glue_7t)
 .glue_7t       0x080037b0        0x0 linker stubs
 *(.eh_frame)
 .eh_frame      0x080037b0        0x0 C:/Users/sijan/STM32CubeIDE_2.1.1/STM32CubeIDE/plugins/com.st.stm32cube.ide.mcu.externaltools.gnu-tools-for-stm32.14.3.rel1.win32_1.0.100.202602081740/tools/bin/../lib/gcc/arm-none-eabi/14.3.1/thumb/v7-m/nofp/crtbegin.o
 *(.init)
 .init          0x080037b0        0x4 C:/Users/sijan/STM32CubeIDE_2.1.1/STM32CubeIDE/plugins/com.st.stm32cube.ide.mcu.externaltools.gnu-tools-for-stm32.14.3.rel1.win32_1.0.100.202602081740/tools/bin/../lib/gcc/arm-none-eabi/14.3.1/thumb/v7-m/nofp/crti.o
                0x080037b0                _init
 .init          0x080037b4        0x8 C:/Users/sijan/STM32CubeIDE_2.1.1/STM32CubeIDE/plugins/com.st.stm32cube.ide.mcu.externaltools.gnu-tools-for-stm32.14.3.rel1.win32_1.0.100.202602081740/tools/bin/../lib/gcc/arm-none-eabi/14.3.1/thumb/v7-m/nofp/crtn.o
 *(.fini)
 .fini          0x080037bc        0x4 C:/Users/sijan/STM32CubeIDE_2.1.1/STM32CubeIDE/plugins/com.st.stm32cube.ide.mcu.externaltools.gnu-tools-for-stm32.14.3.rel1.win32_1.0.100.202602081740/tools/bin/../lib/gcc/arm-none-eabi/14.3.1/thumb/v7-m/nofp/crti.o
                0x080037bc                _fini
 .fini          0x080037c0        0x8 C:/Users/sijan/STM32CubeIDE_2.1.1/STM32CubeIDE/plugins/com.st.stm32cube.ide.mcu.externaltools.gnu-tools-for-stm32.14.3.rel1.win32_1.0.100.202602081740/tools/bin/../lib/gcc/arm-none-eabi/14.3.1/thumb/v7-m/nofp/crtn.o
                0x080037c8                        . = ALIGN (0x4)
                0x080037c8                        _etext = .

.vfp11_veneer   0x080037c8        0x0
 .vfp11_veneer  0x080037c8        0x0 linker stubs

.v4_bx          0x080037c8        0x0
 .v4_bx         0x080037c8        0x0 linker stubs

.iplt           0x080037c8        0x0
 .iplt          0x080037c8        0x0 C:/Users/sijan/STM32CubeIDE_2.1.1/STM32CubeIDE/plugins/com.st.stm32cube.ide.mcu.externaltools.gnu-tools-for-stm32.14.3.rel1.win32_1.0.100.202602081740/tools/bin/../lib/gcc/arm-none-eabi/14.3.1/thumb/v7-m/nofp/crtbegin.o

.rodata         0x080037c8       0x24
                0x080037c8                        . = ALIGN (0x4)
 *(.rodata)
 *(.rodata*)
 .rodata.PLLMulTable
                0x080037c8        0x9 ./Core/Src/system_stm32l1xx.o
                0x080037c8                PLLMulTable
 *fill*         0x080037d1        0x3 
 .rodata.AHBPrescTable
                0x080037d4       0x10 ./Core/Src/system_stm32l1xx.o
                0x080037d4                AHBPrescTable
 .rodata.APBPrescTable
                0x080037e4        0x8 ./Core/Src/system_stm32l1xx.o
                0x080037e4                APBPrescTable
                0x080037ec                        . = ALIGN (0x4)

.ARM.extab      0x080037ec        0x0
                0x080037ec                        . = ALIGN (0x4)
 *(.ARM.extab* .gnu.linkonce.armextab.*)
                0x080037ec                        . = ALIGN (0x4)

.ARM            0x080037ec        0x8
                0x080037ec                        . = ALIGN (0x4)
                0x080037ec                        __exidx_start = .
 *(.ARM.exidx*)
 .ARM.exidx     0x080037ec        0x8 C:/Users/sijan/STM32CubeIDE_2.1.1/STM32CubeIDE/plugins/com.st.stm32cube.ide.mcu.externaltools.gnu-tools-for-stm32.14.3.rel1.win32_1.0.100.202602081740/tools/bin/../lib/gcc/arm-none-eabi/14.3.1/thumb/v7-m/nofp\libgcc.a(_udivmoddi4.o)
                0x080037f4                        __exidx_end = .
                0x080037f4                        . = ALIGN (0x4)

.preinit_array  0x080037f4        0x0
                0x080037f4                        . = ALIGN (0x4)
                0x080037f4                        PROVIDE (__preinit_array_start = .)
 *(.preinit_array*)
                0x080037f4                        PROVIDE (__preinit_array_end = .)
                0x080037f4                        . = ALIGN (0x4)

.init_array     0x080037f4        0x4
                0x080037f4                        . = ALIGN (0x4)
                0x080037f4                        PROVIDE (__init_array_start = .)
 *(SORT_BY_NAME(.init_array.*))
 *(.init_array*)
 .init_array    0x080037f4        0x4 C:/Users/sijan/STM32CubeIDE_2.1.1/STM32CubeIDE/plugins/com.st.stm32cube.ide.mcu.externaltools.gnu-tools-for-stm32.14.3.rel1.win32_1.0.100.202602081740/tools/bin/../lib/gcc/arm-none-eabi/14.3.1/thumb/v7-m/nofp/crtbegin.o
                0x080037f8                        PROVIDE (__init_array_end = .)
                0x080037f8                        . = ALIGN (0x4)

.fini_array     0x080037f8        0x4
                0x080037f8                        . = ALIGN (0x4)
                [!provide]                        PROVIDE (__fini_array_start = .)
 *(SORT_BY_NAME(.fini_array.*))
 *(.fini_array*)
 .fini_array    0x080037f8        0x4 C:/Users/sijan/STM32CubeIDE_2.1.1/STM32CubeIDE/plugins/com.st.stm32cube.ide.mcu.externaltools.gnu-tools-for-stm32.14.3.rel1.win32_1.0.100.202602081740/tools/bin/../lib/gcc/arm-none-eabi/14.3.1/thumb/v7-m/nofp/crtbegin.o
                [!provide]                        PROVIDE (__fini_array_end = .)
                0x080037fc                        . = ALIGN (0x4)
                0x080037fc                        _sidata = LOADADDR (.data)

.rel.dyn        0x080037fc        0x0
 .rel.iplt      0x080037fc        0x0 C:/Users/sijan/STM32CubeIDE_2.1.1/STM32CubeIDE/plugins/com.st.stm32cube.ide.mcu.externaltools.gnu-tools-for-stm32.14.3.rel1.win32_1.0.100.202602081740/tools/bin/../lib/gcc/arm-none-eabi/14.3.1/thumb/v7-m/nofp/crtbegin.o

.data           0x20000000        0xc load address 0x080037fc
                0x20000000                        . = ALIGN (0x4)
                0x20000000                        _sdata = .
 *(.data)
 *(.data*)
 .data.SystemCoreClock
                0x20000000        0x4 ./Core/Src/system_stm32l1xx.o
                0x20000000                SystemCoreClock
 .data.uwTickPrio
                0x20000004        0x4 ./Drivers/STM32L1xx_HAL_Driver/Src/stm32l1xx_hal.o
                0x20000004                uwTickPrio
 .data.uwTickFreq
                0x20000008        0x4 ./Drivers/STM32L1xx_HAL_Driver/Src/stm32l1xx_hal.o
                0x20000008                uwTickFreq
 *(.RamFunc)
 *(.RamFunc*)
                0x2000000c                        . = ALIGN (0x4)
                0x2000000c                        _edata = .

.igot.plt       0x2000000c        0x0 load address 0x08003808
 .igot.plt      0x2000000c        0x0 C:/Users/sijan/STM32CubeIDE_2.1.1/STM32CubeIDE/plugins/com.st.stm32cube.ide.mcu.externaltools.gnu-tools-for-stm32.14.3.rel1.win32_1.0.100.202602081740/tools/bin/../lib/gcc/arm-none-eabi/14.3.1/thumb/v7-m/nofp/crtbegin.o
                0x2000000c                        . = ALIGN (0x4)

.bss            0x2000000c      0x16c load address 0x08003808
                0x2000000c                        _sbss = .
                0x2000000c                        __bss_start__ = _sbss
 *(.bss)
 .bss           0x2000000c       0x1c C:/Users/sijan/STM32CubeIDE_2.1.1/STM32CubeIDE/plugins/com.st.stm32cube.ide.mcu.externaltools.gnu-tools-for-stm32.14.3.rel1.win32_1.0.100.202602081740/tools/bin/../lib/gcc/arm-none-eabi/14.3.1/thumb/v7-m/nofp/crtbegin.o
 *(.bss*)
 .bss.huart1    0x20000028       0x48 ./Core/Src/main.o
                0x20000028                huart1
 .bss.huart2    0x20000070       0x48 ./Core/Src/main.o
                0x20000070                huart2
 .bss.huart3    0x200000b8       0x48 ./Core/Src/main.o
                0x200000b8                huart3
 .bss.s_last_telemetry_poll_tick
                0x20000100        0x4 ./Core/Src/main.o
 .bss.s_huart   0x20000104        0x4 ./Core/Src/protocol.o
 .bss.s_rx_byte
                0x20000108        0x1 ./Core/Src/protocol.o
 .bss.s_rx_state
                0x20000109        0x1 ./Core/Src/protocol.o
 .bss.s_rx_len  0x2000010a        0x1 ./Core/Src/protocol.o
 .bss.s_rx_idx  0x2000010b        0x1 ./Core/Src/protocol.o
 .bss.s_rx_buf  0x2000010c       0x19 ./Core/Src/protocol.o
 *fill*         0x20000125        0x1 
 .bss.s_rx_crc  0x20000126        0x2 ./Core/Src/protocol.o
 .bss.s_frame_ready
                0x20000128        0x1 ./Core/Src/protocol.o
 .bss.s_frame_cmd
                0x20000129        0x1 ./Core/Src/protocol.o
 *fill*         0x2000012a        0x2 
 .bss.s_frame_payload
                0x2000012c       0x18 ./Core/Src/protocol.o
 .bss.s_frame_payload_len
                0x20000144        0x1 ./Core/Src/protocol.o
 *fill*         0x20000145        0x3 
 .bss.s_last_heartbeat_tick
                0x20000148        0x4 ./Core/Src/protocol.o
 .bss.s_estopped
                0x2000014c        0x1 ./Core/Src/protocol.o
 *fill*         0x2000014d        0x3 
 .bss.s_escs    0x20000150        0x8 ./Core/Src/wheel.o
 .bss.s_commanded_permille
                0x20000158        0x4 ./Core/Src/wheel.o
 .bss.s_telemetry
                0x2000015c       0x18 ./Core/Src/wheel.o
 .bss.uwTick    0x20000174        0x4 ./Drivers/STM32L1xx_HAL_Driver/Src/stm32l1xx_hal.o
                0x20000174                uwTick
 *(COMMON)
                0x20000178                        . = ALIGN (0x4)
                0x20000178                        _ebss = .
                0x20000178                        __bss_end__ = _ebss

._user_heap_stack
                0x20000178      0x600 load address 0x08003808
                0x20000178                        . = ALIGN (0x8)
                [!provide]                        PROVIDE (end = .)
                0x20000178                        PROVIDE (_end = .)
                0x20000378                        . = (. + _Min_Heap_Size)
 *fill*         0x20000178      0x200 
                0x20000778                        . = (. + _Min_Stack_Size)
 *fill*         0x20000378      0x400 
                0x20000778                        . = ALIGN (0x8)

/DISCARD/
 libc.a(*)
 libm.a(*)
 libgcc.a(*)

.ARM.attributes
                0x00000000       0x29
 *(.ARM.attributes)
 .ARM.attributes
                0x00000000       0x1d C:/Users/sijan/STM32CubeIDE_2.1.1/STM32CubeIDE/plugins/com.st.stm32cube.ide.mcu.externaltools.gnu-tools-for-stm32.14.3.rel1.win32_1.0.100.202602081740/tools/bin/../lib/gcc/arm-none-eabi/14.3.1/thumb/v7-m/nofp/crti.o
 .ARM.attributes
                0x0000001d       0x2d C:/Users/sijan/STM32CubeIDE_2.1.1/STM32CubeIDE/plugins/com.st.stm32cube.ide.mcu.externaltools.gnu-tools-for-stm32.14.3.rel1.win32_1.0.100.202602081740/tools/bin/../lib/gcc/arm-none-eabi/14.3.1/thumb/v7-m/nofp/crtbegin.o
 .ARM.attributes
                0x0000004a       0x2d ./Core/Src/main.o
 .ARM.attributes
                0x00000077       0x2d ./Core/Src/protocol.o
 .ARM.attributes
                0x000000a4       0x2d ./Core/Src/stm32l1xx_hal_msp.o
 .ARM.attributes
                0x000000d1       0x2d ./Core/Src/stm32l1xx_it.o
 .ARM.attributes
                0x000000fe       0x2d ./Core/Src/system_stm32l1xx.o
 .ARM.attributes
                0x0000012b       0x2d ./Core/Src/vesc.o
 .ARM.attributes
                0x00000158       0x2d ./Core/Src/wheel.o
 .ARM.attributes
                0x00000185       0x21 ./Core/Startup/startup_stm32l152retx.o
 .ARM.attributes
                0x000001a6       0x2d ./Drivers/STM32L1xx_HAL_Driver/Src/stm32l1xx_hal.o
 .ARM.attributes
                0x000001d3       0x2d ./Drivers/STM32L1xx_HAL_Driver/Src/stm32l1xx_hal_cortex.o
 .ARM.attributes
                0x00000200       0x2d ./Drivers/STM32L1xx_HAL_Driver/Src/stm32l1xx_hal_dma.o
 .ARM.attributes
                0x0000022d       0x2d ./Drivers/STM32L1xx_HAL_Driver/Src/stm32l1xx_hal_gpio.o
 .ARM.attributes
                0x0000025a       0x2d ./Drivers/STM32L1xx_HAL_Driver/Src/stm32l1xx_hal_rcc.o
 .ARM.attributes
                0x00000287       0x2d ./Drivers/STM32L1xx_HAL_Driver/Src/stm32l1xx_hal_uart.o
 .ARM.attributes
                0x000002b4       0x2d C:/Users/sijan/STM32CubeIDE_2.1.1/STM32CubeIDE/plugins/com.st.stm32cube.ide.mcu.externaltools.gnu-tools-for-stm32.14.3.rel1.win32_1.0.100.202602081740/tools/bin/../lib/gcc/arm-none-eabi/14.3.1/../../../../arm-none-eabi/lib/thumb/v7-m/nofp\libc_nano.a(libc_a-memset.o)
 .ARM.attributes
                0x000002e1       0x2d C:/Users/sijan/STM32CubeIDE_2.1.1/STM32CubeIDE/plugins/com.st.stm32cube.ide.mcu.externaltools.gnu-tools-for-stm32.14.3.rel1.win32_1.0.100.202602081740/tools/bin/../lib/gcc/arm-none-eabi/14.3.1/../../../../arm-none-eabi/lib/thumb/v7-m/nofp\libc_nano.a(libc_a-init.o)
 .ARM.attributes
                0x0000030e       0x2d C:/Users/sijan/STM32CubeIDE_2.1.1/STM32CubeIDE/plugins/com.st.stm32cube.ide.mcu.externaltools.gnu-tools-for-stm32.14.3.rel1.win32_1.0.100.202602081740/tools/bin/../lib/gcc/arm-none-eabi/14.3.1/../../../../arm-none-eabi/lib/thumb/v7-m/nofp\libc_nano.a(libc_a-memcpy-stub.o)
 .ARM.attributes
                0x0000033b       0x1d C:/Users/sijan/STM32CubeIDE_2.1.1/STM32CubeIDE/plugins/com.st.stm32cube.ide.mcu.externaltools.gnu-tools-for-stm32.14.3.rel1.win32_1.0.100.202602081740/tools/bin/../lib/gcc/arm-none-eabi/14.3.1/thumb/v7-m/nofp\libgcc.a(_aeabi_uldivmod.o)
 .ARM.attributes
                0x00000358       0x2d C:/Users/sijan/STM32CubeIDE_2.1.1/STM32CubeIDE/plugins/com.st.stm32cube.ide.mcu.externaltools.gnu-tools-for-stm32.14.3.rel1.win32_1.0.100.202602081740/tools/bin/../lib/gcc/arm-none-eabi/14.3.1/thumb/v7-m/nofp\libgcc.a(_udivmoddi4.o)
 .ARM.attributes
                0x00000385       0x1d C:/Users/sijan/STM32CubeIDE_2.1.1/STM32CubeIDE/plugins/com.st.stm32cube.ide.mcu.externaltools.gnu-tools-for-stm32.14.3.rel1.win32_1.0.100.202602081740/tools/bin/../lib/gcc/arm-none-eabi/14.3.1/thumb/v7-m/nofp\libgcc.a(_dvmd_tls.o)
 .ARM.attributes
                0x000003a2       0x1d C:/Users/sijan/STM32CubeIDE_2.1.1/STM32CubeIDE/plugins/com.st.stm32cube.ide.mcu.externaltools.gnu-tools-for-stm32.14.3.rel1.win32_1.0.100.202602081740/tools/bin/../lib/gcc/arm-none-eabi/14.3.1/thumb/v7-m/nofp/crtn.o
OUTPUT(orio-stm-drivetrain.elf elf32-littlearm)
LOAD linker stubs
LOAD C:/Users/sijan/STM32CubeIDE_2.1.1/STM32CubeIDE/plugins/com.st.stm32cube.ide.mcu.externaltools.gnu-tools-for-stm32.14.3.rel1.win32_1.0.100.202602081740/tools/bin/../lib/gcc/arm-none-eabi/14.3.1/../../../../arm-none-eabi/lib/thumb/v7-m/nofp\libc.a
LOAD C:/Users/sijan/STM32CubeIDE_2.1.1/STM32CubeIDE/plugins/com.st.stm32cube.ide.mcu.externaltools.gnu-tools-for-stm32.14.3.rel1.win32_1.0.100.202602081740/tools/bin/../lib/gcc/arm-none-eabi/14.3.1/../../../../arm-none-eabi/lib/thumb/v7-m/nofp\libm.a
LOAD C:/Users/sijan/STM32CubeIDE_2.1.1/STM32CubeIDE/plugins/com.st.stm32cube.ide.mcu.externaltools.gnu-tools-for-stm32.14.3.rel1.win32_1.0.100.202602081740/tools/bin/../lib/gcc/arm-none-eabi/14.3.1/thumb/v7-m/nofp\libgcc.a

.debug_info     0x00000000     0x9386
 .debug_info    0x00000000      0xb8e ./Core/Src/main.o
 .debug_info    0x00000b8e      0xb57 ./Core/Src/protocol.o
 .debug_info    0x000016e5      0xa5e ./Core/Src/stm32l1xx_hal_msp.o
 .debug_info    0x00002143      0x61f ./Core/Src/stm32l1xx_it.o
 .debug_info    0x00002762      0x27c ./Core/Src/system_stm32l1xx.o
 .debug_info    0x000029de      0x93c ./Core/Src/vesc.o
 .debug_info    0x0000331a      0x765 ./Core/Src/wheel.o
 .debug_info    0x00003a7f       0x30 ./Core/Startup/startup_stm32l152retx.o
 .debug_info    0x00003aaf      0x6ef ./Drivers/STM32L1xx_HAL_Driver/Src/stm32l1xx_hal.o
 .debug_info    0x0000419e      0xce5 ./Drivers/STM32L1xx_HAL_Driver/Src/stm32l1xx_hal_cortex.o
 .debug_info    0x00004e83      0x6c7 ./Drivers/STM32L1xx_HAL_Driver/Src/stm32l1xx_hal_dma.o
 .debug_info    0x0000554a      0x5b2 ./Drivers/STM32L1xx_HAL_Driver/Src/stm32l1xx_hal_gpio.o
 .debug_info    0x00005afc      0x99b ./Drivers/STM32L1xx_HAL_Driver/Src/stm32l1xx_hal_rcc.o
 .debug_info    0x00006497     0x2eef ./Drivers/STM32L1xx_HAL_Driver/Src/stm32l1xx_hal_uart.o

.debug_abbrev   0x00000000     0x1c5c
 .debug_abbrev  0x00000000      0x2ae ./Core/Src/main.o
 .debug_abbrev  0x000002ae      0x268 ./Core/Src/protocol.o
 .debug_abbrev  0x00000516      0x1b2 ./Core/Src/stm32l1xx_hal_msp.o
 .debug_abbrev  0x000006c8      0x177 ./Core/Src/stm32l1xx_it.o
 .debug_abbrev  0x0000083f      0x11c ./Core/Src/system_stm32l1xx.o
 .debug_abbrev  0x0000095b      0x20a ./Core/Src/vesc.o
 .debug_abbrev  0x00000b65      0x1be ./Core/Src/wheel.o
 .debug_abbrev  0x00000d23       0x24 ./Core/Startup/startup_stm32l152retx.o
 .debug_abbrev  0x00000d47      0x275 ./Drivers/STM32L1xx_HAL_Driver/Src/stm32l1xx_hal.o
 .debug_abbrev  0x00000fbc      0x31c ./Drivers/STM32L1xx_HAL_Driver/Src/stm32l1xx_hal_cortex.o
 .debug_abbrev  0x000012d8      0x201 ./Drivers/STM32L1xx_HAL_Driver/Src/stm32l1xx_hal_dma.o
 .debug_abbrev  0x000014d9      0x1d4 ./Drivers/STM32L1xx_HAL_Driver/Src/stm32l1xx_hal_gpio.o
 .debug_abbrev  0x000016ad      0x2b8 ./Drivers/STM32L1xx_HAL_Driver/Src/stm32l1xx_hal_rcc.o
 .debug_abbrev  0x00001965      0x2f7 ./Drivers/STM32L1xx_HAL_Driver/Src/stm32l1xx_hal_uart.o

.debug_aranges  0x00000000      0x7c8
 .debug_aranges
                0x00000000       0x58 ./Core/Src/main.o
 .debug_aranges
                0x00000058       0x78 ./Core/Src/protocol.o
 .debug_aranges
                0x000000d0       0x30 ./Core/Src/stm32l1xx_hal_msp.o
 .debug_aranges
                0x00000100       0x78 ./Core/Src/stm32l1xx_it.o
 .debug_aranges
                0x00000178       0x28 ./Core/Src/system_stm32l1xx.o
 .debug_aranges
                0x000001a0       0x40 ./Core/Src/vesc.o
 .debug_aranges
                0x000001e0       0x48 ./Core/Src/wheel.o
 .debug_aranges
                0x00000228       0x28 ./Core/Startup/startup_stm32l152retx.o
 .debug_aranges
                0x00000250       0xe0 ./Drivers/STM32L1xx_HAL_Driver/Src/stm32l1xx_hal.o
 .debug_aranges
                0x00000330      0x128 ./Drivers/STM32L1xx_HAL_Driver/Src/stm32l1xx_hal_cortex.o
 .debug_aranges
                0x00000458       0x80 ./Drivers/STM32L1xx_HAL_Driver/Src/stm32l1xx_hal_dma.o
 .debug_aranges
                0x000004d8       0x58 ./Drivers/STM32L1xx_HAL_Driver/Src/stm32l1xx_hal_gpio.o
 .debug_aranges
                0x00000530       0x90 ./Drivers/STM32L1xx_HAL_Driver/Src/stm32l1xx_hal_rcc.o
 .debug_aranges
                0x000005c0      0x208 ./Drivers/STM32L1xx_HAL_Driver/Src/stm32l1xx_hal_uart.o

.debug_rnglists
                0x00000000      0x5e9
 .debug_rnglists
                0x00000000       0x3f ./Core/Src/main.o
 .debug_rnglists
                0x0000003f       0x5a ./Core/Src/protocol.o
 .debug_rnglists
                0x00000099       0x21 ./Core/Src/stm32l1xx_hal_msp.o
 .debug_rnglists
                0x000000ba       0x55 ./Core/Src/stm32l1xx_it.o
 .debug_rnglists
                0x0000010f       0x1a ./Core/Src/system_stm32l1xx.o
 .debug_rnglists
                0x00000129       0x2e ./Core/Src/vesc.o
 .debug_rnglists
                0x00000157       0x31 ./Core/Src/wheel.o
 .debug_rnglists
                0x00000188       0x19 ./Core/Startup/startup_stm32l152retx.o
 .debug_rnglists
                0x000001a1       0xa3 ./Drivers/STM32L1xx_HAL_Driver/Src/stm32l1xx_hal.o
 .debug_rnglists
                0x00000244       0xd9 ./Drivers/STM32L1xx_HAL_Driver/Src/stm32l1xx_hal_cortex.o
 .debug_rnglists
                0x0000031d       0x64 ./Drivers/STM32L1xx_HAL_Driver/Src/stm32l1xx_hal_dma.o
 .debug_rnglists
                0x00000381       0x3f ./Drivers/STM32L1xx_HAL_Driver/Src/stm32l1xx_hal_gpio.o
 .debug_rnglists
                0x000003c0       0x6d ./Drivers/STM32L1xx_HAL_Driver/Src/stm32l1xx_hal_rcc.o
 .debug_rnglists
                0x0000042d      0x1bc ./Drivers/STM32L1xx_HAL_Driver/Src/stm32l1xx_hal_uart.o

.debug_macro    0x00000000    0x15aad
 .debug_macro   0x00000000      0x1cd ./Core/Src/main.o
 .debug_macro   0x000001cd      0xacc ./Core/Src/main.o
 .debug_macro   0x00000c99      0x109 ./Core/Src/main.o
 .debug_macro   0x00000da2       0x2e ./Core/Src/main.o
 .debug_macro   0x00000dd0       0x22 ./Core/Src/main.o
 .debug_macro   0x00000df2       0x22 ./Core/Src/main.o
 .debug_macro   0x00000e14       0x8e ./Core/Src/main.o
 .debug_macro   0x00000ea2       0x51 ./Core/Src/main.o
 .debug_macro   0x00000ef3      0x103 ./Core/Src/main.o
 .debug_macro   0x00000ff6       0x6a ./Core/Src/main.o
 .debug_macro   0x00001060      0x1df ./Core/Src/main.o
 .debug_macro   0x0000123f       0x1c ./Core/Src/main.o
 .debug_macro   0x0000125b       0x22 ./Core/Src/main.o
 .debug_macro   0x0000127d       0xbd ./Core/Src/main.o
 .debug_macro   0x0000133a      0xe49 ./Core/Src/main.o
 .debug_macro   0x00002183      0x11f ./Core/Src/main.o
 .debug_macro   0x000022a2     0xb7a1 ./Core/Src/main.o
 .debug_macro   0x0000da43       0x6d ./Core/Src/main.o
 .debug_macro   0x0000dab0     0x34e1 ./Core/Src/main.o
 .debug_macro   0x00010f91      0x190 ./Core/Src/main.o
 .debug_macro   0x00011121       0x5b ./Core/Src/main.o
 .debug_macro   0x0001117c      0xe37 ./Core/Src/main.o
 .debug_macro   0x00011fb3      0x35b ./Core/Src/main.o
 .debug_macro   0x0001230e      0x1b8 ./Core/Src/main.o
 .debug_macro   0x000124c6       0xc5 ./Core/Src/main.o
 .debug_macro   0x0001258b      0x21e ./Core/Src/main.o
 .debug_macro   0x000127a9      0x236 ./Core/Src/main.o
 .debug_macro   0x000129df      0x115 ./Core/Src/main.o
 .debug_macro   0x00012af4      0x567 ./Core/Src/main.o
 .debug_macro   0x0001305b      0x1e9 ./Core/Src/main.o
 .debug_macro   0x00013244       0x22 ./Core/Src/main.o
 .debug_macro   0x00013266      0x2aa ./Core/Src/main.o
 .debug_macro   0x00013510      0x170 ./Core/Src/main.o
 .debug_macro   0x00013680      0x492 ./Core/Src/main.o
 .debug_macro   0x00013b12       0x88 ./Core/Src/main.o
 .debug_macro   0x00013b9a       0x1c ./Core/Src/main.o
 .debug_macro   0x00013bb6      0x286 ./Core/Src/protocol.o
 .debug_macro   0x00013e3c       0x5b ./Core/Src/protocol.o
 .debug_macro   0x00013e97       0x24 ./Core/Src/protocol.o
 .debug_macro   0x00013ebb       0x94 ./Core/Src/protocol.o
 .debug_macro   0x00013f4f       0x43 ./Core/Src/protocol.o
 .debug_macro   0x00013f92       0x34 ./Core/Src/protocol.o
 .debug_macro   0x00013fc6       0x57 ./Core/Src/protocol.o
 .debug_macro   0x0001401d      0x364 ./Core/Src/protocol.o
 .debug_macro   0x00014381       0x16 ./Core/Src/protocol.o
 .debug_macro   0x00014397       0x4a ./Core/Src/protocol.o
 .debug_macro   0x000143e1       0x34 ./Core/Src/protocol.o
 .debug_macro   0x00014415       0x10 ./Core/Src/protocol.o
 .debug_macro   0x00014425       0x58 ./Core/Src/protocol.o
 .debug_macro   0x0001447d       0x8e ./Core/Src/protocol.o
 .debug_macro   0x0001450b       0x1c ./Core/Src/protocol.o
 .debug_macro   0x00014527      0x17e ./Core/Src/protocol.o
 .debug_macro   0x000146a5       0x10 ./Core/Src/protocol.o
 .debug_macro   0x000146b5       0x3c ./Core/Src/protocol.o
 .debug_macro   0x000146f1       0x20 ./Core/Src/protocol.o
 .debug_macro   0x00014711       0x55 ./Core/Src/protocol.o
 .debug_macro   0x00014766       0x16 ./Core/Src/protocol.o
 .debug_macro   0x0001477c      0x1aa ./Core/Src/stm32l1xx_hal_msp.o
 .debug_macro   0x00014926      0x1b4 ./Core/Src/stm32l1xx_it.o
 .debug_macro   0x00014ada      0x19b ./Core/Src/system_stm32l1xx.o
 .debug_macro   0x00014c75      0x2a9 ./Core/Src/vesc.o
 .debug_macro   0x00014f1e      0x1af ./Core/Src/wheel.o
 .debug_macro   0x000150cd      0x1bf ./Drivers/STM32L1xx_HAL_Driver/Src/stm32l1xx_hal.o
 .debug_macro   0x0001528c      0x19b ./Drivers/STM32L1xx_HAL_Driver/Src/stm32l1xx_hal_cortex.o
 .debug_macro   0x00015427      0x19b ./Drivers/STM32L1xx_HAL_Driver/Src/stm32l1xx_hal_dma.o
 .debug_macro   0x000155c2      0x1a2 ./Drivers/STM32L1xx_HAL_Driver/Src/stm32l1xx_hal_gpio.o
 .debug_macro   0x00015764      0x1ad ./Drivers/STM32L1xx_HAL_Driver/Src/stm32l1xx_hal_rcc.o
 .debug_macro   0x00015911      0x19c ./Drivers/STM32L1xx_HAL_Driver/Src/stm32l1xx_hal_uart.o

.debug_line     0x00000000     0xa12d
 .debug_line    0x00000000      0x8ba ./Core/Src/main.o
 .debug_line    0x000008ba      0xcca ./Core/Src/protocol.o
 .debug_line    0x00001584      0x7ae ./Core/Src/stm32l1xx_hal_msp.o
 .debug_line    0x00001d32      0x7ea ./Core/Src/stm32l1xx_it.o
 .debug_line    0x0000251c      0x794 ./Core/Src/system_stm32l1xx.o
 .debug_line    0x00002cb0      0xb80 ./Core/Src/vesc.o
 .debug_line    0x00003830      0x778 ./Core/Src/wheel.o
 .debug_line    0x00003fa8       0x79 ./Core/Startup/startup_stm32l152retx.o
 .debug_line    0x00004021      0x9c2 ./Drivers/STM32L1xx_HAL_Driver/Src/stm32l1xx_hal.o
 .debug_line    0x000049e3      0xc8e ./Drivers/STM32L1xx_HAL_Driver/Src/stm32l1xx_hal_cortex.o
 .debug_line    0x00005671      0xc25 ./Drivers/STM32L1xx_HAL_Driver/Src/stm32l1xx_hal_dma.o
 .debug_line    0x00006296      0xa00 ./Drivers/STM32L1xx_HAL_Driver/Src/stm32l1xx_hal_gpio.o
 .debug_line    0x00006c96      0xf83 ./Drivers/STM32L1xx_HAL_Driver/Src/stm32l1xx_hal_rcc.o
 .debug_line    0x00007c19     0x2514 ./Drivers/STM32L1xx_HAL_Driver/Src/stm32l1xx_hal_uart.o

.debug_str      0x00000000    0x85462
 .debug_str     0x00000000    0x85462 ./Core/Src/main.o
                              0x80815 (size before relaxing)
 .debug_str     0x00085462    0x83701 ./Core/Src/protocol.o
 .debug_str     0x00085462    0x80883 ./Core/Src/stm32l1xx_hal_msp.o
 .debug_str     0x00085462    0x804a0 ./Core/Src/stm32l1xx_it.o
 .debug_str     0x00085462    0x7fe69 ./Core/Src/system_stm32l1xx.o
 .debug_str     0x00085462    0x83565 ./Core/Src/vesc.o
 .debug_str     0x00085462    0x802f8 ./Core/Src/wheel.o
 .debug_str     0x00085462       0x73 ./Core/Startup/startup_stm32l152retx.o
 .debug_str     0x00085462    0x80591 ./Drivers/STM32L1xx_HAL_Driver/Src/stm32l1xx_hal.o
 .debug_str     0x00085462    0x8069d ./Drivers/STM32L1xx_HAL_Driver/Src/stm32l1xx_hal_cortex.o
 .debug_str     0x00085462    0x801ee ./Drivers/STM32L1xx_HAL_Driver/Src/stm32l1xx_hal_dma.o
 .debug_str     0x00085462    0x7fffc ./Drivers/STM32L1xx_HAL_Driver/Src/stm32l1xx_hal_gpio.o
 .debug_str     0x00085462    0x80325 ./Drivers/STM32L1xx_HAL_Driver/Src/stm32l1xx_hal_rcc.o
 .debug_str     0x00085462    0x808ce ./Drivers/STM32L1xx_HAL_Driver/Src/stm32l1xx_hal_uart.o

.comment        0x00000000       0x43
 .comment       0x00000000       0x43 ./Core/Src/main.o
                                 0x44 (size before relaxing)
 .comment       0x00000043       0x44 ./Core/Src/protocol.o
 .comment       0x00000043       0x44 ./Core/Src/stm32l1xx_hal_msp.o
 .comment       0x00000043       0x44 ./Core/Src/stm32l1xx_it.o
 .comment       0x00000043       0x44 ./Core/Src/system_stm32l1xx.o
 .comment       0x00000043       0x44 ./Core/Src/vesc.o
 .comment       0x00000043       0x44 ./Core/Src/wheel.o
 .comment       0x00000043       0x44 ./Drivers/STM32L1xx_HAL_Driver/Src/stm32l1xx_hal.o
 .comment       0x00000043       0x44 ./Drivers/STM32L1xx_HAL_Driver/Src/stm32l1xx_hal_cortex.o
 .comment       0x00000043       0x44 ./Drivers/STM32L1xx_HAL_Driver/Src/stm32l1xx_hal_dma.o
 .comment       0x00000043       0x44 ./Drivers/STM32L1xx_HAL_Driver/Src/stm32l1xx_hal_gpio.o
 .comment       0x00000043       0x44 ./Drivers/STM32L1xx_HAL_Driver/Src/stm32l1xx_hal_rcc.o
 .comment       0x00000043       0x44 ./Drivers/STM32L1xx_HAL_Driver/Src/stm32l1xx_hal_uart.o

.debug_frame    0x00000000     0x1cc0
 .debug_frame   0x00000000      0x104 ./Core/Src/main.o
 .debug_frame   0x00000104      0x1b8 ./Core/Src/protocol.o
 .debug_frame   0x000002bc       0x7c ./Core/Src/stm32l1xx_hal_msp.o
 .debug_frame   0x00000338      0x14c ./Core/Src/stm32l1xx_it.o
 .debug_frame   0x00000484       0x50 ./Core/Src/system_stm32l1xx.o
 .debug_frame   0x000004d4       0xc8 ./Core/Src/vesc.o
 .debug_frame   0x0000059c       0xd0 ./Core/Src/wheel.o
 .debug_frame   0x0000066c      0x2ec ./Drivers/STM32L1xx_HAL_Driver/Src/stm32l1xx_hal.o
 .debug_frame   0x00000958      0x49c ./Drivers/STM32L1xx_HAL_Driver/Src/stm32l1xx_hal_cortex.o
 .debug_frame   0x00000df4      0x1e4 ./Drivers/STM32L1xx_HAL_Driver/Src/stm32l1xx_hal_dma.o
 .debug_frame   0x00000fd8      0x130 ./Drivers/STM32L1xx_HAL_Driver/Src/stm32l1xx_hal_gpio.o
 .debug_frame   0x00001108      0x208 ./Drivers/STM32L1xx_HAL_Driver/Src/stm32l1xx_hal_rcc.o
 .debug_frame   0x00001310      0x8dc ./Drivers/STM32L1xx_HAL_Driver/Src/stm32l1xx_hal_uart.o
 .debug_frame   0x00001bec       0x20 C:/Users/sijan/STM32CubeIDE_2.1.1/STM32CubeIDE/plugins/com.st.stm32cube.ide.mcu.externaltools.gnu-tools-for-stm32.14.3.rel1.win32_1.0.100.202602081740/tools/bin/../lib/gcc/arm-none-eabi/14.3.1/../../../../arm-none-eabi/lib/thumb/v7-m/nofp\libc_nano.a(libc_a-memset.o)
 .debug_frame   0x00001c0c       0x2c C:/Users/sijan/STM32CubeIDE_2.1.1/STM32CubeIDE/plugins/com.st.stm32cube.ide.mcu.externaltools.gnu-tools-for-stm32.14.3.rel1.win32_1.0.100.202602081740/tools/bin/../lib/gcc/arm-none-eabi/14.3.1/../../../../arm-none-eabi/lib/thumb/v7-m/nofp\libc_nano.a(libc_a-init.o)
 .debug_frame   0x00001c38       0x28 C:/Users/sijan/STM32CubeIDE_2.1.1/STM32CubeIDE/plugins/com.st.stm32cube.ide.mcu.externaltools.gnu-tools-for-stm32.14.3.rel1.win32_1.0.100.202602081740/tools/bin/../lib/gcc/arm-none-eabi/14.3.1/../../../../arm-none-eabi/lib/thumb/v7-m/nofp\libc_nano.a(libc_a-memcpy-stub.o)
 .debug_frame   0x00001c60       0x2c C:/Users/sijan/STM32CubeIDE_2.1.1/STM32CubeIDE/plugins/com.st.stm32cube.ide.mcu.externaltools.gnu-tools-for-stm32.14.3.rel1.win32_1.0.100.202602081740/tools/bin/../lib/gcc/arm-none-eabi/14.3.1/thumb/v7-m/nofp\libgcc.a(_aeabi_uldivmod.o)
 .debug_frame   0x00001c8c       0x34 C:/Users/sijan/STM32CubeIDE_2.1.1/STM32CubeIDE/plugins/com.st.stm32cube.ide.mcu.externaltools.gnu-tools-for-stm32.14.3.rel1.win32_1.0.100.202602081740/tools/bin/../lib/gcc/arm-none-eabi/14.3.1/thumb/v7-m/nofp\libgcc.a(_udivmoddi4.o)

.debug_line_str
                0x00000000       0x57
 .debug_line_str
                0x00000000       0x57 ./Core/Startup/startup_stm32l152retx.o
